
 RUN  v3.0.6 /Users/dibyanshukushwaha/.gemini/antigravity/scratch/headlamp_4409/frontend

11:44:16 AM [vite] (client) Failed to load source map for /Users/dibyanshukushwaha/.gemini/antigravity/scratch/headlamp_4409/frontend/node_modules/monaco-editor/esm/vs/base/common/marked/marked.js.
Error: An error occurred while trying to read the map file at marked.umd.js.map
Error: ENOENT: no such file or directory, open '/Users/dibyanshukushwaha/.gemini/antigravity/scratch/headlamp_4409/frontend/node_modules/monaco-editor/esm/vs/base/common/marked/marked.umd.js.map'
    at async open (node:internal/fs/promises:633:25)
    at async Object.readFile (node:internal/fs/promises:1237:14)
    at async extractSourcemapFromFile (file:///Users/dibyanshukushwaha/.gemini/antigravity/scratch/headlamp_4409/frontend/node_modules/vite/dist/node/chunks/dep-D4NMHUTW.js:11154:53)
    at async loadAndTransform (file:///Users/dibyanshukushwaha/.gemini/antigravity/scratch/headlamp_4409/frontend/node_modules/vite/dist/node/chunks/dep-D4NMHUTW.js:35701:27)
stderr | src/storybook.test.tsx
Error: Not implemented: HTMLCanvasElement.prototype.getContext (without installing the canvas npm package)
    at module.exports (/Users/dibyanshukushwaha/.gemini/antigravity/scratch/headlamp_4409/frontend/node_modules/jsdom/lib/jsdom/browser/not-implemented.js:9:17)
    at HTMLCanvasElementImpl.getContext (/Users/dibyanshukushwaha/.gemini/antigravity/scratch/headlamp_4409/frontend/node_modules/jsdom/lib/jsdom/living/nodes/HTMLCanvasElement-impl.js:42:5)
    at HTMLCanvasElement.getContext (/Users/dibyanshukushwaha/.gemini/antigravity/scratch/headlamp_4409/frontend/node_modules/jsdom/lib/jsdom/living/generated/HTMLCanvasElement.js:131:58)
    at /Users/dibyanshukushwaha/.gemini/antigravity/scratch/headlamp_4409/frontend/node_modules/@xterm/xterm/lib/webpack:/@xterm/xterm/src/common/Color.ts:127:24
    at Object.call (/Users/dibyanshukushwaha/.gemini/antigravity/scratch/headlamp_4409/frontend/node_modules/@xterm/xterm/lib/webpack:/@xterm/xterm/src/common/Color.ts:118:1)
    at i (/Users/dibyanshukushwaha/.gemini/antigravity/scratch/headlamp_4409/frontend/node_modules/@xterm/xterm/lib/webpack:/@xterm/xterm/webpack/bootstrap:19:32)
    at Object.call (/Users/dibyanshukushwaha/.gemini/antigravity/scratch/headlamp_4409/frontend/node_modules/@xterm/xterm/lib/webpack:/@xterm/xterm/src/browser/renderer/dom/DomRendererRowFactory.ts:11:1)
    at i (/Users/dibyanshukushwaha/.gemini/antigravity/scratch/headlamp_4409/frontend/node_modules/@xterm/xterm/lib/webpack:/@xterm/xterm/webpack/bootstrap:19:32)
    at Object.call (/Users/dibyanshukushwaha/.gemini/antigravity/scratch/headlamp_4409/frontend/node_modules/@xterm/xterm/lib/webpack:/@xterm/xterm/src/browser/renderer/dom/DomRenderer.ts:6:1)
    at i (/Users/dibyanshukushwaha/.gemini/antigravity/scratch/headlamp_4409/frontend/node_modules/@xterm/xterm/lib/webpack:/@xterm/xterm/webpack/bootstrap:19:32) [90mundefined[39m

stderr | src/storybook.test.tsx > Storybook Tests > home/RecentClusters > OneExistingCluster
Warning: Function components cannot be given refs. Attempts to access this ref will fail. Did you mean to use React.forwardRef()?

Check the render method of `ClusterButton`.
    at SquareButton (/Users/dibyanshukushwaha/.gemini/antigravity/scratch/headlamp_4409/frontend/src/components/App/Home/SquareButton.tsx:17:11)
    at ClusterButton (/Users/dibyanshukushwaha/.gemini/antigravity/scratch/headlamp_4409/frontend/src/components/App/Home/RecentClusters.tsx:28:11)
    at div
    at /Users/dibyanshukushwaha/.gemini/antigravity/scratch/headlamp_4409/frontend/node_modules/@emotion/react/dist/emotion-element-9150ebbd.development.cjs.js:75:23
    at Grid (/Users/dibyanshukushwaha/.gemini/antigravity/scratch/headlamp_4409/frontend/node_modules/@mui/material/node/Grid/Grid.js:381:64)
    at div
    at /Users/dibyanshukushwaha/.gemini/antigravity/scratch/headlamp_4409/frontend/node_modules/@emotion/react/dist/emotion-element-9150ebbd.development.cjs.js:75:23
    at Grid (/Users/dibyanshukushwaha/.gemini/antigravity/scratch/headlamp_4409/frontend/node_modules/@mui/material/node/Grid/Grid.js:381:64)
    at RecentClusters (/Users/dibyanshukushwaha/.gemini/antigravity/scratch/headlamp_4409/frontend/src/components/App/Home/RecentClusters.tsx:49:11)
    at hookified (file:///Users/dibyanshukushwaha/.gemini/antigravity/scratch/headlamp_4409/frontend/node_modules/storybook/dist/preview-api/index.js:1979:18)
    at DefaultPropsProvider (/Users/dibyanshukushwaha/.gemini/antigravity/scratch/headlamp_4409/frontend/node_modules/@mui/system/DefaultPropsProvider/DefaultPropsProvider.js:18:3)
    at RtlProvider (/Users/dibyanshukushwaha/.gemini/antigravity/scratch/headlamp_4409/frontend/node_modules/@mui/system/RtlProvider/index.js:19:7)
    at ThemeProvider (/Users/dibyanshukushwaha/.gemini/antigravity/scratch/headlamp_4409/frontend/node_modules/@mui/private-theming/node/ThemeProvider/ThemeProvider.js:39:5)
    at ThemeProvider (/Users/dibyanshukushwaha/.gemini/antigravity/scratch/headlamp_4409/frontend/node_modules/@mui/system/ThemeProvider/ThemeProvider.js:52:5)
    at ThemeProvider (/Users/dibyanshukushwaha/.gemini/antigravity/scratch/headlamp_4409/frontend/node_modules/@mui/material/node/styles/ThemeProvider.js:21:14)
    at QueryClientProvider (file:///Users/dibyanshukushwaha/.gemini/antigravity/scratch/headlamp_4409/frontend/node_modules/@tanstack/react-query/build/modern/QueryClientProvider.js:20:3)
    at unboundStoryFn (file:///Users/dibyanshukushwaha/.gemini/antigravity/scratch/headlamp_4409/frontend/node_modules/storybook/dist/preview-api/index.js:2896:109)

stderr | src/storybook.test.tsx > Storybook Tests > Home/Home > Base
WebSocket error: Event { isTrusted: [36m[Getter][39m }

stderr | src/storybook.test.tsx > Storybook Tests > Home/Home > LoadingClusters
WebSocket error: Event { isTrusted: [36m[Getter][39m }

stderr | src/storybook.test.tsx > Storybook Tests > Home/Home > LoadingClusters
WebSocket error: Event { isTrusted: [36m[Getter][39m }

stderr | src/storybook.test.tsx > Storybook Tests > Home/Home > LoadingClusters
WebSocket error: Event { isTrusted: [36m[Getter][39m }

stderr | src/storybook.test.tsx > Storybook Tests > Home/Home > LoadingClusters
WebSocket error: Event { isTrusted: [36m[Getter][39m }

stderr | src/storybook.test.tsx > Storybook Tests > Home/Home > LoadingClusters
WebSocket error: Event { isTrusted: [36m[Getter][39m }

stderr | src/storybook.test.tsx > Storybook Tests > App/Layout > Default
WebSocket error: Event { isTrusted: [36m[Getter][39m }

stderr | src/storybook.test.tsx > Storybook Tests > App/Layout > WithClusterRoute
WebSocket error: Event { isTrusted: [36m[Getter][39m }

stderr | src/storybook.test.tsx > Storybook Tests > App/Layout > ErrorState
Unable to parse error json at url: http://localhost:4466/config {
  err: SyntaxError: Unexpected end of JSON input
      at JSON.parse (<anonymous>)
  [90m    at parseJSONFromBytes (node:internal/deps/undici/undici:5738:19)[39m
  [90m    at successSteps (node:internal/deps/undici/undici:5719:27)[39m
  [90m    at consumeBody (node:internal/deps/undici/undici:5725:9)[39m
  [90m    at Response.json (node:internal/deps/undici/undici:5665:18)[39m
      at clusterRequest [90m(/Users/dibyanshukushwaha/.gemini/antigravity/scratch/headlamp_4409/frontend/[39msrc/lib/k8s/api/v1/clusterRequests.ts:200:37[90m)[39m
} with request data: { signal: AbortSignal {}, credentials: [32m'include'[39m, headers: {} }

stderr | src/storybook.test.tsx > Storybook Tests > App/Layout > ErrorState
WebSocket error: Event { isTrusted: [36m[Getter][39m }

stderr | src/storybook.test.tsx > Storybook Tests > App/Layout > MultiCluster
WebSocket error: Event { isTrusted: [36m[Getter][39m }

stderr | src/storybook.test.tsx > Storybook Tests > Notifications > WithUnreadNotifications
Warning: Failed prop type: Invalid prop `children` supplied to `ForwardRef(Tooltip)`. Expected an element that can hold a ref. Did you accidentally use a plain function component for an element instead? For more information see https://mui.com/r/caveat-with-refs-guide
    at Tooltip (/Users/dibyanshukushwaha/.gemini/antigravity/scratch/headlamp_4409/frontend/node_modules/@mui/material/node/Tooltip/Tooltip.js:228:59)
    at Notifications (/Users/dibyanshukushwaha/.gemini/antigravity/scratch/headlamp_4409/frontend/src/components/App/Notifications/Notifications.tsx:209:70)
    at hookified (file:///Users/dibyanshukushwaha/.gemini/antigravity/scratch/headlamp_4409/frontend/node_modules/storybook/dist/preview-api/index.js:1979:18)
    at Provider (file:///Users/dibyanshukushwaha/.gemini/antigravity/scratch/headlamp_4409/frontend/node_modules/react-redux/dist/react-redux.mjs:1036:3)
    at Router (/Users/dibyanshukushwaha/.gemini/antigravity/scratch/headlamp_4409/frontend/node_modules/react-router/cjs/react-router.js:283:30)
    at MemoryRouter (/Users/dibyanshukushwaha/.gemini/antigravity/scratch/headlamp_4409/frontend/node_modules/react-router/cjs/react-router.js:385:35)
    at DefaultPropsProvider (/Users/dibyanshukushwaha/.gemini/antigravity/scratch/headlamp_4409/frontend/node_modules/@mui/system/DefaultPropsProvider/DefaultPropsProvider.js:18:3)
    at RtlProvider (/Users/dibyanshukushwaha/.gemini/antigravity/scratch/headlamp_4409/frontend/node_modules/@mui/system/RtlProvider/index.js:19:7)
    at ThemeProvider (/Users/dibyanshukushwaha/.gemini/antigravity/scratch/headlamp_4409/frontend/node_modules/@mui/private-theming/node/ThemeProvider/ThemeProvider.js:39:5)
    at ThemeProvider (/Users/dibyanshukushwaha/.gemini/antigravity/scratch/headlamp_4409/frontend/node_modules/@mui/system/ThemeProvider/ThemeProvider.js:52:5)
    at ThemeProvider (/Users/dibyanshukushwaha/.gemini/antigravity/scratch/headlamp_4409/frontend/node_modules/@mui/material/node/styles/ThemeProvider.js:21:14)
    at QueryClientProvider (file:///Users/dibyanshukushwaha/.gemini/antigravity/scratch/headlamp_4409/frontend/node_modules/@tanstack/react-query/build/modern/QueryClientProvider.js:20:3)
    at unboundStoryFn (file:///Users/dibyanshukushwaha/.gemini/antigravity/scratch/headlamp_4409/frontend/node_modules/storybook/dist/preview-api/index.js:2896:109)
Warning: Function components cannot be given refs. Attempts to access this ref will fail. Did you mean to use React.forwardRef()?

Check the render method of `ForwardRef(Tooltip)`.
    at Icon
    at Tooltip (/Users/dibyanshukushwaha/.gemini/antigravity/scratch/headlamp_4409/frontend/node_modules/@mui/material/node/Tooltip/Tooltip.js:228:59)
    at span
    at /Users/dibyanshukushwaha/.gemini/antigravity/scratch/headlamp_4409/frontend/node_modules/@emotion/react/dist/emotion-element-9150ebbd.development.cjs.js:75:23
    at Badge (/Users/dibyanshukushwaha/.gemini/antigravity/scratch/headlamp_4409/frontend/node_modules/@mui/material/node/Badge/Badge.js:230:59)
    at button
    at /Users/dibyanshukushwaha/.gemini/antigravity/scratch/headlamp_4409/frontend/node_modules/@emotion/react/dist/emotion-element-9150ebbd.development.cjs.js:75:23
    at ButtonBase (/Users/dibyanshukushwaha/.gemini/antigravity/scratch/headlamp_4409/frontend/node_modules/@mui/material/node/ButtonBase/ButtonBase.js:94:59)
    at /Users/dibyanshukushwaha/.gemini/antigravity/scratch/headlamp_4409/frontend/node_modules/@emotion/react/dist/emotion-element-9150ebbd.development.cjs.js:75:23
    at IconButton (/Users/dibyanshukushwaha/.gemini/antigravity/scratch/headlamp_4409/frontend/node_modules/@mui/material/node/IconButton/IconButton.js:113:59)
    at Notifications (/Users/dibyanshukushwaha/.gemini/antigravity/scratch/headlamp_4409/frontend/src/components/App/Notifications/Notifications.tsx:209:70)
    at hookified (file:///Users/dibyanshukushwaha/.gemini/antigravity/scratch/headlamp_4409/frontend/node_modules/storybook/dist/preview-api/index.js:1979:18)
    at Provider (file:///Users/dibyanshukushwaha/.gemini/antigravity/scratch/headlamp_4409/frontend/node_modules/react-redux/dist/react-redux.mjs:1036:3)
    at Router (/Users/dibyanshukushwaha/.gemini/antigravity/scratch/headlamp_4409/frontend/node_modules/react-router/cjs/react-router.js:283:30)
    at MemoryRouter (/Users/dibyanshukushwaha/.gemini/antigravity/scratch/headlamp_4409/frontend/node_modules/react-router/cjs/react-router.js:385:35)
    at DefaultPropsProvider (/Users/dibyanshukushwaha/.gemini/antigravity/scratch/headlamp_4409/frontend/node_modules/@mui/system/DefaultPropsProvider/DefaultPropsProvider.js:18:3)
    at RtlProvider (/Users/dibyanshukushwaha/.gemini/antigravity/scratch/headlamp_4409/frontend/node_modules/@mui/system/RtlProvider/index.js:19:7)
    at ThemeProvider (/Users/dibyanshukushwaha/.gemini/antigravity/scratch/headlamp_4409/frontend/node_modules/@mui/private-theming/node/ThemeProvider/ThemeProvider.js:39:5)
    at ThemeProvider (/Users/dibyanshukushwaha/.gemini/antigravity/scratch/headlamp_4409/frontend/node_modules/@mui/system/ThemeProvider/ThemeProvider.js:52:5)
    at ThemeProvider (/Users/dibyanshukushwaha/.gemini/antigravity/scratch/headlamp_4409/frontend/node_modules/@mui/material/node/styles/ThemeProvider.js:21:14)
    at QueryClientProvider (file:///Users/dibyanshukushwaha/.gemini/antigravity/scratch/headlamp_4409/frontend/node_modules/@tanstack/react-query/build/modern/QueryClientProvider.js:20:3)
    at unboundStoryFn (file:///Users/dibyanshukushwaha/.gemini/antigravity/scratch/headlamp_4409/frontend/node_modules/storybook/dist/preview-api/index.js:2896:109)

stderr | src/storybook.test.tsx > Storybook Tests > routes/RouteSwitcher > Default
Error: Uncaught { message: 'Oh no! I just crashed!', stack: 'Here is the stack trace' }
    at reportException (/Users/dibyanshukushwaha/.gemini/antigravity/scratch/headlamp_4409/frontend/node_modules/jsdom/lib/jsdom/living/helpers/runtime-script-errors.js:66:24)
    at innerInvokeEventListeners (/Users/dibyanshukushwaha/.gemini/antigravity/scratch/headlamp_4409/frontend/node_modules/jsdom/lib/jsdom/living/events/EventTarget-impl.js:353:9)
    at invokeEventListeners (/Users/dibyanshukushwaha/.gemini/antigravity/scratch/headlamp_4409/frontend/node_modules/jsdom/lib/jsdom/living/events/EventTarget-impl.js:286:3)
    at HTMLUnknownElementImpl._dispatch (/Users/dibyanshukushwaha/.gemini/antigravity/scratch/headlamp_4409/frontend/node_modules/jsdom/lib/jsdom/living/events/EventTarget-impl.js:233:9)
    at HTMLUnknownElementImpl.dispatchEvent (/Users/dibyanshukushwaha/.gemini/antigravity/scratch/headlamp_4409/frontend/node_modules/jsdom/lib/jsdom/living/events/EventTarget-impl.js:104:17)
    at HTMLUnknownElement.dispatchEvent (/Users/dibyanshukushwaha/.gemini/antigravity/scratch/headlamp_4409/frontend/node_modules/jsdom/lib/jsdom/living/generated/EventTarget.js:241:34)
    at Object.invokeGuardedCallbackDev (/Users/dibyanshukushwaha/.gemini/antigravity/scratch/headlamp_4409/frontend/node_modules/react-dom/cjs/react-dom.development.js:4213:16)
    at invokeGuardedCallback (/Users/dibyanshukushwaha/.gemini/antigravity/scratch/headlamp_4409/frontend/node_modules/react-dom/cjs/react-dom.development.js:4277:31)
    at beginWork$1 (/Users/dibyanshukushwaha/.gemini/antigravity/scratch/headlamp_4409/frontend/node_modules/react-dom/cjs/react-dom.development.js:27490:7)
    at performUnitOfWork (/Users/dibyanshukushwaha/.gemini/antigravity/scratch/headlamp_4409/frontend/node_modules/react-dom/cjs/react-dom.development.js:26599:12) { message: [32m'Oh no! I just crashed!'[39m, stack: [32m'Here is the stack trace'[39m }
Error: Uncaught { message: 'Oh no! I just crashed!', stack: 'Here is the stack trace' }
    at reportException (/Users/dibyanshukushwaha/.gemini/antigravity/scratch/headlamp_4409/frontend/node_modules/jsdom/lib/jsdom/living/helpers/runtime-script-errors.js:66:24)
    at innerInvokeEventListeners (/Users/dibyanshukushwaha/.gemini/antigravity/scratch/headlamp_4409/frontend/node_modules/jsdom/lib/jsdom/living/events/EventTarget-impl.js:353:9)
    at invokeEventListeners (/Users/dibyanshukushwaha/.gemini/antigravity/scratch/headlamp_4409/frontend/node_modules/jsdom/lib/jsdom/living/events/EventTarget-impl.js:286:3)
    at HTMLUnknownElementImpl._dispatch (/Users/dibyanshukushwaha/.gemini/antigravity/scratch/headlamp_4409/frontend/node_modules/jsdom/lib/jsdom/living/events/EventTarget-impl.js:233:9)
    at HTMLUnknownElementImpl.dispatchEvent (/Users/dibyanshukushwaha/.gemini/antigravity/scratch/headlamp_4409/frontend/node_modules/jsdom/lib/jsdom/living/events/EventTarget-impl.js:104:17)
    at HTMLUnknownElement.dispatchEvent (/Users/dibyanshukushwaha/.gemini/antigravity/scratch/headlamp_4409/frontend/node_modules/jsdom/lib/jsdom/living/generated/EventTarget.js:241:34)
    at Object.invokeGuardedCallbackDev (/Users/dibyanshukushwaha/.gemini/antigravity/scratch/headlamp_4409/frontend/node_modules/react-dom/cjs/react-dom.development.js:4213:16)
    at invokeGuardedCallback (/Users/dibyanshukushwaha/.gemini/antigravity/scratch/headlamp_4409/frontend/node_modules/react-dom/cjs/react-dom.development.js:4277:31)
    at beginWork$1 (/Users/dibyanshukushwaha/.gemini/antigravity/scratch/headlamp_4409/frontend/node_modules/react-dom/cjs/react-dom.development.js:27490:7)
    at performUnitOfWork (/Users/dibyanshukushwaha/.gemini/antigravity/scratch/headlamp_4409/frontend/node_modules/react-dom/cjs/react-dom.development.js:26599:12) { message: [32m'Oh no! I just crashed!'[39m, stack: [32m'Here is the stack trace'[39m }
The above error occurred in the <component> component:

    at component
    at ErrorBoundary (/Users/dibyanshukushwaha/.gemini/antigravity/scratch/headlamp_4409/frontend/src/components/common/ErrorBoundary/ErrorBoundary.tsx:16:5)
    at PageTitle (/Users/dibyanshukushwaha/.gemini/antigravity/scratch/headlamp_4409/frontend/src/components/App/RouteSwitcher.tsx:162:3)
    at RouteComponent (/Users/dibyanshukushwaha/.gemini/antigravity/scratch/headlamp_4409/frontend/src/components/App/RouteSwitcher.tsx:112:27)
    at Route (/Users/dibyanshukushwaha/.gemini/antigravity/scratch/headlamp_4409/frontend/node_modules/react-router/cjs/react-router.js:664:29)
    at AuthRoute (/Users/dibyanshukushwaha/.gemini/antigravity/scratch/headlamp_4409/frontend/src/components/App/RouteSwitcher.tsx:176:5)
    at Switch (/Users/dibyanshukushwaha/.gemini/antigravity/scratch/headlamp_4409/frontend/node_modules/react-router/cjs/react-router.js:866:29)
    at Suspense
    at RouteSwitcher (/Users/dibyanshukushwaha/.gemini/antigravity/scratch/headlamp_4409/frontend/src/components/App/RouteSwitcher.tsx:31:61)
    at Route (/Users/dibyanshukushwaha/.gemini/antigravity/scratch/headlamp_4409/frontend/node_modules/react-router/cjs/react-router.js:664:29)
    at Router (/Users/dibyanshukushwaha/.gemini/antigravity/scratch/headlamp_4409/frontend/node_modules/react-router/cjs/react-router.js:283:30)
    at MemoryRouter (/Users/dibyanshukushwaha/.gemini/antigravity/scratch/headlamp_4409/frontend/node_modules/react-router/cjs/react-router.js:385:35)
    at Provider (file:///Users/dibyanshukushwaha/.gemini/antigravity/scratch/headlamp_4409/frontend/node_modules/react-redux/dist/react-redux.mjs:1036:3)
    at TestContext (/Users/dibyanshukushwaha/.gemini/antigravity/scratch/headlamp_4409/frontend/src/test/index.tsx:15:11)
    at hookified (file:///Users/dibyanshukushwaha/.gemini/antigravity/scratch/headlamp_4409/frontend/node_modules/storybook/dist/preview-api/index.js:1979:18)
    at DefaultPropsProvider (/Users/dibyanshukushwaha/.gemini/antigravity/scratch/headlamp_4409/frontend/node_modules/@mui/system/DefaultPropsProvider/DefaultPropsProvider.js:18:3)
    at RtlProvider (/Users/dibyanshukushwaha/.gemini/antigravity/scratch/headlamp_4409/frontend/node_modules/@mui/system/RtlProvider/index.js:19:7)
    at ThemeProvider (/Users/dibyanshukushwaha/.gemini/antigravity/scratch/headlamp_4409/frontend/node_modules/@mui/private-theming/node/ThemeProvider/ThemeProvider.js:39:5)
    at ThemeProvider (/Users/dibyanshukushwaha/.gemini/antigravity/scratch/headlamp_4409/frontend/node_modules/@mui/system/ThemeProvider/ThemeProvider.js:52:5)
    at ThemeProvider (/Users/dibyanshukushwaha/.gemini/antigravity/scratch/headlamp_4409/frontend/node_modules/@mui/material/node/styles/ThemeProvider.js:21:14)
    at QueryClientProvider (file:///Users/dibyanshukushwaha/.gemini/antigravity/scratch/headlamp_4409/frontend/node_modules/@tanstack/react-query/build/modern/QueryClientProvider.js:20:3)
    at unboundStoryFn (file:///Users/dibyanshukushwaha/.gemini/antigravity/scratch/headlamp_4409/frontend/node_modules/storybook/dist/preview-api/index.js:2896:109)

React will try to recreate this component tree from scratch using the error boundary you provided, ErrorBoundary.
Error: Uncaught { message: 'Oh no! I just crashed!', stack: 'Here is the stack trace' }
    at reportException (/Users/dibyanshukushwaha/.gemini/antigravity/scratch/headlamp_4409/frontend/node_modules/jsdom/lib/jsdom/living/helpers/runtime-script-errors.js:66:24)
    at innerInvokeEventListeners (/Users/dibyanshukushwaha/.gemini/antigravity/scratch/headlamp_4409/frontend/node_modules/jsdom/lib/jsdom/living/events/EventTarget-impl.js:353:9)
    at invokeEventListeners (/Users/dibyanshukushwaha/.gemini/antigravity/scratch/headlamp_4409/frontend/node_modules/jsdom/lib/jsdom/living/events/EventTarget-impl.js:286:3)
    at HTMLUnknownElementImpl._dispatch (/Users/dibyanshukushwaha/.gemini/antigravity/scratch/headlamp_4409/frontend/node_modules/jsdom/lib/jsdom/living/events/EventTarget-impl.js:233:9)
    at HTMLUnknownElementImpl.dispatchEvent (/Users/dibyanshukushwaha/.gemini/antigravity/scratch/headlamp_4409/frontend/node_modules/jsdom/lib/jsdom/living/events/EventTarget-impl.js:104:17)
    at HTMLUnknownElement.dispatchEvent (/Users/dibyanshukushwaha/.gemini/antigravity/scratch/headlamp_4409/frontend/node_modules/jsdom/lib/jsdom/living/generated/EventTarget.js:241:34)
    at Object.invokeGuardedCallbackDev (/Users/dibyanshukushwaha/.gemini/antigravity/scratch/headlamp_4409/frontend/node_modules/react-dom/cjs/react-dom.development.js:4213:16)
    at invokeGuardedCallback (/Users/dibyanshukushwaha/.gemini/antigravity/scratch/headlamp_4409/frontend/node_modules/react-dom/cjs/react-dom.development.js:4277:31)
    at beginWork$1 (/Users/dibyanshukushwaha/.gemini/antigravity/scratch/headlamp_4409/frontend/node_modules/react-dom/cjs/react-dom.development.js:27490:7)
    at performUnitOfWork (/Users/dibyanshukushwaha/.gemini/antigravity/scratch/headlamp_4409/frontend/node_modules/react-dom/cjs/react-dom.development.js:26599:12) { message: [32m'Oh no! I just crashed!'[39m, stack: [32m'Here is the stack trace'[39m }
Error: Uncaught { message: 'Oh no! I just crashed!', stack: 'Here is the stack trace' }
    at reportException (/Users/dibyanshukushwaha/.gemini/antigravity/scratch/headlamp_4409/frontend/node_modules/jsdom/lib/jsdom/living/helpers/runtime-script-errors.js:66:24)
    at innerInvokeEventListeners (/Users/dibyanshukushwaha/.gemini/antigravity/scratch/headlamp_4409/frontend/node_modules/jsdom/lib/jsdom/living/events/EventTarget-impl.js:353:9)
    at invokeEventListeners (/Users/dibyanshukushwaha/.gemini/antigravity/scratch/headlamp_4409/frontend/node_modules/jsdom/lib/jsdom/living/events/EventTarget-impl.js:286:3)
    at HTMLUnknownElementImpl._dispatch (/Users/dibyanshukushwaha/.gemini/antigravity/scratch/headlamp_4409/frontend/node_modules/jsdom/lib/jsdom/living/events/EventTarget-impl.js:233:9)
    at HTMLUnknownElementImpl.dispatchEvent (/Users/dibyanshukushwaha/.gemini/antigravity/scratch/headlamp_4409/frontend/node_modules/jsdom/lib/jsdom/living/events/EventTarget-impl.js:104:17)
    at HTMLUnknownElement.dispatchEvent (/Users/dibyanshukushwaha/.gemini/antigravity/scratch/headlamp_4409/frontend/node_modules/jsdom/lib/jsdom/living/generated/EventTarget.js:241:34)
    at Object.invokeGuardedCallbackDev (/Users/dibyanshukushwaha/.gemini/antigravity/scratch/headlamp_4409/frontend/node_modules/react-dom/cjs/react-dom.development.js:4213:16)
    at invokeGuardedCallback (/Users/dibyanshukushwaha/.gemini/antigravity/scratch/headlamp_4409/frontend/node_modules/react-dom/cjs/react-dom.development.js:4277:31)
    at beginWork$1 (/Users/dibyanshukushwaha/.gemini/antigravity/scratch/headlamp_4409/frontend/node_modules/react-dom/cjs/react-dom.development.js:27490:7)
    at performUnitOfWork (/Users/dibyanshukushwaha/.gemini/antigravity/scratch/headlamp_4409/frontend/node_modules/react-dom/cjs/react-dom.development.js:26599:12) { message: [32m'Oh no! I just crashed!'[39m, stack: [32m'Here is the stack trace'[39m }
The above error occurred in the <component> component:

    at component
    at ErrorBoundary (/Users/dibyanshukushwaha/.gemini/antigravity/scratch/headlamp_4409/frontend/src/components/common/ErrorBoundary/ErrorBoundary.tsx:16:5)
    at PageTitle (/Users/dibyanshukushwaha/.gemini/antigravity/scratch/headlamp_4409/frontend/src/components/App/RouteSwitcher.tsx:162:3)
    at RouteComponent (/Users/dibyanshukushwaha/.gemini/antigravity/scratch/headlamp_4409/frontend/src/components/App/RouteSwitcher.tsx:112:27)
    at Route (/Users/dibyanshukushwaha/.gemini/antigravity/scratch/headlamp_4409/frontend/node_modules/react-router/cjs/react-router.js:664:29)
    at AuthRoute (/Users/dibyanshukushwaha/.gemini/antigravity/scratch/headlamp_4409/frontend/src/components/App/RouteSwitcher.tsx:176:5)
    at Switch (/Users/dibyanshukushwaha/.gemini/antigravity/scratch/headlamp_4409/frontend/node_modules/react-router/cjs/react-router.js:866:29)
    at Suspense
    at RouteSwitcher (/Users/dibyanshukushwaha/.gemini/antigravity/scratch/headlamp_4409/frontend/src/components/App/RouteSwitcher.tsx:31:61)
    at Route (/Users/dibyanshukushwaha/.gemini/antigravity/scratch/headlamp_4409/frontend/node_modules/react-router/cjs/react-router.js:664:29)
    at Router (/Users/dibyanshukushwaha/.gemini/antigravity/scratch/headlamp_4409/frontend/node_modules/react-router/cjs/react-router.js:283:30)
    at MemoryRouter (/Users/dibyanshukushwaha/.gemini/antigravity/scratch/headlamp_4409/frontend/node_modules/react-router/cjs/react-router.js:385:35)
    at Provider (file:///Users/dibyanshukushwaha/.gemini/antigravity/scratch/headlamp_4409/frontend/node_modules/react-redux/dist/react-redux.mjs:1036:3)
    at TestContext (/Users/dibyanshukushwaha/.gemini/antigravity/scratch/headlamp_4409/frontend/src/test/index.tsx:15:11)
    at hookified (file:///Users/dibyanshukushwaha/.gemini/antigravity/scratch/headlamp_4409/frontend/node_modules/storybook/dist/preview-api/index.js:1979:18)
    at DefaultPropsProvider (/Users/dibyanshukushwaha/.gemini/antigravity/scratch/headlamp_4409/frontend/node_modules/@mui/system/DefaultPropsProvider/DefaultPropsProvider.js:18:3)
    at RtlProvider (/Users/dibyanshukushwaha/.gemini/antigravity/scratch/headlamp_4409/frontend/node_modules/@mui/system/RtlProvider/index.js:19:7)
    at ThemeProvider (/Users/dibyanshukushwaha/.gemini/antigravity/scratch/headlamp_4409/frontend/node_modules/@mui/private-theming/node/ThemeProvider/ThemeProvider.js:39:5)
    at ThemeProvider (/Users/dibyanshukushwaha/.gemini/antigravity/scratch/headlamp_4409/frontend/node_modules/@mui/system/ThemeProvider/ThemeProvider.js:52:5)
    at ThemeProvider (/Users/dibyanshukushwaha/.gemini/antigravity/scratch/headlamp_4409/frontend/node_modules/@mui/material/node/styles/ThemeProvider.js:21:14)
    at QueryClientProvider (file:///Users/dibyanshukushwaha/.gemini/antigravity/scratch/headlamp_4409/frontend/node_modules/@tanstack/react-query/build/modern/QueryClientProvider.js:20:3)
    at unboundStoryFn (file:///Users/dibyanshukushwaha/.gemini/antigravity/scratch/headlamp_4409/frontend/node_modules/storybook/dist/preview-api/index.js:2896:109)

React will try to recreate this component tree from scratch using the error boundary you provided, ErrorBoundary.

stderr | src/storybook.test.tsx > Storybook Tests > Settings/ClusterNameEditor > Default
Warning: validateDOMNesting(...): <p> cannot appear as a descendant of <p>.
    at p
    at /Users/dibyanshukushwaha/.gemini/antigravity/scratch/headlamp_4409/frontend/node_modules/@emotion/react/dist/emotion-element-9150ebbd.development.cjs.js:75:23
    at Typography (/Users/dibyanshukushwaha/.gemini/antigravity/scratch/headlamp_4409/frontend/node_modules/@mui/material/node/Typography/Typography.js:92:64)
    at p
    at /Users/dibyanshukushwaha/.gemini/antigravity/scratch/headlamp_4409/frontend/node_modules/@emotion/react/dist/emotion-element-9150ebbd.development.cjs.js:75:23
    at FormHelperText (/Users/dibyanshukushwaha/.gemini/antigravity/scratch/headlamp_4409/frontend/node_modules/@mui/material/node/FormHelperText/FormHelperText.js:75:59)
    at div
    at /Users/dibyanshukushwaha/.gemini/antigravity/scratch/headlamp_4409/frontend/node_modules/@emotion/react/dist/emotion-element-9150ebbd.development.cjs.js:75:23
    at FormControl (/Users/dibyanshukushwaha/.gemini/antigravity/scratch/headlamp_4409/frontend/node_modules/@mui/material/node/FormControl/FormControl.js:92:59)
    at /Users/dibyanshukushwaha/.gemini/antigravity/scratch/headlamp_4409/frontend/node_modules/@emotion/react/dist/emotion-element-9150ebbd.development.cjs.js:75:23
    at TextField (/Users/dibyanshukushwaha/.gemini/antigravity/scratch/headlamp_4409/frontend/node_modules/@mui/material/node/TextField/TextField.js:84:59)
    at Value (/Users/dibyanshukushwaha/.gemini/antigravity/scratch/headlamp_4409/frontend/src/components/common/NameValueTable/NameValueTable.tsx:13:18)
    at dd
    at /Users/dibyanshukushwaha/.gemini/antigravity/scratch/headlamp_4409/frontend/node_modules/@emotion/react/dist/emotion-element-9150ebbd.development.cjs.js:75:23
    at Grid (/Users/dibyanshukushwaha/.gemini/antigravity/scratch/headlamp_4409/frontend/node_modules/@mui/material/node/Grid/Grid.js:381:64)
    at dl
    at /Users/dibyanshukushwaha/.gemini/antigravity/scratch/headlamp_4409/frontend/node_modules/@emotion/react/dist/emotion-element-9150ebbd.development.cjs.js:75:23
    at Grid (/Users/dibyanshukushwaha/.gemini/antigravity/scratch/headlamp_4409/frontend/node_modules/@mui/material/node/Grid/Grid.js:381:64)
    at NameValueTable (/Users/dibyanshukushwaha/.gemini/antigravity/scratch/headlamp_4409/frontend/src/components/common/NameValueTable/NameValueTable.tsx:37:11)
    at ClusterNameEditor (/Users/dibyanshukushwaha/.gemini/antigravity/scratch/headlamp_4409/frontend/src/components/App/Settings/ClusterNameEditor.tsx:22:3)
    at Provider (file:///Users/dibyanshukushwaha/.gemini/antigravity/scratch/headlamp_4409/frontend/node_modules/react-redux/dist/react-redux.mjs:1036:3)
    at hookified (file:///Users/dibyanshukushwaha/.gemini/antigravity/scratch/headlamp_4409/frontend/node_modules/storybook/dist/preview-api/index.js:1979:18)
    at DefaultPropsProvider (/Users/dibyanshukushwaha/.gemini/antigravity/scratch/headlamp_4409/frontend/node_modules/@mui/system/DefaultPropsProvider/DefaultPropsProvider.js:18:3)
    at RtlProvider (/Users/dibyanshukushwaha/.gemini/antigravity/scratch/headlamp_4409/frontend/node_modules/@mui/system/RtlProvider/index.js:19:7)
    at ThemeProvider (/Users/dibyanshukushwaha/.gemini/antigravity/scratch/headlamp_4409/frontend/node_modules/@mui/private-theming/node/ThemeProvider/ThemeProvider.js:39:5)
    at ThemeProvider (/Users/dibyanshukushwaha/.gemini/antigravity/scratch/headlamp_4409/frontend/node_modules/@mui/system/ThemeProvider/ThemeProvider.js:52:5)
    at ThemeProvider (/Users/dibyanshukushwaha/.gemini/antigravity/scratch/headlamp_4409/frontend/node_modules/@mui/material/node/styles/ThemeProvider.js:21:14)
    at QueryClientProvider (file:///Users/dibyanshukushwaha/.gemini/antigravity/scratch/headlamp_4409/frontend/node_modules/@tanstack/react-query/build/modern/QueryClientProvider.js:20:3)
    at unboundStoryFn (file:///Users/dibyanshukushwaha/.gemini/antigravity/scratch/headlamp_4409/frontend/node_modules/storybook/dist/preview-api/index.js:2896:109)

stderr | src/storybook.test.tsx > Storybook Tests > DetailsViewSection > MatchRenderIt
A non-serializable value was detected in an action, in the path: `payload.data.resource`. Value: KubeObject {
  jsonData: {
    apiVersion: [32m'v1'[39m,
    kind: [32m'Node'[39m,
    metadata: {
      name: [32m'my-pod'[39m,
      namespace: [32m'default'[39m,
      uid: [32m'abcde'[39m,
      creationTimestamp: [32m'2020-01-01T00:00:00.000Z'[39m
    }
  },
  _clusterName: [32m''[39m
} 
Take a look at the logic that dispatched this action:  {
  type: [32m'headlamp/event'[39m,
  payload: { type: [32m'headlamp.details-view'[39m, data: { resource: [36m[KubeObject][39m } }
} 
(See https://redux.js.org/faq/actions#why-should-type-be-a-string-or-at-least-serializable-why-should-my-action-types-be-constants) 
(To allow non-serializable values see: https://redux-toolkit.js.org/usage/usage-guide#working-with-non-serializable-data)
A non-serializable value was detected in an action, in the path: `payload`. Value: [36m[Function (anonymous)][39m 
Take a look at the logic that dispatched this action:  {
  type: [32m'detailsViewSection/setDetailsView'[39m,
  payload: [36m[Function (anonymous)][39m
} 
(See https://redux.js.org/faq/actions#why-should-type-be-a-string-or-at-least-serializable-why-should-my-action-types-be-constants) 
(To allow non-serializable values see: https://redux-toolkit.js.org/usage/usage-guide#working-with-non-serializable-data)

stderr | src/storybook.test.tsx > Storybook Tests > DetailsViewSection > NoMatchNoRender
A non-serializable value was detected in an action, in the path: `payload.data.resource`. Value: KubeObject {
  jsonData: {
    apiVersion: [32m'v1'[39m,
    kind: [32m'DoesNotExist'[39m,
    metadata: {
      name: [32m'my-pod'[39m,
      namespace: [32m'default'[39m,
      uid: [32m'abcde'[39m,
      creationTimestamp: [32m'2020-01-01T00:00:00.000Z'[39m
    }
  },
  _clusterName: [32m''[39m
} 
Take a look at the logic that dispatched this action:  {
  type: [32m'headlamp/event'[39m,
  payload: { type: [32m'headlamp.details-view'[39m, data: { resource: [36m[KubeObject][39m } }
} 
(See https://redux.js.org/faq/actions#why-should-type-be-a-string-or-at-least-serializable-why-should-my-action-types-be-constants) 
(To allow non-serializable values see: https://redux-toolkit.js.org/usage/usage-guide#working-with-non-serializable-data)
A non-serializable value was detected in an action, in the path: `payload`. Value: [36m[Function (anonymous)][39m 
Take a look at the logic that dispatched this action:  {
  type: [32m'detailsViewSection/setDetailsView'[39m,
  payload: [36m[Function (anonymous)][39m
} 
(See https://redux.js.org/faq/actions#why-should-type-be-a-string-or-at-least-serializable-why-should-my-action-types-be-constants) 
(To allow non-serializable values see: https://redux-toolkit.js.org/usage/usage-guide#working-with-non-serializable-data)

stderr | src/storybook.test.tsx > Storybook Tests > Sidebar/NavigationTabs > ClusterParentSelected
WebSocket error: Event { isTrusted: [36m[Getter][39m }

stderr | src/storybook.test.tsx > Storybook Tests > Sidebar/NavigationTabs > WorkloadsParentSelected
WebSocket error: Event { isTrusted: [36m[Getter][39m }

stderr | src/storybook.test.tsx > Storybook Tests > Sidebar/NavigationTabs > WorkloadsChildSelected
WebSocket error: Event { isTrusted: [36m[Getter][39m }

stderr | src/storybook.test.tsx > Storybook Tests > Sidebar/NavigationTabs > ItemWithoutOwnURLSelected
WebSocket error: Event { isTrusted: [36m[Getter][39m }

stderr | src/storybook.test.tsx > Storybook Tests > Sidebar/NavigationTabs > SettingsParentSelected
WebSocket error: Event { isTrusted: [36m[Getter][39m }

stderr | src/storybook.test.tsx > Storybook Tests > Sidebar/NavigationTabs > NoSubList
WebSocket error: Event { isTrusted: [36m[Getter][39m }

stderr | src/storybook.test.tsx > Storybook Tests > Sidebar/NavigationTabs > SidebarOpen
WebSocket error: Event { isTrusted: [36m[Getter][39m }

stderr | src/storybook.test.tsx > Storybook Tests > Sidebar/Sidebar > InClusterSidebarOpen
WebSocket error: Event { isTrusted: [36m[Getter][39m }

stderr | src/storybook.test.tsx > Storybook Tests > Sidebar/Sidebar > InClusterSidebarClosed
WebSocket error: Event { isTrusted: [36m[Getter][39m }

stderr | src/storybook.test.tsx > Storybook Tests > Sidebar/Sidebar > NoSidebar
WebSocket error: Event { isTrusted: [36m[Getter][39m }

stderr | src/storybook.test.tsx > Storybook Tests > Sidebar/Sidebar > SelectedItemWithSidebarOmitted
WebSocket error: Event { isTrusted: [36m[Getter][39m }

stderr | src/storybook.test.tsx > Storybook Tests > Sidebar/Sidebar > HomeSidebarOpen
WebSocket error: Event { isTrusted: [36m[Getter][39m }

stderr | src/storybook.test.tsx > Storybook Tests > Sidebar/Sidebar > HomeSidebarClosed
WebSocket error: Event { isTrusted: [36m[Getter][39m }

stderr | src/storybook.test.tsx > Storybook Tests > Sidebar/Sidebar > NotVisibleSidebar
WebSocket error: Event { isTrusted: [36m[Getter][39m }

stderr | src/storybook.test.tsx > Storybook Tests > AdvancedSearch/AdvancedSearch > Default
WebSocket error: Event { isTrusted: [36m[Getter][39m }

stderr | src/storybook.test.tsx > Storybook Tests > Cluster/ResourceCharts > MemoryChartNoMetrics
MUI: The `children` component of the Tooltip is not forwarding its props correctly.
Please make sure that props are spread on the same element that the ref is applied to.

stderr | src/storybook.test.tsx > Storybook Tests > Cluster/ResourceCharts > CpuChartNoMetrics
MUI: The `children` component of the Tooltip is not forwarding its props correctly.
Please make sure that props are spread on the same element that the ref is applied to.

stderr | src/storybook.test.tsx > Storybook Tests > cluster/Chooser > SingleCluster
Warning: Encountered two children with the same key, `only-cluster`. Keys should be unique so that components maintain their identity across updates. Non-unique keys may cause children to be duplicated and/or omitted — the behavior is unsupported and could change in a future version.
    at div
    at /Users/dibyanshukushwaha/.gemini/antigravity/scratch/headlamp_4409/frontend/node_modules/@emotion/react/dist/emotion-element-9150ebbd.development.cjs.js:75:23
    at Grid (/Users/dibyanshukushwaha/.gemini/antigravity/scratch/headlamp_4409/frontend/node_modules/@mui/material/node/Grid/Grid.js:381:64)
    at div
    at /Users/dibyanshukushwaha/.gemini/antigravity/scratch/headlamp_4409/frontend/node_modules/@emotion/react/dist/emotion-element-9150ebbd.development.cjs.js:75:23
    at Grid (/Users/dibyanshukushwaha/.gemini/antigravity/scratch/headlamp_4409/frontend/node_modules/@mui/material/node/Grid/Grid.js:381:64)
    at div
    at /Users/dibyanshukushwaha/.gemini/antigravity/scratch/headlamp_4409/frontend/node_modules/@emotion/react/dist/emotion-element-9150ebbd.development.cjs.js:75:23
    at Container (/Users/dibyanshukushwaha/.gemini/antigravity/scratch/headlamp_4409/frontend/node_modules/@mui/system/Container/createContainer.js:110:19)
    at ClusterList (/Users/dibyanshukushwaha/.gemini/antigravity/scratch/headlamp_4409/frontend/src/components/cluster/Chooser.tsx:194:11)
    at div
    at /Users/dibyanshukushwaha/.gemini/antigravity/scratch/headlamp_4409/frontend/node_modules/@emotion/react/dist/emotion-element-9150ebbd.development.cjs.js:75:23
    at DialogContent (/Users/dibyanshukushwaha/.gemini/antigravity/scratch/headlamp_4409/frontend/node_modules/@mui/material/node/DialogContent/DialogContent.js:61:59)
    at div
    at /Users/dibyanshukushwaha/.gemini/antigravity/scratch/headlamp_4409/frontend/node_modules/@emotion/react/dist/emotion-element-9150ebbd.development.cjs.js:75:23
    at Paper (/Users/dibyanshukushwaha/.gemini/antigravity/scratch/headlamp_4409/frontend/node_modules/@mui/material/node/Paper/Paper.js:70:59)
    at /Users/dibyanshukushwaha/.gemini/antigravity/scratch/headlamp_4409/frontend/node_modules/@emotion/react/dist/emotion-element-9150ebbd.development.cjs.js:75:23
    at div
    at /Users/dibyanshukushwaha/.gemini/antigravity/scratch/headlamp_4409/frontend/node_modules/@emotion/react/dist/emotion-element-9150ebbd.development.cjs.js:75:23
    at Transition (/Users/dibyanshukushwaha/.gemini/antigravity/scratch/headlamp_4409/frontend/node_modules/react-transition-group/cjs/Transition.js:135:30)
    at Fade (/Users/dibyanshukushwaha/.gemini/antigravity/scratch/headlamp_4409/frontend/node_modules/@mui/material/node/Fade/Fade.js:36:39)
    at FocusTrap (/Users/dibyanshukushwaha/.gemini/antigravity/scratch/headlamp_4409/frontend/node_modules/@mui/material/node/Unstable_TrapFocus/FocusTrap.js:86:5)
    at div
    at /Users/dibyanshukushwaha/.gemini/antigravity/scratch/headlamp_4409/frontend/node_modules/@emotion/react/dist/emotion-element-9150ebbd.development.cjs.js:75:23
    at Portal (/Users/dibyanshukushwaha/.gemini/antigravity/scratch/headlamp_4409/frontend/node_modules/@mui/material/node/Portal/Portal.js:34:5)
    at Modal (/Users/dibyanshukushwaha/.gemini/antigravity/scratch/headlamp_4409/frontend/node_modules/@mui/material/node/Modal/Modal.js:88:59)
    at /Users/dibyanshukushwaha/.gemini/antigravity/scratch/headlamp_4409/frontend/node_modules/@emotion/react/dist/emotion-element-9150ebbd.development.cjs.js:75:23
    at Dialog (/Users/dibyanshukushwaha/.gemini/antigravity/scratch/headlamp_4409/frontend/node_modules/@mui/material/node/Dialog/Dialog.js:161:59)
    at ClusterDialog (/Users/dibyanshukushwaha/.gemini/antigravity/scratch/headlamp_4409/frontend/src/components/cluster/Chooser.tsx:322:52)
    at main
    at /Users/dibyanshukushwaha/.gemini/antigravity/scratch/headlamp_4409/frontend/node_modules/@emotion/react/dist/emotion-element-9150ebbd.development.cjs.js:75:23
    at Box (/Users/dibyanshukushwaha/.gemini/antigravity/scratch/headlamp_4409/frontend/node_modules/@mui/system/createBox.js:31:41)
    at Chooser (/Users/dibyanshukushwaha/.gemini/antigravity/scratch/headlamp_4409/frontend/src/components/cluster/Chooser.tsx:457:56)
    at Route (/Users/dibyanshukushwaha/.gemini/antigravity/scratch/headlamp_4409/frontend/node_modules/react-router/cjs/react-router.js:664:29)
    at Router (/Users/dibyanshukushwaha/.gemini/antigravity/scratch/headlamp_4409/frontend/node_modules/react-router/cjs/react-router.js:283:30)
    at MemoryRouter (/Users/dibyanshukushwaha/.gemini/antigravity/scratch/headlamp_4409/frontend/node_modules/react-router/cjs/react-router.js:385:35)
    at Provider (file:///Users/dibyanshukushwaha/.gemini/antigravity/scratch/headlamp_4409/frontend/node_modules/react-redux/dist/react-redux.mjs:1036:3)
    at TestContext (/Users/dibyanshukushwaha/.gemini/antigravity/scratch/headlamp_4409/frontend/src/test/index.tsx:15:11)
    at hookified (file:///Users/dibyanshukushwaha/.gemini/antigravity/scratch/headlamp_4409/frontend/node_modules/storybook/dist/preview-api/index.js:1979:18)
    at DefaultPropsProvider (/Users/dibyanshukushwaha/.gemini/antigravity/scratch/headlamp_4409/frontend/node_modules/@mui/system/DefaultPropsProvider/DefaultPropsProvider.js:18:3)
    at RtlProvider (/Users/dibyanshukushwaha/.gemini/antigravity/scratch/headlamp_4409/frontend/node_modules/@mui/system/RtlProvider/index.js:19:7)
    at ThemeProvider (/Users/dibyanshukushwaha/.gemini/antigravity/scratch/headlamp_4409/frontend/node_modules/@mui/private-theming/node/ThemeProvider/ThemeProvider.js:39:5)
    at ThemeProvider (/Users/dibyanshukushwaha/.gemini/antigravity/scratch/headlamp_4409/frontend/node_modules/@mui/system/ThemeProvider/ThemeProvider.js:52:5)
    at ThemeProvider (/Users/dibyanshukushwaha/.gemini/antigravity/scratch/headlamp_4409/frontend/node_modules/@mui/material/node/styles/ThemeProvider.js:21:14)
    at QueryClientProvider (file:///Users/dibyanshukushwaha/.gemini/antigravity/scratch/headlamp_4409/frontend/node_modules/@tanstack/react-query/build/modern/QueryClientProvider.js:20:3)
    at unboundStoryFn (file:///Users/dibyanshukushwaha/.gemini/antigravity/scratch/headlamp_4409/frontend/node_modules/storybook/dist/preview-api/index.js:2896:109)

stderr | src/storybook.test.tsx > Storybook Tests > cluster/ClusterChooserPopup > Normal
MUI: The Menu component doesn't accept a Fragment as a child.
Consider providing an array instead.

stderr | src/storybook.test.tsx > Storybook Tests > cluster/ClusterChooserPopup > NoClustersButRecent
MUI: The Menu component doesn't accept a Fragment as a child.
Consider providing an array instead.

stderr | src/storybook.test.tsx > Storybook Tests > cluster/ClusterChooserPopup > Scrollbar
MUI: The Menu component doesn't accept a Fragment as a child.
Consider providing an array instead.

stderr | src/storybook.test.tsx > Storybook Tests > cluster/Overview > Events
WebSocket error: Event { isTrusted: [36m[Getter][39m }

stderr | src/storybook.test.tsx > Storybook Tests > cluster/Overview > Events
WebSocket error: Event { isTrusted: [36m[Getter][39m }

stderr | src/storybook.test.tsx > Storybook Tests > cluster/Overview > Events
WebSocket error: Event { isTrusted: [36m[Getter][39m }

stderr | src/storybook.test.tsx > Storybook Tests > cluster/Overview > Events
WebSocket error: Event { isTrusted: [36m[Getter][39m }

stderr | src/storybook.test.tsx > Storybook Tests > cluster/Overview > EmptyState
WebSocket error: Event { isTrusted: [36m[Getter][39m }

stderr | src/storybook.test.tsx > Storybook Tests > cluster/Overview > EmptyState
WebSocket error: Event { isTrusted: [36m[Getter][39m }

stderr | src/storybook.test.tsx > Storybook Tests > cluster/Overview > EmptyState
WebSocket error: Event { isTrusted: [36m[Getter][39m }

stderr | src/storybook.test.tsx > Storybook Tests > cluster/Overview > EmptyState
WebSocket error: Event { isTrusted: [36m[Getter][39m }

stderr | src/storybook.test.tsx > Storybook Tests > cluster/Overview > ErrorState
WebSocket error: Event { isTrusted: [36m[Getter][39m }

stderr | src/storybook.test.tsx > Storybook Tests > cluster/Overview > ErrorState
WebSocket error: Event { isTrusted: [36m[Getter][39m }

stderr | src/storybook.test.tsx > Storybook Tests > cluster/Overview > ErrorState
WebSocket error: Event { isTrusted: [36m[Getter][39m }

stderr | src/storybook.test.tsx > Storybook Tests > common/GenericError > ComponentMessage
Warning: validateDOMNesting(...): <h3> cannot appear as a child of <h2>.
    at h3
    at /Users/dibyanshukushwaha/.gemini/antigravity/scratch/headlamp_4409/frontend/node_modules/@emotion/react/dist/emotion-element-9150ebbd.development.cjs.js:75:23
    at Typography (/Users/dibyanshukushwaha/.gemini/antigravity/scratch/headlamp_4409/frontend/node_modules/@mui/material/node/Typography/Typography.js:92:64)
    at h2
    at /Users/dibyanshukushwaha/.gemini/antigravity/scratch/headlamp_4409/frontend/node_modules/@emotion/react/dist/emotion-element-9150ebbd.development.cjs.js:75:23
    at Typography (/Users/dibyanshukushwaha/.gemini/antigravity/scratch/headlamp_4409/frontend/node_modules/@mui/material/node/Typography/Typography.js:92:64)
    at div
    at /Users/dibyanshukushwaha/.gemini/antigravity/scratch/headlamp_4409/frontend/node_modules/@emotion/react/dist/emotion-element-9150ebbd.development.cjs.js:75:23
    at Grid (/Users/dibyanshukushwaha/.gemini/antigravity/scratch/headlamp_4409/frontend/node_modules/@mui/material/node/Grid/Grid.js:381:64)
    at div
    at /Users/dibyanshukushwaha/.gemini/antigravity/scratch/headlamp_4409/frontend/node_modules/@emotion/react/dist/emotion-element-9150ebbd.development.cjs.js:75:23
    at Grid (/Users/dibyanshukushwaha/.gemini/antigravity/scratch/headlamp_4409/frontend/node_modules/@mui/material/node/Grid/Grid.js:381:64)
    at ErrorComponent (/Users/dibyanshukushwaha/.gemini/antigravity/scratch/headlamp_4409/frontend/src/components/common/ErrorPage/ErrorPage.tsx:70:58)
    at hookified (file:///Users/dibyanshukushwaha/.gemini/antigravity/scratch/headlamp_4409/frontend/node_modules/storybook/dist/preview-api/index.js:1979:18)
    at DefaultPropsProvider (/Users/dibyanshukushwaha/.gemini/antigravity/scratch/headlamp_4409/frontend/node_modules/@mui/system/DefaultPropsProvider/DefaultPropsProvider.js:18:3)
    at RtlProvider (/Users/dibyanshukushwaha/.gemini/antigravity/scratch/headlamp_4409/frontend/node_modules/@mui/system/RtlProvider/index.js:19:7)
    at ThemeProvider (/Users/dibyanshukushwaha/.gemini/antigravity/scratch/headlamp_4409/frontend/node_modules/@mui/private-theming/node/ThemeProvider/ThemeProvider.js:39:5)
    at ThemeProvider (/Users/dibyanshukushwaha/.gemini/antigravity/scratch/headlamp_4409/frontend/node_modules/@mui/system/ThemeProvider/ThemeProvider.js:52:5)
    at ThemeProvider (/Users/dibyanshukushwaha/.gemini/antigravity/scratch/headlamp_4409/frontend/node_modules/@mui/material/node/styles/ThemeProvider.js:21:14)
    at QueryClientProvider (file:///Users/dibyanshukushwaha/.gemini/antigravity/scratch/headlamp_4409/frontend/node_modules/@tanstack/react-query/build/modern/QueryClientProvider.js:20:3)
    at unboundStoryFn (file:///Users/dibyanshukushwaha/.gemini/antigravity/scratch/headlamp_4409/frontend/node_modules/storybook/dist/preview-api/index.js:2896:109)

stderr | src/storybook.test.tsx > Storybook Tests > Label/HeaderLabel > HeaderLabelToolTip
MUI: The `children` component of the Tooltip is not forwarding its props correctly.
Please make sure that props are spread on the same element that the ref is applied to.

stderr | src/storybook.test.tsx > Storybook Tests > Link > AutoTooltip
Warning: Function components cannot be given refs. Attempts to access this ref will fail. Did you mean to use React.forwardRef()?

Check the render method of `ForwardRef(Tooltip)`.
    at PureLink (/Users/dibyanshukushwaha/.gemini/antigravity/scratch/headlamp_4409/frontend/src/components/common/Link.tsx:62:13)
    at Tooltip (/Users/dibyanshukushwaha/.gemini/antigravity/scratch/headlamp_4409/frontend/node_modules/@mui/material/node/Tooltip/Tooltip.js:228:59)
    at TooltipLight (/Users/dibyanshukushwaha/.gemini/antigravity/scratch/headlamp_4409/frontend/src/components/common/Tooltip/TooltipLight.tsx:13:11)
    at Link (/Users/dibyanshukushwaha/.gemini/antigravity/scratch/headlamp_4409/frontend/src/components/common/Link.tsx:117:68)
    at hookified (file:///Users/dibyanshukushwaha/.gemini/antigravity/scratch/headlamp_4409/frontend/node_modules/storybook/dist/preview-api/index.js:1979:18)
    at Router (/Users/dibyanshukushwaha/.gemini/antigravity/scratch/headlamp_4409/frontend/node_modules/react-router/cjs/react-router.js:283:30)
    at MemoryRouter (/Users/dibyanshukushwaha/.gemini/antigravity/scratch/headlamp_4409/frontend/node_modules/react-router/cjs/react-router.js:385:35)
    at Provider (file:///Users/dibyanshukushwaha/.gemini/antigravity/scratch/headlamp_4409/frontend/node_modules/react-redux/dist/react-redux.mjs:1036:3)
    at TestContext (/Users/dibyanshukushwaha/.gemini/antigravity/scratch/headlamp_4409/frontend/src/test/index.tsx:15:11)
    at DefaultPropsProvider (/Users/dibyanshukushwaha/.gemini/antigravity/scratch/headlamp_4409/frontend/node_modules/@mui/system/DefaultPropsProvider/DefaultPropsProvider.js:18:3)
    at RtlProvider (/Users/dibyanshukushwaha/.gemini/antigravity/scratch/headlamp_4409/frontend/node_modules/@mui/system/RtlProvider/index.js:19:7)
    at ThemeProvider (/Users/dibyanshukushwaha/.gemini/antigravity/scratch/headlamp_4409/frontend/node_modules/@mui/private-theming/node/ThemeProvider/ThemeProvider.js:39:5)
    at ThemeProvider (/Users/dibyanshukushwaha/.gemini/antigravity/scratch/headlamp_4409/frontend/node_modules/@mui/system/ThemeProvider/ThemeProvider.js:52:5)
    at ThemeProvider (/Users/dibyanshukushwaha/.gemini/antigravity/scratch/headlamp_4409/frontend/node_modules/@mui/material/node/styles/ThemeProvider.js:21:14)
    at QueryClientProvider (file:///Users/dibyanshukushwaha/.gemini/antigravity/scratch/headlamp_4409/frontend/node_modules/@tanstack/react-query/build/modern/QueryClientProvider.js:20:3)
    at unboundStoryFn (file:///Users/dibyanshukushwaha/.gemini/antigravity/scratch/headlamp_4409/frontend/node_modules/storybook/dist/preview-api/index.js:2896:109)

stderr | src/storybook.test.tsx > Storybook Tests > common/ObjectEventList > ErrorFetching
Failed to fetch events for object: KubeObject {
  jsonData: {
    kind: [32m'Secret'[39m,
    apiVersion: [32m'v1'[39m,
    metadata: {
      name: [32m'error-secret'[39m,
      namespace: [32m'errors'[39m,
      uid: [32m'secret-err-uid'[39m,
      creationTimestamp: [32m'2024-02-15T00:00:00.000Z'[39m
    }
  },
  _clusterName: [32m''[39m
} Error: Internal Server Error - Simulated server error fetching events
    at clusterRequest [90m(/Users/dibyanshukushwaha/.gemini/antigravity/scratch/headlamp_4409/frontend/[39msrc/lib/k8s/api/v1/clusterRequests.ts:213:19[90m)[39m
    at Function.objectEvents [90m(/Users/dibyanshukushwaha/.gemini/antigravity/scratch/headlamp_4409/frontend/[39msrc/lib/k8s/event.ts:167:22[90m)[39m
    at fetchEvents [90m(/Users/dibyanshukushwaha/.gemini/antigravity/scratch/headlamp_4409/frontend/[39msrc/components/common/ObjectEventList.tsx:44:22[90m)[39m {
  status: [33m500[39m
}

stderr | src/storybook.test.tsx > Storybook Tests > Resource/DocsViewer > ErrorDocumentation
Unable to parse error json at url: http://localhost:4466/openapi/v2 {
  err: SyntaxError: Unexpected end of JSON input
      at JSON.parse (<anonymous>)
  [90m    at parseJSONFromBytes (node:internal/deps/undici/undici:5738:19)[39m
  [90m    at successSteps (node:internal/deps/undici/undici:5719:27)[39m
  [90m    at consumeBody (node:internal/deps/undici/undici:5725:9)[39m
  [90m    at HttpResponse.json (node:internal/deps/undici/undici:5665:18)[39m
      at clusterRequest [90m(/Users/dibyanshukushwaha/.gemini/antigravity/scratch/headlamp_4409/frontend/[39msrc/lib/k8s/api/v1/clusterRequests.ts:200:37[90m)[39m
      at getDocs [90m(/Users/dibyanshukushwaha/.gemini/antigravity/scratch/headlamp_4409/frontend/[39msrc/lib/docs.ts:28:16[90m)[39m
      at getDocDefinitions [90m(/Users/dibyanshukushwaha/.gemini/antigravity/scratch/headlamp_4409/frontend/[39msrc/lib/docs.ts:42:35[90m)[39m
      at async Promise.allSettled (index 0)
} with request data: { signal: AbortSignal {}, credentials: [32m'include'[39m, headers: {} }

stderr | src/storybook.test.tsx > Storybook Tests > ResourceTable > NoFilter
A non-serializable value was detected in an action, in the path: `payload.data.resources.0`. Value: Pod {
  jsonData: {
    kind: [32m'Pod'[39m,
    apiVersion: [32m'v1'[39m,
    metadata: {
      name: [32m'mypod0'[39m,
      uid: [32m'phony0'[39m,
      creationTimestamp: [32m'2021-12-15T14:57:13Z'[39m,
      resourceVersion: [32m'1'[39m,
      selfLink: [32m'0'[39m,
      namespace: [32m'MyNamespace0'[39m
    }
  },
  _clusterName: [32m''[39m,
  detailedStatusCache: {}
} 
Take a look at the logic that dispatched this action:  {
  type: [32m'headlamp/event'[39m,
  payload: {
    type: [32m'headlamp.list-view'[39m,
    data: { resources: [36m[Array][39m, resourceKind: [32m'Pod'[39m, error: [90mundefined[39m }
  }
} 
(See https://redux.js.org/faq/actions#why-should-type-be-a-string-or-at-least-serializable-why-should-my-action-types-be-constants) 
(To allow non-serializable values see: https://redux-toolkit.js.org/usage/usage-guide#working-with-non-serializable-data)
A non-serializable value was detected in the state, in the path: `filter.namespaces`. Value: Set(0) {} 
Take a look at the reducer(s) handling this action type: headlamp/event.
(See https://redux.js.org/faq/organizing-state#can-i-put-functions-promises-or-other-non-serializable-items-in-my-store-state)

stderr | src/storybook.test.tsx > Storybook Tests > ResourceTable > NameSearch
A non-serializable value was detected in an action, in the path: `payload.data.resources.0`. Value: Pod {
  jsonData: {
    kind: [32m'Pod'[39m,
    apiVersion: [32m'v1'[39m,
    metadata: {
      name: [32m'mypod0'[39m,
      uid: [32m'phony0'[39m,
      creationTimestamp: [32m'2021-12-15T14:57:13Z'[39m,
      resourceVersion: [32m'1'[39m,
      selfLink: [32m'0'[39m,
      namespace: [32m'MyNamespace0'[39m
    }
  },
  _clusterName: [32m''[39m,
  detailedStatusCache: {}
} 
Take a look at the logic that dispatched this action:  {
  type: [32m'headlamp/event'[39m,
  payload: {
    type: [32m'headlamp.list-view'[39m,
    data: { resources: [36m[Array][39m, resourceKind: [32m'Pod'[39m, error: [90mundefined[39m }
  }
} 
(See https://redux.js.org/faq/actions#why-should-type-be-a-string-or-at-least-serializable-why-should-my-action-types-be-constants) 
(To allow non-serializable values see: https://redux-toolkit.js.org/usage/usage-guide#working-with-non-serializable-data)
A non-serializable value was detected in the state, in the path: `filter.namespaces`. Value: Set(0) {} 
Take a look at the reducer(s) handling this action type: headlamp/event.
(See https://redux.js.org/faq/organizing-state#can-i-put-functions-promises-or-other-non-serializable-items-in-my-store-state)

stderr | src/storybook.test.tsx > Storybook Tests > ResourceTable > WithHiddenCols
A non-serializable value was detected in an action, in the path: `payload.data.resources.0`. Value: Pod {
  jsonData: {
    kind: [32m'Pod'[39m,
    apiVersion: [32m'v1'[39m,
    metadata: {
      name: [32m'mypod0'[39m,
      uid: [32m'phony0'[39m,
      creationTimestamp: [32m'2021-12-15T14:57:13Z'[39m,
      resourceVersion: [32m'1'[39m,
      selfLink: [32m'0'[39m,
      namespace: [32m'MyNamespace0'[39m
    }
  },
  _clusterName: [32m''[39m,
  detailedStatusCache: {}
} 
Take a look at the logic that dispatched this action:  {
  type: [32m'headlamp/event'[39m,
  payload: {
    type: [32m'headlamp.list-view'[39m,
    data: { resources: [36m[Array][39m, resourceKind: [32m'Pod'[39m, error: [90mundefined[39m }
  }
} 
(See https://redux.js.org/faq/actions#why-should-type-be-a-string-or-at-least-serializable-why-should-my-action-types-be-constants) 
(To allow non-serializable values see: https://redux-toolkit.js.org/usage/usage-guide#working-with-non-serializable-data)
A non-serializable value was detected in the state, in the path: `filter.namespaces`. Value: Set(0) {} 
Take a look at the reducer(s) handling this action type: headlamp/event.
(See https://redux.js.org/faq/organizing-state#can-i-put-functions-promises-or-other-non-serializable-items-in-my-store-state)

stderr | src/storybook.test.tsx > Storybook Tests > Resource/ScaleButton > DeploymentExample
Warning: Failed prop type: The prop `spacing` of `Grid` can only be used together with the `container` prop.
    at Grid (/Users/dibyanshukushwaha/.gemini/antigravity/scratch/headlamp_4409/frontend/node_modules/@mui/material/node/Grid/Grid.js:381:64)
    at ScaleDialog (/Users/dibyanshukushwaha/.gemini/antigravity/scratch/headlamp_4409/frontend/src/components/common/Resource/ScaleButton.tsx:127:11)
    at AuthVisible (/Users/dibyanshukushwaha/.gemini/antigravity/scratch/headlamp_4409/frontend/src/components/common/Resource/AuthVisible.tsx:23:11)
    at ScaleButton (/Users/dibyanshukushwaha/.gemini/antigravity/scratch/headlamp_4409/frontend/src/components/common/Resource/ScaleButton.tsx:35:58)
    at hookified (file:///Users/dibyanshukushwaha/.gemini/antigravity/scratch/headlamp_4409/frontend/node_modules/storybook/dist/preview-api/index.js:1979:18)
    at Router (/Users/dibyanshukushwaha/.gemini/antigravity/scratch/headlamp_4409/frontend/node_modules/react-router/cjs/react-router.js:283:30)
    at MemoryRouter (/Users/dibyanshukushwaha/.gemini/antigravity/scratch/headlamp_4409/frontend/node_modules/react-router/cjs/react-router.js:385:35)
    at Provider (file:///Users/dibyanshukushwaha/.gemini/antigravity/scratch/headlamp_4409/frontend/node_modules/react-redux/dist/react-redux.mjs:1036:3)
    at TestContext (/Users/dibyanshukushwaha/.gemini/antigravity/scratch/headlamp_4409/frontend/src/test/index.tsx:15:11)
    at DefaultPropsProvider (/Users/dibyanshukushwaha/.gemini/antigravity/scratch/headlamp_4409/frontend/node_modules/@mui/system/DefaultPropsProvider/DefaultPropsProvider.js:18:3)
    at RtlProvider (/Users/dibyanshukushwaha/.gemini/antigravity/scratch/headlamp_4409/frontend/node_modules/@mui/system/RtlProvider/index.js:19:7)
    at ThemeProvider (/Users/dibyanshukushwaha/.gemini/antigravity/scratch/headlamp_4409/frontend/node_modules/@mui/private-theming/node/ThemeProvider/ThemeProvider.js:39:5)
    at ThemeProvider (/Users/dibyanshukushwaha/.gemini/antigravity/scratch/headlamp_4409/frontend/node_modules/@mui/system/ThemeProvider/ThemeProvider.js:52:5)
    at ThemeProvider (/Users/dibyanshukushwaha/.gemini/antigravity/scratch/headlamp_4409/frontend/node_modules/@mui/material/node/styles/ThemeProvider.js:21:14)
    at QueryClientProvider (file:///Users/dibyanshukushwaha/.gemini/antigravity/scratch/headlamp_4409/frontend/node_modules/@tanstack/react-query/build/modern/QueryClientProvider.js:20:3)
    at unboundStoryFn (file:///Users/dibyanshukushwaha/.gemini/antigravity/scratch/headlamp_4409/frontend/node_modules/storybook/dist/preview-api/index.js:2896:109)

stderr | src/storybook.test.tsx > Storybook Tests > SectionBox > WithChildren
Warning: Unknown event handler property `onTabChanged`. It will be ignored.
    at div
    at /Users/dibyanshukushwaha/.gemini/antigravity/scratch/headlamp_4409/frontend/node_modules/@emotion/react/dist/emotion-element-9150ebbd.development.cjs.js:75:23
    at Box (/Users/dibyanshukushwaha/.gemini/antigravity/scratch/headlamp_4409/frontend/node_modules/@mui/system/createBox.js:31:41)
    at div
    at /Users/dibyanshukushwaha/.gemini/antigravity/scratch/headlamp_4409/frontend/node_modules/@emotion/react/dist/emotion-element-9150ebbd.development.cjs.js:75:23
    at Box (/Users/dibyanshukushwaha/.gemini/antigravity/scratch/headlamp_4409/frontend/node_modules/@mui/system/createBox.js:31:41)
    at SectionBox (/Users/dibyanshukushwaha/.gemini/antigravity/scratch/headlamp_4409/frontend/src/components/common/SectionBox.tsx:17:5)
    at hookified (file:///Users/dibyanshukushwaha/.gemini/antigravity/scratch/headlamp_4409/frontend/node_modules/storybook/dist/preview-api/index.js:1979:18)
    at DefaultPropsProvider (/Users/dibyanshukushwaha/.gemini/antigravity/scratch/headlamp_4409/frontend/node_modules/@mui/system/DefaultPropsProvider/DefaultPropsProvider.js:18:3)
    at RtlProvider (/Users/dibyanshukushwaha/.gemini/antigravity/scratch/headlamp_4409/frontend/node_modules/@mui/system/RtlProvider/index.js:19:7)
    at ThemeProvider (/Users/dibyanshukushwaha/.gemini/antigravity/scratch/headlamp_4409/frontend/node_modules/@mui/private-theming/node/ThemeProvider/ThemeProvider.js:39:5)
    at ThemeProvider (/Users/dibyanshukushwaha/.gemini/antigravity/scratch/headlamp_4409/frontend/node_modules/@mui/system/ThemeProvider/ThemeProvider.js:52:5)
    at ThemeProvider (/Users/dibyanshukushwaha/.gemini/antigravity/scratch/headlamp_4409/frontend/node_modules/@mui/material/node/styles/ThemeProvider.js:21:14)
    at QueryClientProvider (file:///Users/dibyanshukushwaha/.gemini/antigravity/scratch/headlamp_4409/frontend/node_modules/@tanstack/react-query/build/modern/QueryClientProvider.js:20:3)
    at unboundStoryFn (file:///Users/dibyanshukushwaha/.gemini/antigravity/scratch/headlamp_4409/frontend/node_modules/storybook/dist/preview-api/index.js:2896:109)

stderr | src/storybook.test.tsx > Storybook Tests > SimpleTable > NameSearch
WebSocket error: Event { isTrusted: [36m[Getter][39m }

stderr | src/storybook.test.tsx > Storybook Tests > SimpleTable > NamespaceSearch
WebSocket error: Event { isTrusted: [36m[Getter][39m }

stderr | src/storybook.test.tsx > Storybook Tests > SimpleTable > UIDSearch
WebSocket error: Event { isTrusted: [36m[Getter][39m }

stderr | src/storybook.test.tsx > Storybook Tests > SimpleTable > LabelSearch
WebSocket error: Event { isTrusted: [36m[Getter][39m }

stderr | src/storybook.test.tsx > Storybook Tests > SimpleTable > NamespaceSelect
MUI: The value provided to Autocomplete is invalid.
None of the options match with `["MyNamespace1","MyNamespace0"]`.
You can use the `isOptionEqualToValue` prop to customize the equality test.

stderr | src/storybook.test.tsx > Storybook Tests > SimpleTable > NamespaceSelect
WebSocket error: Event { isTrusted: [36m[Getter][39m }

stderr | src/storybook.test.tsx > Storybook Tests > SimpleTable > NumberSearch
WebSocket error: Event { isTrusted: [36m[Getter][39m }

stderr | src/storybook.test.tsx > Storybook Tests > SimpleTable > NotFoundMessage
WebSocket error: Event { isTrusted: [36m[Getter][39m }

stderr | src/storybook.test.tsx > Storybook Tests > Table > NameSearch
WebSocket error: Event { isTrusted: [36m[Getter][39m }

stderr | src/storybook.test.tsx > Storybook Tests > Table > NamespaceSearch
WebSocket error: Event { isTrusted: [36m[Getter][39m }

stderr | src/storybook.test.tsx > Storybook Tests > Table > UIDSearch
WebSocket error: Event { isTrusted: [36m[Getter][39m }

stderr | src/storybook.test.tsx > Storybook Tests > Table > LabelSearch
WebSocket error: Event { isTrusted: [36m[Getter][39m }

stderr | src/storybook.test.tsx > Storybook Tests > Table > NamespaceSelect
MUI: The value provided to Autocomplete is invalid.
None of the options match with `["MyNamespace1","MyNamespace0"]`.
You can use the `isOptionEqualToValue` prop to customize the equality test.

stderr | src/storybook.test.tsx > Storybook Tests > Table > NamespaceSelect
WebSocket error: Event { isTrusted: [36m[Getter][39m }

stderr | src/storybook.test.tsx > Storybook Tests > Table > NumberSearch
WebSocket error: Event { isTrusted: [36m[Getter][39m }

stderr | src/storybook.test.tsx > Storybook Tests > Table > NotFoundMessage
WebSocket error: Event { isTrusted: [36m[Getter][39m }

stderr | src/storybook.test.tsx > Storybook Tests > Charts/TileChart > WithoutProgress
MUI: The `children` component of the Tooltip is not forwarding its props correctly.
Please make sure that props are spread on the same element that the ref is applied to.

stderr | src/storybook.test.tsx > Storybook Tests > Tooltip/TooltipIcon > JustText
MUI: The `children` component of the Tooltip is not forwarding its props correctly.
Please make sure that props are spread on the same element that the ref is applied to.

stderr | src/storybook.test.tsx > Storybook Tests > Tooltip/TooltipIcon > WithIcon
MUI: The `children` component of the Tooltip is not forwarding its props correctly.
Please make sure that props are spread on the same element that the ref is applied to.

stderr | src/storybook.test.tsx > Storybook Tests > ConfigMap/DetailsView > WithBase
WebSocket error: Event { isTrusted: [36m[Getter][39m }

stderr | src/storybook.test.tsx > Storybook Tests > ConfigMap/DetailsView > Empty
WebSocket error: Event { isTrusted: [36m[Getter][39m }

stderr | src/storybook.test.tsx > Storybook Tests > ConfigMap/ListView > Items
WebSocket error: Event { isTrusted: [36m[Getter][39m }

stderr | src/storybook.test.tsx > Storybook Tests > ConfigMap/ListView > Items
Warning: Encountered two children with the same key, `abc-1234`. Keys should be unique so that components maintain their identity across updates. Non-unique keys may cause children to be duplicated and/or omitted — the behavior is unsupported and could change in a future version.
    at tbody
    at /Users/dibyanshukushwaha/.gemini/antigravity/scratch/headlamp_4409/frontend/node_modules/@emotion/react/dist/emotion-element-9150ebbd.development.cjs.js:75:23
    at table
    at /Users/dibyanshukushwaha/.gemini/antigravity/scratch/headlamp_4409/frontend/node_modules/@emotion/react/dist/emotion-element-9150ebbd.development.cjs.js:75:23
    at Table (/Users/dibyanshukushwaha/.gemini/antigravity/scratch/headlamp_4409/frontend/node_modules/@mui/material/node/Table/Table.js:61:59)
    at Table (/Users/dibyanshukushwaha/.gemini/antigravity/scratch/headlamp_4409/frontend/src/components/common/Table/Table.tsx:84:3)
    at ResourceTableContent (/Users/dibyanshukushwaha/.gemini/antigravity/scratch/headlamp_4409/frontend/src/components/common/Resource/ResourceTable.tsx:153:5)
    at TableFromResourceClass (/Users/dibyanshukushwaha/.gemini/antigravity/scratch/headlamp_4409/frontend/src/components/common/Resource/ResourceTable.tsx:61:11)
    at ResourceTable (/Users/dibyanshukushwaha/.gemini/antigravity/scratch/headlamp_4409/frontend/src/components/common/Resource/ResourceTable.tsx:46:15)
    at div
    at /Users/dibyanshukushwaha/.gemini/antigravity/scratch/headlamp_4409/frontend/node_modules/@emotion/react/dist/emotion-element-9150ebbd.development.cjs.js:75:23
    at Box (/Users/dibyanshukushwaha/.gemini/antigravity/scratch/headlamp_4409/frontend/node_modules/@mui/system/createBox.js:31:41)
    at div
    at /Users/dibyanshukushwaha/.gemini/antigravity/scratch/headlamp_4409/frontend/node_modules/@emotion/react/dist/emotion-element-9150ebbd.development.cjs.js:75:23
    at Box (/Users/dibyanshukushwaha/.gemini/antigravity/scratch/headlamp_4409/frontend/node_modules/@mui/system/createBox.js:31:41)
    at SectionBox (/Users/dibyanshukushwaha/.gemini/antigravity/scratch/headlamp_4409/frontend/src/components/common/SectionBox.tsx:17:5)
    at ResourceListView (/Users/dibyanshukushwaha/.gemini/antigravity/scratch/headlamp_4409/frontend/src/components/common/Resource/ResourceListView.tsx:15:11)
    at ConfigMapList (/Users/dibyanshukushwaha/.gemini/antigravity/scratch/headlamp_4409/frontend/src/components/configmap/List.tsx:14:57)
    at hookified (file:///Users/dibyanshukushwaha/.gemini/antigravity/scratch/headlamp_4409/frontend/node_modules/storybook/dist/preview-api/index.js:1979:18)
    at Router (/Users/dibyanshukushwaha/.gemini/antigravity/scratch/headlamp_4409/frontend/node_modules/react-router/cjs/react-router.js:283:30)
    at MemoryRouter (/Users/dibyanshukushwaha/.gemini/antigravity/scratch/headlamp_4409/frontend/node_modules/react-router/cjs/react-router.js:385:35)
    at Provider (file:///Users/dibyanshukushwaha/.gemini/antigravity/scratch/headlamp_4409/frontend/node_modules/react-redux/dist/react-redux.mjs:1036:3)
    at TestContext (/Users/dibyanshukushwaha/.gemini/antigravity/scratch/headlamp_4409/frontend/src/test/index.tsx:15:11)
    at DefaultPropsProvider (/Users/dibyanshukushwaha/.gemini/antigravity/scratch/headlamp_4409/frontend/node_modules/@mui/system/DefaultPropsProvider/DefaultPropsProvider.js:18:3)
    at RtlProvider (/Users/dibyanshukushwaha/.gemini/antigravity/scratch/headlamp_4409/frontend/node_modules/@mui/system/RtlProvider/index.js:19:7)
    at ThemeProvider (/Users/dibyanshukushwaha/.gemini/antigravity/scratch/headlamp_4409/frontend/node_modules/@mui/private-theming/node/ThemeProvider/ThemeProvider.js:39:5)
    at ThemeProvider (/Users/dibyanshukushwaha/.gemini/antigravity/scratch/headlamp_4409/frontend/node_modules/@mui/system/ThemeProvider/ThemeProvider.js:52:5)
    at ThemeProvider (/Users/dibyanshukushwaha/.gemini/antigravity/scratch/headlamp_4409/frontend/node_modules/@mui/material/node/styles/ThemeProvider.js:21:14)
    at QueryClientProvider (file:///Users/dibyanshukushwaha/.gemini/antigravity/scratch/headlamp_4409/frontend/node_modules/@tanstack/react-query/build/modern/QueryClientProvider.js:20:3)
    at unboundStoryFn (file:///Users/dibyanshukushwaha/.gemini/antigravity/scratch/headlamp_4409/frontend/node_modules/storybook/dist/preview-api/index.js:2896:109)

stderr | src/storybook.test.tsx > Storybook Tests > ConfigMap/ListView > Items
WebSocket error: Event { isTrusted: [36m[Getter][39m }

stderr | src/storybook.test.tsx > Storybook Tests > crd/CustomResourceDefinition > List
WebSocket error: Event { isTrusted: [36m[Getter][39m }

stderr | src/storybook.test.tsx > Storybook Tests > crd/CustomResourceDefinition > Details
WebSocket error: Event { isTrusted: [36m[Getter][39m }

stderr | src/storybook.test.tsx > Storybook Tests > crd/CustomResourceDefinition > Details
WebSocket error: Event { isTrusted: [36m[Getter][39m }

stderr | src/storybook.test.tsx > Storybook Tests > crd/CustomResourceDefinition > Details
WebSocket error: Event { isTrusted: [36m[Getter][39m }

stderr | src/storybook.test.tsx > Storybook Tests > crd/CustomResourceDetails > NoError
WebSocket error: Event { isTrusted: [36m[Getter][39m }

stderr | src/storybook.test.tsx > Storybook Tests > crd/CustomResourceDetails > NoError
Unable to parse error json at url: http://localhost:4466/api/v1/namespaces/mynamespace/events?fieldSelector=involvedObject.kind%3DMyCustomResource%2CinvolvedObject.name%3Dmycustomresource%2CinvolvedObject.namespace%3Dmynamespace&limit=2000 {
  err: SyntaxError: Unexpected end of JSON input
      at JSON.parse (<anonymous>)
  [90m    at parseJSONFromBytes (node:internal/deps/undici/undici:5738:19)[39m
  [90m    at successSteps (node:internal/deps/undici/undici:5719:27)[39m
  [90m    at consumeBody (node:internal/deps/undici/undici:5725:9)[39m
  [90m    at Response.json (node:internal/deps/undici/undici:5665:18)[39m
      at clusterRequest [90m(/Users/dibyanshukushwaha/.gemini/antigravity/scratch/headlamp_4409/frontend/[39msrc/lib/k8s/api/v1/clusterRequests.ts:200:37[90m)[39m
      at Function.objectEvents [90m(/Users/dibyanshukushwaha/.gemini/antigravity/scratch/headlamp_4409/frontend/[39msrc/lib/k8s/event.ts:167:22[90m)[39m
      at fetchEvents [90m(/Users/dibyanshukushwaha/.gemini/antigravity/scratch/headlamp_4409/frontend/[39msrc/components/common/ObjectEventList.tsx:44:22[90m)[39m
} with request data: { signal: AbortSignal {}, credentials: [32m'include'[39m, headers: {} }

stderr | src/storybook.test.tsx > Storybook Tests > crd/CustomResourceDetails > NoError
Failed to fetch events for object: CRClass {
  jsonData: {
    kind: [32m'MyCustomResource'[39m,
    apiVersion: [32m'my.phonyresources.io/v1'[39m,
    metadata: {
      name: [32m'mycustomresource'[39m,
      uid: [32m'phony2'[39m,
      creationTimestamp: [32m'Wed Dec 15 2021 20:27:13 GMT+0530 (India Standard Time)'[39m,
      resourceVersion: [32m'1'[39m,
      namespace: [32m'mynamespace'[39m,
      selfLink: [32m'1'[39m
    }
  },
  _clusterName: [32m''[39m
} Error: Unreachable
    at clusterRequest [90m(/Users/dibyanshukushwaha/.gemini/antigravity/scratch/headlamp_4409/frontend/[39msrc/lib/k8s/api/v1/clusterRequests.ts:213:19[90m)[39m
    at Function.objectEvents [90m(/Users/dibyanshukushwaha/.gemini/antigravity/scratch/headlamp_4409/frontend/[39msrc/lib/k8s/event.ts:167:22[90m)[39m
    at fetchEvents [90m(/Users/dibyanshukushwaha/.gemini/antigravity/scratch/headlamp_4409/frontend/[39msrc/components/common/ObjectEventList.tsx:44:22[90m)[39m {
  status: [33m502[39m
}

stderr | src/storybook.test.tsx > Storybook Tests > crd/CustomResourceDetails > NoError
WebSocket error: Event { isTrusted: [36m[Getter][39m }

stderr | src/storybook.test.tsx > Storybook Tests > crd/CustomResourceDetails > ErrorGettingCR
WebSocket error: Event { isTrusted: [36m[Getter][39m }

stderr | src/storybook.test.tsx > Storybook Tests > crd/CustomResourceList > List
WebSocket error: Event { isTrusted: [36m[Getter][39m }

stderr | src/storybook.test.tsx > Storybook Tests > crd/CustomResourceList > List
WebSocket error: Event { isTrusted: [36m[Getter][39m }

stderr | src/storybook.test.tsx > Storybook Tests > crd/CustomResourceList > List
WebSocket error: Event { isTrusted: [36m[Getter][39m }

stderr | src/storybook.test.tsx > Storybook Tests > CronJob/CronJobDetailsView > EveryMinute
WebSocket error: Event { isTrusted: [36m[Getter][39m }

stderr | src/storybook.test.tsx > Storybook Tests > CronJob/CronJobDetailsView > EveryMinute
WebSocket error: Event { isTrusted: [36m[Getter][39m }

stdout | src/storybook.test.tsx > Storybook Tests > CronJob/CronJobDetailsView > EveryAst
Could not describe cron "*" for cronJob default/every-minute-one-char: Error: Expression has only 1 part. At least 5 parts are required.

stderr | src/storybook.test.tsx > Storybook Tests > CronJob/CronJobDetailsView > EveryAst
WebSocket error: Event { isTrusted: [36m[Getter][39m }

stdout | src/storybook.test.tsx > Storybook Tests > CronJob/CronJobDetailsView > EveryAst
Could not describe cron "*" for cronJob default/every-minute-one-char: Error: Expression has only 1 part. At least 5 parts are required.
Could not describe cron "*" for cronJob default/every-minute-one-char: Error: Expression has only 1 part. At least 5 parts are required.

stderr | src/storybook.test.tsx > Storybook Tests > CronJob/CronJobDetailsView > EveryAst
WebSocket error: Event { isTrusted: [36m[Getter][39m }

stderr | src/storybook.test.tsx > Storybook Tests > CronJob/CronJobListView > Items
WebSocket error: Event { isTrusted: [36m[Getter][39m }

stdout | src/storybook.test.tsx > Storybook Tests > CronJob/CronJobListView > Items
Could not describe cron "*" for cronJob default/every-minute-one-char: Error: Expression has only 1 part. At least 5 parts are required.

stderr | src/storybook.test.tsx > Storybook Tests > CronJob/CronJobListView > Items
Warning: Encountered two children with the same key, `123`. Keys should be unique so that components maintain their identity across updates. Non-unique keys may cause children to be duplicated and/or omitted — the behavior is unsupported and could change in a future version.
    at tbody
    at /Users/dibyanshukushwaha/.gemini/antigravity/scratch/headlamp_4409/frontend/node_modules/@emotion/react/dist/emotion-element-9150ebbd.development.cjs.js:75:23
    at table
    at /Users/dibyanshukushwaha/.gemini/antigravity/scratch/headlamp_4409/frontend/node_modules/@emotion/react/dist/emotion-element-9150ebbd.development.cjs.js:75:23
    at Table (/Users/dibyanshukushwaha/.gemini/antigravity/scratch/headlamp_4409/frontend/node_modules/@mui/material/node/Table/Table.js:61:59)
    at Table (/Users/dibyanshukushwaha/.gemini/antigravity/scratch/headlamp_4409/frontend/src/components/common/Table/Table.tsx:84:3)
    at ResourceTableContent (/Users/dibyanshukushwaha/.gemini/antigravity/scratch/headlamp_4409/frontend/src/components/common/Resource/ResourceTable.tsx:153:5)
    at TableFromResourceClass (/Users/dibyanshukushwaha/.gemini/antigravity/scratch/headlamp_4409/frontend/src/components/common/Resource/ResourceTable.tsx:61:11)
    at ResourceTable (/Users/dibyanshukushwaha/.gemini/antigravity/scratch/headlamp_4409/frontend/src/components/common/Resource/ResourceTable.tsx:46:15)
    at div
    at /Users/dibyanshukushwaha/.gemini/antigravity/scratch/headlamp_4409/frontend/node_modules/@emotion/react/dist/emotion-element-9150ebbd.development.cjs.js:75:23
    at Box (/Users/dibyanshukushwaha/.gemini/antigravity/scratch/headlamp_4409/frontend/node_modules/@mui/system/createBox.js:31:41)
    at div
    at /Users/dibyanshukushwaha/.gemini/antigravity/scratch/headlamp_4409/frontend/node_modules/@emotion/react/dist/emotion-element-9150ebbd.development.cjs.js:75:23
    at Box (/Users/dibyanshukushwaha/.gemini/antigravity/scratch/headlamp_4409/frontend/node_modules/@mui/system/createBox.js:31:41)
    at SectionBox (/Users/dibyanshukushwaha/.gemini/antigravity/scratch/headlamp_4409/frontend/src/components/common/SectionBox.tsx:17:5)
    at ResourceListView (/Users/dibyanshukushwaha/.gemini/antigravity/scratch/headlamp_4409/frontend/src/components/common/Resource/ResourceListView.tsx:15:11)
    at CronJobList (/Users/dibyanshukushwaha/.gemini/antigravity/scratch/headlamp_4409/frontend/src/components/cronjob/List.tsx:50:63)
    at hookified (file:///Users/dibyanshukushwaha/.gemini/antigravity/scratch/headlamp_4409/frontend/node_modules/storybook/dist/preview-api/index.js:1979:18)
    at Router (/Users/dibyanshukushwaha/.gemini/antigravity/scratch/headlamp_4409/frontend/node_modules/react-router/cjs/react-router.js:283:30)
    at MemoryRouter (/Users/dibyanshukushwaha/.gemini/antigravity/scratch/headlamp_4409/frontend/node_modules/react-router/cjs/react-router.js:385:35)
    at Provider (file:///Users/dibyanshukushwaha/.gemini/antigravity/scratch/headlamp_4409/frontend/node_modules/react-redux/dist/react-redux.mjs:1036:3)
    at TestContext (/Users/dibyanshukushwaha/.gemini/antigravity/scratch/headlamp_4409/frontend/src/test/index.tsx:15:11)
    at DefaultPropsProvider (/Users/dibyanshukushwaha/.gemini/antigravity/scratch/headlamp_4409/frontend/node_modules/@mui/system/DefaultPropsProvider/DefaultPropsProvider.js:18:3)
    at RtlProvider (/Users/dibyanshukushwaha/.gemini/antigravity/scratch/headlamp_4409/frontend/node_modules/@mui/system/RtlProvider/index.js:19:7)
    at ThemeProvider (/Users/dibyanshukushwaha/.gemini/antigravity/scratch/headlamp_4409/frontend/node_modules/@mui/private-theming/node/ThemeProvider/ThemeProvider.js:39:5)
    at ThemeProvider (/Users/dibyanshukushwaha/.gemini/antigravity/scratch/headlamp_4409/frontend/node_modules/@mui/system/ThemeProvider/ThemeProvider.js:52:5)
    at ThemeProvider (/Users/dibyanshukushwaha/.gemini/antigravity/scratch/headlamp_4409/frontend/node_modules/@mui/material/node/styles/ThemeProvider.js:21:14)
    at QueryClientProvider (file:///Users/dibyanshukushwaha/.gemini/antigravity/scratch/headlamp_4409/frontend/node_modules/@tanstack/react-query/build/modern/QueryClientProvider.js:20:3)
    at unboundStoryFn (file:///Users/dibyanshukushwaha/.gemini/antigravity/scratch/headlamp_4409/frontend/node_modules/storybook/dist/preview-api/index.js:2896:109)
Warning: Encountered two children with the same key, `123`. Keys should be unique so that components maintain their identity across updates. Non-unique keys may cause children to be duplicated and/or omitted — the behavior is unsupported and could change in a future version.
    at tbody
    at /Users/dibyanshukushwaha/.gemini/antigravity/scratch/headlamp_4409/frontend/node_modules/@emotion/react/dist/emotion-element-9150ebbd.development.cjs.js:75:23
    at table
    at /Users/dibyanshukushwaha/.gemini/antigravity/scratch/headlamp_4409/frontend/node_modules/@emotion/react/dist/emotion-element-9150ebbd.development.cjs.js:75:23
    at Table (/Users/dibyanshukushwaha/.gemini/antigravity/scratch/headlamp_4409/frontend/node_modules/@mui/material/node/Table/Table.js:61:59)
    at Table (/Users/dibyanshukushwaha/.gemini/antigravity/scratch/headlamp_4409/frontend/src/components/common/Table/Table.tsx:84:3)
    at ResourceTableContent (/Users/dibyanshukushwaha/.gemini/antigravity/scratch/headlamp_4409/frontend/src/components/common/Resource/ResourceTable.tsx:153:5)
    at TableFromResourceClass (/Users/dibyanshukushwaha/.gemini/antigravity/scratch/headlamp_4409/frontend/src/components/common/Resource/ResourceTable.tsx:61:11)
    at ResourceTable (/Users/dibyanshukushwaha/.gemini/antigravity/scratch/headlamp_4409/frontend/src/components/common/Resource/ResourceTable.tsx:46:15)
    at div
    at /Users/dibyanshukushwaha/.gemini/antigravity/scratch/headlamp_4409/frontend/node_modules/@emotion/react/dist/emotion-element-9150ebbd.development.cjs.js:75:23
    at Box (/Users/dibyanshukushwaha/.gemini/antigravity/scratch/headlamp_4409/frontend/node_modules/@mui/system/createBox.js:31:41)
    at div
    at /Users/dibyanshukushwaha/.gemini/antigravity/scratch/headlamp_4409/frontend/node_modules/@emotion/react/dist/emotion-element-9150ebbd.development.cjs.js:75:23
    at Box (/Users/dibyanshukushwaha/.gemini/antigravity/scratch/headlamp_4409/frontend/node_modules/@mui/system/createBox.js:31:41)
    at SectionBox (/Users/dibyanshukushwaha/.gemini/antigravity/scratch/headlamp_4409/frontend/src/components/common/SectionBox.tsx:17:5)
    at ResourceListView (/Users/dibyanshukushwaha/.gemini/antigravity/scratch/headlamp_4409/frontend/src/components/common/Resource/ResourceListView.tsx:15:11)
    at CronJobList (/Users/dibyanshukushwaha/.gemini/antigravity/scratch/headlamp_4409/frontend/src/components/cronjob/List.tsx:50:63)
    at hookified (file:///Users/dibyanshukushwaha/.gemini/antigravity/scratch/headlamp_4409/frontend/node_modules/storybook/dist/preview-api/index.js:1979:18)
    at Router (/Users/dibyanshukushwaha/.gemini/antigravity/scratch/headlamp_4409/frontend/node_modules/react-router/cjs/react-router.js:283:30)
    at MemoryRouter (/Users/dibyanshukushwaha/.gemini/antigravity/scratch/headlamp_4409/frontend/node_modules/react-router/cjs/react-router.js:385:35)
    at Provider (file:///Users/dibyanshukushwaha/.gemini/antigravity/scratch/headlamp_4409/frontend/node_modules/react-redux/dist/react-redux.mjs:1036:3)
    at TestContext (/Users/dibyanshukushwaha/.gemini/antigravity/scratch/headlamp_4409/frontend/src/test/index.tsx:15:11)
    at DefaultPropsProvider (/Users/dibyanshukushwaha/.gemini/antigravity/scratch/headlamp_4409/frontend/node_modules/@mui/system/DefaultPropsProvider/DefaultPropsProvider.js:18:3)
    at RtlProvider (/Users/dibyanshukushwaha/.gemini/antigravity/scratch/headlamp_4409/frontend/node_modules/@mui/system/RtlProvider/index.js:19:7)
    at ThemeProvider (/Users/dibyanshukushwaha/.gemini/antigravity/scratch/headlamp_4409/frontend/node_modules/@mui/private-theming/node/ThemeProvider/ThemeProvider.js:39:5)
    at ThemeProvider (/Users/dibyanshukushwaha/.gemini/antigravity/scratch/headlamp_4409/frontend/node_modules/@mui/system/ThemeProvider/ThemeProvider.js:52:5)
    at ThemeProvider (/Users/dibyanshukushwaha/.gemini/antigravity/scratch/headlamp_4409/frontend/node_modules/@mui/material/node/styles/ThemeProvider.js:21:14)
    at QueryClientProvider (file:///Users/dibyanshukushwaha/.gemini/antigravity/scratch/headlamp_4409/frontend/node_modules/@tanstack/react-query/build/modern/QueryClientProvider.js:20:3)
    at unboundStoryFn (file:///Users/dibyanshukushwaha/.gemini/antigravity/scratch/headlamp_4409/frontend/node_modules/storybook/dist/preview-api/index.js:2896:109)
Warning: Encountered two children with the same key, `123`. Keys should be unique so that components maintain their identity across updates. Non-unique keys may cause children to be duplicated and/or omitted — the behavior is unsupported and could change in a future version.
    at tbody
    at /Users/dibyanshukushwaha/.gemini/antigravity/scratch/headlamp_4409/frontend/node_modules/@emotion/react/dist/emotion-element-9150ebbd.development.cjs.js:75:23
    at table
    at /Users/dibyanshukushwaha/.gemini/antigravity/scratch/headlamp_4409/frontend/node_modules/@emotion/react/dist/emotion-element-9150ebbd.development.cjs.js:75:23
    at Table (/Users/dibyanshukushwaha/.gemini/antigravity/scratch/headlamp_4409/frontend/node_modules/@mui/material/node/Table/Table.js:61:59)
    at Table (/Users/dibyanshukushwaha/.gemini/antigravity/scratch/headlamp_4409/frontend/src/components/common/Table/Table.tsx:84:3)
    at ResourceTableContent (/Users/dibyanshukushwaha/.gemini/antigravity/scratch/headlamp_4409/frontend/src/components/common/Resource/ResourceTable.tsx:153:5)
    at TableFromResourceClass (/Users/dibyanshukushwaha/.gemini/antigravity/scratch/headlamp_4409/frontend/src/components/common/Resource/ResourceTable.tsx:61:11)
    at ResourceTable (/Users/dibyanshukushwaha/.gemini/antigravity/scratch/headlamp_4409/frontend/src/components/common/Resource/ResourceTable.tsx:46:15)
    at div
    at /Users/dibyanshukushwaha/.gemini/antigravity/scratch/headlamp_4409/frontend/node_modules/@emotion/react/dist/emotion-element-9150ebbd.development.cjs.js:75:23
    at Box (/Users/dibyanshukushwaha/.gemini/antigravity/scratch/headlamp_4409/frontend/node_modules/@mui/system/createBox.js:31:41)
    at div
    at /Users/dibyanshukushwaha/.gemini/antigravity/scratch/headlamp_4409/frontend/node_modules/@emotion/react/dist/emotion-element-9150ebbd.development.cjs.js:75:23
    at Box (/Users/dibyanshukushwaha/.gemini/antigravity/scratch/headlamp_4409/frontend/node_modules/@mui/system/createBox.js:31:41)
    at SectionBox (/Users/dibyanshukushwaha/.gemini/antigravity/scratch/headlamp_4409/frontend/src/components/common/SectionBox.tsx:17:5)
    at ResourceListView (/Users/dibyanshukushwaha/.gemini/antigravity/scratch/headlamp_4409/frontend/src/components/common/Resource/ResourceListView.tsx:15:11)
    at CronJobList (/Users/dibyanshukushwaha/.gemini/antigravity/scratch/headlamp_4409/frontend/src/components/cronjob/List.tsx:50:63)
    at hookified (file:///Users/dibyanshukushwaha/.gemini/antigravity/scratch/headlamp_4409/frontend/node_modules/storybook/dist/preview-api/index.js:1979:18)
    at Router (/Users/dibyanshukushwaha/.gemini/antigravity/scratch/headlamp_4409/frontend/node_modules/react-router/cjs/react-router.js:283:30)
    at MemoryRouter (/Users/dibyanshukushwaha/.gemini/antigravity/scratch/headlamp_4409/frontend/node_modules/react-router/cjs/react-router.js:385:35)
    at Provider (file:///Users/dibyanshukushwaha/.gemini/antigravity/scratch/headlamp_4409/frontend/node_modules/react-redux/dist/react-redux.mjs:1036:3)
    at TestContext (/Users/dibyanshukushwaha/.gemini/antigravity/scratch/headlamp_4409/frontend/src/test/index.tsx:15:11)
    at DefaultPropsProvider (/Users/dibyanshukushwaha/.gemini/antigravity/scratch/headlamp_4409/frontend/node_modules/@mui/system/DefaultPropsProvider/DefaultPropsProvider.js:18:3)
    at RtlProvider (/Users/dibyanshukushwaha/.gemini/antigravity/scratch/headlamp_4409/frontend/node_modules/@mui/system/RtlProvider/index.js:19:7)
    at ThemeProvider (/Users/dibyanshukushwaha/.gemini/antigravity/scratch/headlamp_4409/frontend/node_modules/@mui/private-theming/node/ThemeProvider/ThemeProvider.js:39:5)
    at ThemeProvider (/Users/dibyanshukushwaha/.gemini/antigravity/scratch/headlamp_4409/frontend/node_modules/@mui/system/ThemeProvider/ThemeProvider.js:52:5)
    at ThemeProvider (/Users/dibyanshukushwaha/.gemini/antigravity/scratch/headlamp_4409/frontend/node_modules/@mui/material/node/styles/ThemeProvider.js:21:14)
    at QueryClientProvider (file:///Users/dibyanshukushwaha/.gemini/antigravity/scratch/headlamp_4409/frontend/node_modules/@tanstack/react-query/build/modern/QueryClientProvider.js:20:3)
    at unboundStoryFn (file:///Users/dibyanshukushwaha/.gemini/antigravity/scratch/headlamp_4409/frontend/node_modules/storybook/dist/preview-api/index.js:2896:109)
Warning: Encountered two children with the same key, `123`. Keys should be unique so that components maintain their identity across updates. Non-unique keys may cause children to be duplicated and/or omitted — the behavior is unsupported and could change in a future version.
    at tbody
    at /Users/dibyanshukushwaha/.gemini/antigravity/scratch/headlamp_4409/frontend/node_modules/@emotion/react/dist/emotion-element-9150ebbd.development.cjs.js:75:23
    at table
    at /Users/dibyanshukushwaha/.gemini/antigravity/scratch/headlamp_4409/frontend/node_modules/@emotion/react/dist/emotion-element-9150ebbd.development.cjs.js:75:23
    at Table (/Users/dibyanshukushwaha/.gemini/antigravity/scratch/headlamp_4409/frontend/node_modules/@mui/material/node/Table/Table.js:61:59)
    at Table (/Users/dibyanshukushwaha/.gemini/antigravity/scratch/headlamp_4409/frontend/src/components/common/Table/Table.tsx:84:3)
    at ResourceTableContent (/Users/dibyanshukushwaha/.gemini/antigravity/scratch/headlamp_4409/frontend/src/components/common/Resource/ResourceTable.tsx:153:5)
    at TableFromResourceClass (/Users/dibyanshukushwaha/.gemini/antigravity/scratch/headlamp_4409/frontend/src/components/common/Resource/ResourceTable.tsx:61:11)
    at ResourceTable (/Users/dibyanshukushwaha/.gemini/antigravity/scratch/headlamp_4409/frontend/src/components/common/Resource/ResourceTable.tsx:46:15)
    at div
    at /Users/dibyanshukushwaha/.gemini/antigravity/scratch/headlamp_4409/frontend/node_modules/@emotion/react/dist/emotion-element-9150ebbd.development.cjs.js:75:23
    at Box (/Users/dibyanshukushwaha/.gemini/antigravity/scratch/headlamp_4409/frontend/node_modules/@mui/system/createBox.js:31:41)
    at div
    at /Users/dibyanshukushwaha/.gemini/antigravity/scratch/headlamp_4409/frontend/node_modules/@emotion/react/dist/emotion-element-9150ebbd.development.cjs.js:75:23
    at Box (/Users/dibyanshukushwaha/.gemini/antigravity/scratch/headlamp_4409/frontend/node_modules/@mui/system/createBox.js:31:41)
    at SectionBox (/Users/dibyanshukushwaha/.gemini/antigravity/scratch/headlamp_4409/frontend/src/components/common/SectionBox.tsx:17:5)
    at ResourceListView (/Users/dibyanshukushwaha/.gemini/antigravity/scratch/headlamp_4409/frontend/src/components/common/Resource/ResourceListView.tsx:15:11)
    at CronJobList (/Users/dibyanshukushwaha/.gemini/antigravity/scratch/headlamp_4409/frontend/src/components/cronjob/List.tsx:50:63)
    at hookified (file:///Users/dibyanshukushwaha/.gemini/antigravity/scratch/headlamp_4409/frontend/node_modules/storybook/dist/preview-api/index.js:1979:18)
    at Router (/Users/dibyanshukushwaha/.gemini/antigravity/scratch/headlamp_4409/frontend/node_modules/react-router/cjs/react-router.js:283:30)
    at MemoryRouter (/Users/dibyanshukushwaha/.gemini/antigravity/scratch/headlamp_4409/frontend/node_modules/react-router/cjs/react-router.js:385:35)
    at Provider (file:///Users/dibyanshukushwaha/.gemini/antigravity/scratch/headlamp_4409/frontend/node_modules/react-redux/dist/react-redux.mjs:1036:3)
    at TestContext (/Users/dibyanshukushwaha/.gemini/antigravity/scratch/headlamp_4409/frontend/src/test/index.tsx:15:11)
    at DefaultPropsProvider (/Users/dibyanshukushwaha/.gemini/antigravity/scratch/headlamp_4409/frontend/node_modules/@mui/system/DefaultPropsProvider/DefaultPropsProvider.js:18:3)
    at RtlProvider (/Users/dibyanshukushwaha/.gemini/antigravity/scratch/headlamp_4409/frontend/node_modules/@mui/system/RtlProvider/index.js:19:7)
    at ThemeProvider (/Users/dibyanshukushwaha/.gemini/antigravity/scratch/headlamp_4409/frontend/node_modules/@mui/private-theming/node/ThemeProvider/ThemeProvider.js:39:5)
    at ThemeProvider (/Users/dibyanshukushwaha/.gemini/antigravity/scratch/headlamp_4409/frontend/node_modules/@mui/system/ThemeProvider/ThemeProvider.js:52:5)
    at ThemeProvider (/Users/dibyanshukushwaha/.gemini/antigravity/scratch/headlamp_4409/frontend/node_modules/@mui/material/node/styles/ThemeProvider.js:21:14)
    at QueryClientProvider (file:///Users/dibyanshukushwaha/.gemini/antigravity/scratch/headlamp_4409/frontend/node_modules/@tanstack/react-query/build/modern/QueryClientProvider.js:20:3)
    at unboundStoryFn (file:///Users/dibyanshukushwaha/.gemini/antigravity/scratch/headlamp_4409/frontend/node_modules/storybook/dist/preview-api/index.js:2896:109)
Warning: Invalid value for prop `sx` on <span> tag. Either remove it from the element, or pass a string or number value to keep it in the DOM. For details, see https://reactjs.org/link/attribute-behavior 
    at span
    at Tooltip (/Users/dibyanshukushwaha/.gemini/antigravity/scratch/headlamp_4409/frontend/node_modules/@mui/material/node/Tooltip/Tooltip.js:228:59)
    at TooltipLight (/Users/dibyanshukushwaha/.gemini/antigravity/scratch/headlamp_4409/frontend/src/components/common/Tooltip/TooltipLight.tsx:13:11)
    at MRT_TableBodyCellValue (/Users/dibyanshukushwaha/.gemini/antigravity/scratch/headlamp_4409/frontend/node_modules/material-react-table/dist/index.js:1848:35)
    at td
    at /Users/dibyanshukushwaha/.gemini/antigravity/scratch/headlamp_4409/frontend/node_modules/@emotion/react/dist/emotion-element-9150ebbd.development.cjs.js:75:23
    at TableCell (/Users/dibyanshukushwaha/.gemini/antigravity/scratch/headlamp_4409/frontend/node_modules/@mui/material/node/TableCell/TableCell.js:108:59)
    at MRT_TableBodyCell (/Users/dibyanshukushwaha/.gemini/antigravity/scratch/headlamp_4409/frontend/node_modules/material-react-table/dist/index.js:2047:11)
    at /Users/dibyanshukushwaha/.gemini/antigravity/scratch/headlamp_4409/frontend/src/components/common/Table/Table.tsx:510:5
    at tr
    at /Users/dibyanshukushwaha/.gemini/antigravity/scratch/headlamp_4409/frontend/node_modules/@emotion/react/dist/emotion-element-9150ebbd.development.cjs.js:75:23
    at /Users/dibyanshukushwaha/.gemini/antigravity/scratch/headlamp_4409/frontend/src/components/common/Table/Table.tsx:481:5
    at tbody
    at /Users/dibyanshukushwaha/.gemini/antigravity/scratch/headlamp_4409/frontend/node_modules/@emotion/react/dist/emotion-element-9150ebbd.development.cjs.js:75:23
    at table
    at /Users/dibyanshukushwaha/.gemini/antigravity/scratch/headlamp_4409/frontend/node_modules/@emotion/react/dist/emotion-element-9150ebbd.development.cjs.js:75:23
    at Table (/Users/dibyanshukushwaha/.gemini/antigravity/scratch/headlamp_4409/frontend/node_modules/@mui/material/node/Table/Table.js:61:59)
    at Table (/Users/dibyanshukushwaha/.gemini/antigravity/scratch/headlamp_4409/frontend/src/components/common/Table/Table.tsx:84:3)
    at ResourceTableContent (/Users/dibyanshukushwaha/.gemini/antigravity/scratch/headlamp_4409/frontend/src/components/common/Resource/ResourceTable.tsx:153:5)
    at TableFromResourceClass (/Users/dibyanshukushwaha/.gemini/antigravity/scratch/headlamp_4409/frontend/src/components/common/Resource/ResourceTable.tsx:61:11)
    at ResourceTable (/Users/dibyanshukushwaha/.gemini/antigravity/scratch/headlamp_4409/frontend/src/components/common/Resource/ResourceTable.tsx:46:15)
    at div
    at /Users/dibyanshukushwaha/.gemini/antigravity/scratch/headlamp_4409/frontend/node_modules/@emotion/react/dist/emotion-element-9150ebbd.development.cjs.js:75:23
    at Box (/Users/dibyanshukushwaha/.gemini/antigravity/scratch/headlamp_4409/frontend/node_modules/@mui/system/createBox.js:31:41)
    at div
    at /Users/dibyanshukushwaha/.gemini/antigravity/scratch/headlamp_4409/frontend/node_modules/@emotion/react/dist/emotion-element-9150ebbd.development.cjs.js:75:23
    at Box (/Users/dibyanshukushwaha/.gemini/antigravity/scratch/headlamp_4409/frontend/node_modules/@mui/system/createBox.js:31:41)
    at SectionBox (/Users/dibyanshukushwaha/.gemini/antigravity/scratch/headlamp_4409/frontend/src/components/common/SectionBox.tsx:17:5)
    at ResourceListView (/Users/dibyanshukushwaha/.gemini/antigravity/scratch/headlamp_4409/frontend/src/components/common/Resource/ResourceListView.tsx:15:11)
    at CronJobList (/Users/dibyanshukushwaha/.gemini/antigravity/scratch/headlamp_4409/frontend/src/components/cronjob/List.tsx:50:63)
    at hookified (file:///Users/dibyanshukushwaha/.gemini/antigravity/scratch/headlamp_4409/frontend/node_modules/storybook/dist/preview-api/index.js:1979:18)
    at Router (/Users/dibyanshukushwaha/.gemini/antigravity/scratch/headlamp_4409/frontend/node_modules/react-router/cjs/react-router.js:283:30)
    at MemoryRouter (/Users/dibyanshukushwaha/.gemini/antigravity/scratch/headlamp_4409/frontend/node_modules/react-router/cjs/react-router.js:385:35)
    at Provider (file:///Users/dibyanshukushwaha/.gemini/antigravity/scratch/headlamp_4409/frontend/node_modules/react-redux/dist/react-redux.mjs:1036:3)
    at TestContext (/Users/dibyanshukushwaha/.gemini/antigravity/scratch/headlamp_4409/frontend/src/test/index.tsx:15:11)
    at DefaultPropsProvider (/Users/dibyanshukushwaha/.gemini/antigravity/scratch/headlamp_4409/frontend/node_modules/@mui/system/DefaultPropsProvider/DefaultPropsProvider.js:18:3)
    at RtlProvider (/Users/dibyanshukushwaha/.gemini/antigravity/scratch/headlamp_4409/frontend/node_modules/@mui/system/RtlProvider/index.js:19:7)
    at ThemeProvider (/Users/dibyanshukushwaha/.gemini/antigravity/scratch/headlamp_4409/frontend/node_modules/@mui/private-theming/node/ThemeProvider/ThemeProvider.js:39:5)
    at ThemeProvider (/Users/dibyanshukushwaha/.gemini/antigravity/scratch/headlamp_4409/frontend/node_modules/@mui/system/ThemeProvider/ThemeProvider.js:52:5)
    at ThemeProvider (/Users/dibyanshukushwaha/.gemini/antigravity/scratch/headlamp_4409/frontend/node_modules/@mui/material/node/styles/ThemeProvider.js:21:14)
    at QueryClientProvider (file:///Users/dibyanshukushwaha/.gemini/antigravity/scratch/headlamp_4409/frontend/node_modules/@tanstack/react-query/build/modern/QueryClientProvider.js:20:3)
    at unboundStoryFn (file:///Users/dibyanshukushwaha/.gemini/antigravity/scratch/headlamp_4409/frontend/node_modules/storybook/dist/preview-api/index.js:2896:109)

stderr | src/storybook.test.tsx > Storybook Tests > CronJob/CronJobListView > Items
WebSocket error: Event { isTrusted: [36m[Getter][39m }

stderr | src/storybook.test.tsx > Storybook Tests > DaemonSet/List > DaemonSets
WebSocket error: Event { isTrusted: [36m[Getter][39m }

stderr | src/storybook.test.tsx > Storybook Tests > DaemonSet/List > DaemonSets
WebSocket error: Event { isTrusted: [36m[Getter][39m }

stderr | src/storybook.test.tsx > Storybook Tests > Deployment/List > Deployments
WebSocket error: Event { isTrusted: [36m[Getter][39m }

stderr | src/storybook.test.tsx > Storybook Tests > Deployment/List > Deployments
Warning: Each child in a list should have a unique "key" prop. See https://reactjs.org/link/warning-keys for more information.
    at MRT_TableBodyCellValue (/Users/dibyanshukushwaha/.gemini/antigravity/scratch/headlamp_4409/frontend/node_modules/material-react-table/dist/index.js:1848:35)
    at td
    at /Users/dibyanshukushwaha/.gemini/antigravity/scratch/headlamp_4409/frontend/node_modules/@emotion/react/dist/emotion-element-9150ebbd.development.cjs.js:75:23
    at TableCell (/Users/dibyanshukushwaha/.gemini/antigravity/scratch/headlamp_4409/frontend/node_modules/@mui/material/node/TableCell/TableCell.js:108:59)
    at MRT_TableBodyCell (/Users/dibyanshukushwaha/.gemini/antigravity/scratch/headlamp_4409/frontend/node_modules/material-react-table/dist/index.js:2047:11)
    at /Users/dibyanshukushwaha/.gemini/antigravity/scratch/headlamp_4409/frontend/src/components/common/Table/Table.tsx:510:5
    at tr
    at /Users/dibyanshukushwaha/.gemini/antigravity/scratch/headlamp_4409/frontend/node_modules/@emotion/react/dist/emotion-element-9150ebbd.development.cjs.js:75:23
    at /Users/dibyanshukushwaha/.gemini/antigravity/scratch/headlamp_4409/frontend/src/components/common/Table/Table.tsx:481:5
    at tbody
    at /Users/dibyanshukushwaha/.gemini/antigravity/scratch/headlamp_4409/frontend/node_modules/@emotion/react/dist/emotion-element-9150ebbd.development.cjs.js:75:23
    at table
    at /Users/dibyanshukushwaha/.gemini/antigravity/scratch/headlamp_4409/frontend/node_modules/@emotion/react/dist/emotion-element-9150ebbd.development.cjs.js:75:23
    at Table (/Users/dibyanshukushwaha/.gemini/antigravity/scratch/headlamp_4409/frontend/node_modules/@mui/material/node/Table/Table.js:61:59)
    at Table (/Users/dibyanshukushwaha/.gemini/antigravity/scratch/headlamp_4409/frontend/src/components/common/Table/Table.tsx:84:3)
    at ResourceTableContent (/Users/dibyanshukushwaha/.gemini/antigravity/scratch/headlamp_4409/frontend/src/components/common/Resource/ResourceTable.tsx:153:5)
    at TableFromResourceClass (/Users/dibyanshukushwaha/.gemini/antigravity/scratch/headlamp_4409/frontend/src/components/common/Resource/ResourceTable.tsx:61:11)
    at ResourceTable (/Users/dibyanshukushwaha/.gemini/antigravity/scratch/headlamp_4409/frontend/src/components/common/Resource/ResourceTable.tsx:46:15)
    at div
    at /Users/dibyanshukushwaha/.gemini/antigravity/scratch/headlamp_4409/frontend/node_modules/@emotion/react/dist/emotion-element-9150ebbd.development.cjs.js:75:23
    at Box (/Users/dibyanshukushwaha/.gemini/antigravity/scratch/headlamp_4409/frontend/node_modules/@mui/system/createBox.js:31:41)
    at div
    at /Users/dibyanshukushwaha/.gemini/antigravity/scratch/headlamp_4409/frontend/node_modules/@emotion/react/dist/emotion-element-9150ebbd.development.cjs.js:75:23
    at Box (/Users/dibyanshukushwaha/.gemini/antigravity/scratch/headlamp_4409/frontend/node_modules/@mui/system/createBox.js:31:41)
    at SectionBox (/Users/dibyanshukushwaha/.gemini/antigravity/scratch/headlamp_4409/frontend/src/components/common/SectionBox.tsx:17:5)
    at ResourceListView (/Users/dibyanshukushwaha/.gemini/antigravity/scratch/headlamp_4409/frontend/src/components/common/Resource/ResourceListView.tsx:15:11)
    at DeploymentsList (/Users/dibyanshukushwaha/.gemini/antigravity/scratch/headlamp_4409/frontend/src/components/deployments/List.tsx:17:57)
    at div
    at /Users/dibyanshukushwaha/.gemini/antigravity/scratch/headlamp_4409/frontend/node_modules/@emotion/react/dist/emotion-element-9150ebbd.development.cjs.js:75:23
    at Container (/Users/dibyanshukushwaha/.gemini/antigravity/scratch/headlamp_4409/frontend/node_modules/@mui/system/Container/createContainer.js:110:19)
    at hookified (file:///Users/dibyanshukushwaha/.gemini/antigravity/scratch/headlamp_4409/frontend/node_modules/storybook/dist/preview-api/index.js:1979:18)
    at Router (/Users/dibyanshukushwaha/.gemini/antigravity/scratch/headlamp_4409/frontend/node_modules/react-router/cjs/react-router.js:283:30)
    at MemoryRouter (/Users/dibyanshukushwaha/.gemini/antigravity/scratch/headlamp_4409/frontend/node_modules/react-router/cjs/react-router.js:385:35)
    at Provider (file:///Users/dibyanshukushwaha/.gemini/antigravity/scratch/headlamp_4409/frontend/node_modules/react-redux/dist/react-redux.mjs:1036:3)
    at TestContext (/Users/dibyanshukushwaha/.gemini/antigravity/scratch/headlamp_4409/frontend/src/test/index.tsx:15:11)
    at DefaultPropsProvider (/Users/dibyanshukushwaha/.gemini/antigravity/scratch/headlamp_4409/frontend/node_modules/@mui/system/DefaultPropsProvider/DefaultPropsProvider.js:18:3)
    at RtlProvider (/Users/dibyanshukushwaha/.gemini/antigravity/scratch/headlamp_4409/frontend/node_modules/@mui/system/RtlProvider/index.js:19:7)
    at ThemeProvider (/Users/dibyanshukushwaha/.gemini/antigravity/scratch/headlamp_4409/frontend/node_modules/@mui/private-theming/node/ThemeProvider/ThemeProvider.js:39:5)
    at ThemeProvider (/Users/dibyanshukushwaha/.gemini/antigravity/scratch/headlamp_4409/frontend/node_modules/@mui/system/ThemeProvider/ThemeProvider.js:52:5)
    at ThemeProvider (/Users/dibyanshukushwaha/.gemini/antigravity/scratch/headlamp_4409/frontend/node_modules/@mui/material/node/styles/ThemeProvider.js:21:14)
    at QueryClientProvider (file:///Users/dibyanshukushwaha/.gemini/antigravity/scratch/headlamp_4409/frontend/node_modules/@tanstack/react-query/build/modern/QueryClientProvider.js:20:3)
    at unboundStoryFn (file:///Users/dibyanshukushwaha/.gemini/antigravity/scratch/headlamp_4409/frontend/node_modules/storybook/dist/preview-api/index.js:2896:109)

stderr | src/storybook.test.tsx > Storybook Tests > Deployment/List > Deployments
WebSocket error: Event { isTrusted: [36m[Getter][39m }

stderr | src/storybook.test.tsx > Storybook Tests > endpointslice/EndpointSliceDetailsView > Default
Error: Uncaught [TypeError: Cannot read properties of undefined (reading 'ready')]
    at reportException (/Users/dibyanshukushwaha/.gemini/antigravity/scratch/headlamp_4409/frontend/node_modules/jsdom/lib/jsdom/living/helpers/runtime-script-errors.js:66:24)
    at innerInvokeEventListeners (/Users/dibyanshukushwaha/.gemini/antigravity/scratch/headlamp_4409/frontend/node_modules/jsdom/lib/jsdom/living/events/EventTarget-impl.js:353:9)
    at invokeEventListeners (/Users/dibyanshukushwaha/.gemini/antigravity/scratch/headlamp_4409/frontend/node_modules/jsdom/lib/jsdom/living/events/EventTarget-impl.js:286:3)
    at HTMLUnknownElementImpl._dispatch (/Users/dibyanshukushwaha/.gemini/antigravity/scratch/headlamp_4409/frontend/node_modules/jsdom/lib/jsdom/living/events/EventTarget-impl.js:233:9)
    at HTMLUnknownElementImpl.dispatchEvent (/Users/dibyanshukushwaha/.gemini/antigravity/scratch/headlamp_4409/frontend/node_modules/jsdom/lib/jsdom/living/events/EventTarget-impl.js:104:17)
    at HTMLUnknownElement.dispatchEvent (/Users/dibyanshukushwaha/.gemini/antigravity/scratch/headlamp_4409/frontend/node_modules/jsdom/lib/jsdom/living/generated/EventTarget.js:241:34)
    at Object.invokeGuardedCallbackDev (/Users/dibyanshukushwaha/.gemini/antigravity/scratch/headlamp_4409/frontend/node_modules/react-dom/cjs/react-dom.development.js:4213:16)
    at invokeGuardedCallback (/Users/dibyanshukushwaha/.gemini/antigravity/scratch/headlamp_4409/frontend/node_modules/react-dom/cjs/react-dom.development.js:4277:31)
    at beginWork$1 (/Users/dibyanshukushwaha/.gemini/antigravity/scratch/headlamp_4409/frontend/node_modules/react-dom/cjs/react-dom.development.js:27490:7)
    at performUnitOfWork (/Users/dibyanshukushwaha/.gemini/antigravity/scratch/headlamp_4409/frontend/node_modules/react-dom/cjs/react-dom.development.js:26599:12) TypeError: Cannot read properties of undefined (reading 'ready')
    at Object.getter [90m(/Users/dibyanshukushwaha/.gemini/antigravity/scratch/headlamp_4409/frontend/[39msrc/components/endpointSlices/Details.tsx:81:70[90m)[39m
    at [90m/Users/dibyanshukushwaha/.gemini/antigravity/scratch/headlamp_4409/frontend/[39msrc/components/common/SimpleTable.tsx:453:62
    at Array.map (<anonymous>)
    at [90m/Users/dibyanshukushwaha/.gemini/antigravity/scratch/headlamp_4409/frontend/[39msrc/components/common/SimpleTable.tsx:443:26
    at Array.map (<anonymous>)
    at SimpleTable [90m(/Users/dibyanshukushwaha/.gemini/antigravity/scratch/headlamp_4409/frontend/[39msrc/components/common/SimpleTable.tsx:441:28[90m)[39m
    at renderWithHooks [90m(/Users/dibyanshukushwaha/.gemini/antigravity/scratch/headlamp_4409/frontend/[39mnode_modules/[4mreact-dom[24m/cjs/react-dom.development.js:15486:18[90m)[39m
    at mountIndeterminateComponent [90m(/Users/dibyanshukushwaha/.gemini/antigravity/scratch/headlamp_4409/frontend/[39mnode_modules/[4mreact-dom[24m/cjs/react-dom.development.js:20103:13[90m)[39m
    at beginWork [90m(/Users/dibyanshukushwaha/.gemini/antigravity/scratch/headlamp_4409/frontend/[39mnode_modules/[4mreact-dom[24m/cjs/react-dom.development.js:21626:16[90m)[39m
    at HTMLUnknownElement.callCallback [90m(/Users/dibyanshukushwaha/.gemini/antigravity/scratch/headlamp_4409/frontend/[39mnode_modules/[4mreact-dom[24m/cjs/react-dom.development.js:4164:14[90m)[39m
Error: Uncaught [TypeError: Cannot read properties of undefined (reading 'ready')]
    at reportException (/Users/dibyanshukushwaha/.gemini/antigravity/scratch/headlamp_4409/frontend/node_modules/jsdom/lib/jsdom/living/helpers/runtime-script-errors.js:66:24)
    at innerInvokeEventListeners (/Users/dibyanshukushwaha/.gemini/antigravity/scratch/headlamp_4409/frontend/node_modules/jsdom/lib/jsdom/living/events/EventTarget-impl.js:353:9)
    at invokeEventListeners (/Users/dibyanshukushwaha/.gemini/antigravity/scratch/headlamp_4409/frontend/node_modules/jsdom/lib/jsdom/living/events/EventTarget-impl.js:286:3)
    at HTMLUnknownElementImpl._dispatch (/Users/dibyanshukushwaha/.gemini/antigravity/scratch/headlamp_4409/frontend/node_modules/jsdom/lib/jsdom/living/events/EventTarget-impl.js:233:9)
    at HTMLUnknownElementImpl.dispatchEvent (/Users/dibyanshukushwaha/.gemini/antigravity/scratch/headlamp_4409/frontend/node_modules/jsdom/lib/jsdom/living/events/EventTarget-impl.js:104:17)
    at HTMLUnknownElement.dispatchEvent (/Users/dibyanshukushwaha/.gemini/antigravity/scratch/headlamp_4409/frontend/node_modules/jsdom/lib/jsdom/living/generated/EventTarget.js:241:34)
    at Object.invokeGuardedCallbackDev (/Users/dibyanshukushwaha/.gemini/antigravity/scratch/headlamp_4409/frontend/node_modules/react-dom/cjs/react-dom.development.js:4213:16)
    at invokeGuardedCallback (/Users/dibyanshukushwaha/.gemini/antigravity/scratch/headlamp_4409/frontend/node_modules/react-dom/cjs/react-dom.development.js:4277:31)
    at beginWork$1 (/Users/dibyanshukushwaha/.gemini/antigravity/scratch/headlamp_4409/frontend/node_modules/react-dom/cjs/react-dom.development.js:27490:7)
    at performUnitOfWork (/Users/dibyanshukushwaha/.gemini/antigravity/scratch/headlamp_4409/frontend/node_modules/react-dom/cjs/react-dom.development.js:26599:12) TypeError: Cannot read properties of undefined (reading 'ready')
    at Object.getter [90m(/Users/dibyanshukushwaha/.gemini/antigravity/scratch/headlamp_4409/frontend/[39msrc/components/endpointSlices/Details.tsx:81:70[90m)[39m
    at [90m/Users/dibyanshukushwaha/.gemini/antigravity/scratch/headlamp_4409/frontend/[39msrc/components/common/SimpleTable.tsx:453:62
    at Array.map (<anonymous>)
    at [90m/Users/dibyanshukushwaha/.gemini/antigravity/scratch/headlamp_4409/frontend/[39msrc/components/common/SimpleTable.tsx:443:26
    at Array.map (<anonymous>)
    at SimpleTable [90m(/Users/dibyanshukushwaha/.gemini/antigravity/scratch/headlamp_4409/frontend/[39msrc/components/common/SimpleTable.tsx:441:28[90m)[39m
    at renderWithHooks [90m(/Users/dibyanshukushwaha/.gemini/antigravity/scratch/headlamp_4409/frontend/[39mnode_modules/[4mreact-dom[24m/cjs/react-dom.development.js:15486:18[90m)[39m
    at mountIndeterminateComponent [90m(/Users/dibyanshukushwaha/.gemini/antigravity/scratch/headlamp_4409/frontend/[39mnode_modules/[4mreact-dom[24m/cjs/react-dom.development.js:20103:13[90m)[39m
    at beginWork [90m(/Users/dibyanshukushwaha/.gemini/antigravity/scratch/headlamp_4409/frontend/[39mnode_modules/[4mreact-dom[24m/cjs/react-dom.development.js:21626:16[90m)[39m
    at HTMLUnknownElement.callCallback [90m(/Users/dibyanshukushwaha/.gemini/antigravity/scratch/headlamp_4409/frontend/[39mnode_modules/[4mreact-dom[24m/cjs/react-dom.development.js:4164:14[90m)[39m
The above error occurred in the <SimpleTable> component:

    at SimpleTable (/Users/dibyanshukushwaha/.gemini/antigravity/scratch/headlamp_4409/frontend/src/components/common/SimpleTable.tsx:93:5)
    at div
    at /Users/dibyanshukushwaha/.gemini/antigravity/scratch/headlamp_4409/frontend/node_modules/@emotion/react/dist/emotion-element-9150ebbd.development.cjs.js:75:23
    at Box (/Users/dibyanshukushwaha/.gemini/antigravity/scratch/headlamp_4409/frontend/node_modules/@mui/system/createBox.js:31:41)
    at div
    at /Users/dibyanshukushwaha/.gemini/antigravity/scratch/headlamp_4409/frontend/node_modules/@emotion/react/dist/emotion-element-9150ebbd.development.cjs.js:75:23
    at Box (/Users/dibyanshukushwaha/.gemini/antigravity/scratch/headlamp_4409/frontend/node_modules/@mui/system/createBox.js:31:41)
    at SectionBox (/Users/dibyanshukushwaha/.gemini/antigravity/scratch/headlamp_4409/frontend/src/components/common/SectionBox.tsx:17:5)
    at ErrorBoundary (/Users/dibyanshukushwaha/.gemini/antigravity/scratch/headlamp_4409/frontend/src/components/common/ErrorBoundary/ErrorBoundary.tsx:16:5)
    at div
    at /Users/dibyanshukushwaha/.gemini/antigravity/scratch/headlamp_4409/frontend/node_modules/@emotion/react/dist/emotion-element-9150ebbd.development.cjs.js:75:23
    at Box (/Users/dibyanshukushwaha/.gemini/antigravity/scratch/headlamp_4409/frontend/node_modules/@mui/system/createBox.js:31:41)
    at div
    at /Users/dibyanshukushwaha/.gemini/antigravity/scratch/headlamp_4409/frontend/node_modules/@emotion/react/dist/emotion-element-9150ebbd.development.cjs.js:75:23
    at Grid (/Users/dibyanshukushwaha/.gemini/antigravity/scratch/headlamp_4409/frontend/node_modules/@mui/material/node/Grid/Grid.js:381:64)
    at div
    at /Users/dibyanshukushwaha/.gemini/antigravity/scratch/headlamp_4409/frontend/node_modules/@emotion/react/dist/emotion-element-9150ebbd.development.cjs.js:75:23
    at Grid (/Users/dibyanshukushwaha/.gemini/antigravity/scratch/headlamp_4409/frontend/node_modules/@mui/material/node/Grid/Grid.js:381:64)
    at PageGrid (/Users/dibyanshukushwaha/.gemini/antigravity/scratch/headlamp_4409/frontend/src/components/common/Resource/Resource.tsx:333:11)
    at DetailsGrid (/Users/dibyanshukushwaha/.gemini/antigravity/scratch/headlamp_4409/frontend/src/components/common/Resource/Resource.tsx:88:5)
    at EndpointSliceDetails (/Users/dibyanshukushwaha/.gemini/antigravity/scratch/headlamp_4409/frontend/src/components/endpointSlices/Details.tsx:17:53)
    at Route (/Users/dibyanshukushwaha/.gemini/antigravity/scratch/headlamp_4409/frontend/node_modules/react-router/cjs/react-router.js:664:29)
    at Router (/Users/dibyanshukushwaha/.gemini/antigravity/scratch/headlamp_4409/frontend/node_modules/react-router/cjs/react-router.js:283:30)
    at MemoryRouter (/Users/dibyanshukushwaha/.gemini/antigravity/scratch/headlamp_4409/frontend/node_modules/react-router/cjs/react-router.js:385:35)
    at Provider (file:///Users/dibyanshukushwaha/.gemini/antigravity/scratch/headlamp_4409/frontend/node_modules/react-redux/dist/react-redux.mjs:1036:3)
    at TestContext (/Users/dibyanshukushwaha/.gemini/antigravity/scratch/headlamp_4409/frontend/src/test/index.tsx:15:11)
    at hookified (file:///Users/dibyanshukushwaha/.gemini/antigravity/scratch/headlamp_4409/frontend/node_modules/storybook/dist/preview-api/index.js:1979:18)
    at DefaultPropsProvider (/Users/dibyanshukushwaha/.gemini/antigravity/scratch/headlamp_4409/frontend/node_modules/@mui/system/DefaultPropsProvider/DefaultPropsProvider.js:18:3)
    at RtlProvider (/Users/dibyanshukushwaha/.gemini/antigravity/scratch/headlamp_4409/frontend/node_modules/@mui/system/RtlProvider/index.js:19:7)
    at ThemeProvider (/Users/dibyanshukushwaha/.gemini/antigravity/scratch/headlamp_4409/frontend/node_modules/@mui/private-theming/node/ThemeProvider/ThemeProvider.js:39:5)
    at ThemeProvider (/Users/dibyanshukushwaha/.gemini/antigravity/scratch/headlamp_4409/frontend/node_modules/@mui/system/ThemeProvider/ThemeProvider.js:52:5)
    at ThemeProvider (/Users/dibyanshukushwaha/.gemini/antigravity/scratch/headlamp_4409/frontend/node_modules/@mui/material/node/styles/ThemeProvider.js:21:14)
    at QueryClientProvider (file:///Users/dibyanshukushwaha/.gemini/antigravity/scratch/headlamp_4409/frontend/node_modules/@tanstack/react-query/build/modern/QueryClientProvider.js:20:3)
    at unboundStoryFn (file:///Users/dibyanshukushwaha/.gemini/antigravity/scratch/headlamp_4409/frontend/node_modules/storybook/dist/preview-api/index.js:2896:109)

React will try to recreate this component tree from scratch using the error boundary you provided, ErrorBoundary.

stderr | src/storybook.test.tsx > Storybook Tests > endpointslice/EndpointSliceDetailsView > Default
Unable to parse error json at url: http://localhost:4466/api/v1/namespaces/my-namespace/events?fieldSelector=involvedObject.kind%3DEndpointSlice%2CinvolvedObject.name%3Dmy-endpoint%2CinvolvedObject.namespace%3Dmy-namespace&limit=2000 {
  err: SyntaxError: Unexpected end of JSON input
      at JSON.parse (<anonymous>)
  [90m    at parseJSONFromBytes (node:internal/deps/undici/undici:5738:19)[39m
  [90m    at successSteps (node:internal/deps/undici/undici:5719:27)[39m
  [90m    at consumeBody (node:internal/deps/undici/undici:5725:9)[39m
  [90m    at Response.json (node:internal/deps/undici/undici:5665:18)[39m
      at clusterRequest [90m(/Users/dibyanshukushwaha/.gemini/antigravity/scratch/headlamp_4409/frontend/[39msrc/lib/k8s/api/v1/clusterRequests.ts:200:37[90m)[39m
      at Function.objectEvents [90m(/Users/dibyanshukushwaha/.gemini/antigravity/scratch/headlamp_4409/frontend/[39msrc/lib/k8s/event.ts:167:22[90m)[39m
      at fetchEvents [90m(/Users/dibyanshukushwaha/.gemini/antigravity/scratch/headlamp_4409/frontend/[39msrc/components/common/ObjectEventList.tsx:44:22[90m)[39m
} with request data: { signal: AbortSignal {}, credentials: [32m'include'[39m, headers: {} }

stderr | src/storybook.test.tsx > Storybook Tests > endpointslice/EndpointSliceDetailsView > Default
Failed to fetch events for object: EndpointSlice {
  jsonData: {
    kind: [32m'EndpointSlice'[39m,
    apiVersion: [32m'discovery.k8s.io/v1'[39m,
    metadata: {
      name: [32m'my-endpoint'[39m,
      namespace: [32m'my-namespace'[39m,
      uid: [32m'phony'[39m,
      creationTimestamp: [32m'2020-04-25T00:00:00.000Z'[39m,
      resourceVersion: [32m'1'[39m,
      selfLink: [32m'0'[39m
    },
    endpoints: [ [36m[Object][39m, [36m[Object][39m ],
    ports: [ [36m[Object][39m ]
  },
  _clusterName: [32m''[39m
} Error: Unreachable
    at clusterRequest [90m(/Users/dibyanshukushwaha/.gemini/antigravity/scratch/headlamp_4409/frontend/[39msrc/lib/k8s/api/v1/clusterRequests.ts:213:19[90m)[39m
    at Function.objectEvents [90m(/Users/dibyanshukushwaha/.gemini/antigravity/scratch/headlamp_4409/frontend/[39msrc/lib/k8s/event.ts:167:22[90m)[39m
    at fetchEvents [90m(/Users/dibyanshukushwaha/.gemini/antigravity/scratch/headlamp_4409/frontend/[39msrc/components/common/ObjectEventList.tsx:44:22[90m)[39m {
  status: [33m502[39m
}

stderr | src/storybook.test.tsx > Storybook Tests > endpointslice/EndpointSliceDetailsView > Default
WebSocket error: Event { isTrusted: [36m[Getter][39m }

stderr | src/storybook.test.tsx > Storybook Tests > endpointslice/EndpointSliceListView > Items
WebSocket error: Event { isTrusted: [36m[Getter][39m }

stderr | src/storybook.test.tsx > Storybook Tests > endpointslice/EndpointSliceListView > Items
WebSocket error: Event { isTrusted: [36m[Getter][39m }

stderr | src/storybook.test.tsx > Storybook Tests > endpoints/EndpointsDetailsView > Default
Unable to parse error json at url: http://localhost:4466/api/v1/namespaces/my-namespace/events?fieldSelector=involvedObject.kind%3DEndpoints%2CinvolvedObject.name%3Dmy-endpoint%2CinvolvedObject.namespace%3Dmy-namespace&limit=2000 {
  err: SyntaxError: Unexpected end of JSON input
      at JSON.parse (<anonymous>)
  [90m    at parseJSONFromBytes (node:internal/deps/undici/undici:5738:19)[39m
  [90m    at successSteps (node:internal/deps/undici/undici:5719:27)[39m
  [90m    at consumeBody (node:internal/deps/undici/undici:5725:9)[39m
  [90m    at Response.json (node:internal/deps/undici/undici:5665:18)[39m
      at clusterRequest [90m(/Users/dibyanshukushwaha/.gemini/antigravity/scratch/headlamp_4409/frontend/[39msrc/lib/k8s/api/v1/clusterRequests.ts:200:37[90m)[39m
      at Function.objectEvents [90m(/Users/dibyanshukushwaha/.gemini/antigravity/scratch/headlamp_4409/frontend/[39msrc/lib/k8s/event.ts:167:22[90m)[39m
      at fetchEvents [90m(/Users/dibyanshukushwaha/.gemini/antigravity/scratch/headlamp_4409/frontend/[39msrc/components/common/ObjectEventList.tsx:44:22[90m)[39m
} with request data: { signal: AbortSignal {}, credentials: [32m'include'[39m, headers: {} }

stderr | src/storybook.test.tsx > Storybook Tests > endpoints/EndpointsDetailsView > Default
Failed to fetch events for object: Endpoints {
  jsonData: {
    kind: [32m'Endpoints'[39m,
    apiVersion: [32m'v1'[39m,
    metadata: {
      name: [32m'my-endpoint'[39m,
      namespace: [32m'my-namespace'[39m,
      uid: [32m'phony'[39m,
      creationTimestamp: [32m'2020-04-25T00:00:00.000Z'[39m,
      resourceVersion: [32m'1'[39m,
      selfLink: [32m'0'[39m
    },
    subsets: [ [36m[Object][39m ]
  },
  _clusterName: [32m''[39m
} Error: Unreachable
    at clusterRequest [90m(/Users/dibyanshukushwaha/.gemini/antigravity/scratch/headlamp_4409/frontend/[39msrc/lib/k8s/api/v1/clusterRequests.ts:213:19[90m)[39m
    at Function.objectEvents [90m(/Users/dibyanshukushwaha/.gemini/antigravity/scratch/headlamp_4409/frontend/[39msrc/lib/k8s/event.ts:167:22[90m)[39m
    at fetchEvents [90m(/Users/dibyanshukushwaha/.gemini/antigravity/scratch/headlamp_4409/frontend/[39msrc/components/common/ObjectEventList.tsx:44:22[90m)[39m {
  status: [33m502[39m
}

stderr | src/storybook.test.tsx > Storybook Tests > endpoints/EndpointsDetailsView > Default
WebSocket error: Event { isTrusted: [36m[Getter][39m }

stderr | src/storybook.test.tsx > Storybook Tests > endpoints/EndpointsListView > Items
WebSocket error: Event { isTrusted: [36m[Getter][39m }

stderr | src/storybook.test.tsx > Storybook Tests > endpoints/EndpointsListView > Items
WebSocket error: Event { isTrusted: [36m[Getter][39m }

stderr | src/storybook.test.tsx > Storybook Tests > BackendTLSPolicy/DetailsView > Basic
WebSocket error: Event { isTrusted: [36m[Getter][39m }

stderr | src/storybook.test.tsx > Storybook Tests > BackendTLSPolicy/ListView > Items
WebSocket error: Event { isTrusted: [36m[Getter][39m }

stderr | src/storybook.test.tsx > Storybook Tests > BackendTLSPolicy/ListView > Items
WebSocket error: Event { isTrusted: [36m[Getter][39m }

stderr | src/storybook.test.tsx > Storybook Tests > BackendTrafficPolicy/DetailsView > Basic
WebSocket error: Event { isTrusted: [36m[Getter][39m }

stderr | src/storybook.test.tsx > Storybook Tests > BackendTrafficPolicy/ListView > Items
WebSocket error: Event { isTrusted: [36m[Getter][39m }

stderr | src/storybook.test.tsx > Storybook Tests > BackendTrafficPolicy/ListView > Items
WebSocket error: Event { isTrusted: [36m[Getter][39m }

stderr | src/storybook.test.tsx > Storybook Tests > GatewayClass/DetailsView > Basic
WebSocket error: Event { isTrusted: [36m[Getter][39m }

stderr | src/storybook.test.tsx > Storybook Tests > GatewayClass/ListView > Items
WebSocket error: Event { isTrusted: [36m[Getter][39m }

stderr | src/storybook.test.tsx > Storybook Tests > GRPCRoute/DetailsView > Basic
WebSocket error: Event { isTrusted: [36m[Getter][39m }

stderr | src/storybook.test.tsx > Storybook Tests > GRPCRoute/ListView > Items
WebSocket error: Event { isTrusted: [36m[Getter][39m }

stderr | src/storybook.test.tsx > Storybook Tests > GRPCRoute/ListView > Items
WebSocket error: Event { isTrusted: [36m[Getter][39m }

stderr | src/storybook.test.tsx > Storybook Tests > Gateway/DetailsView > Basic
Warning: Each child in a list should have a unique "key" prop.

Check the render method of `DetailsGrid`. See https://reactjs.org/link/warning-keys for more information.
    at GatewayListenerTable (/Users/dibyanshukushwaha/.gemini/antigravity/scratch/headlamp_4409/frontend/src/components/gateway/GatewayDetails.tsx:21:11)
    at DetailsGrid (/Users/dibyanshukushwaha/.gemini/antigravity/scratch/headlamp_4409/frontend/src/components/common/Resource/Resource.tsx:88:5)
    at GatewayDetails (/Users/dibyanshukushwaha/.gemini/antigravity/scratch/headlamp_4409/frontend/src/components/gateway/GatewayDetails.tsx:67:53)
    at hookified (file:///Users/dibyanshukushwaha/.gemini/antigravity/scratch/headlamp_4409/frontend/node_modules/storybook/dist/preview-api/index.js:1979:18)
    at Route (/Users/dibyanshukushwaha/.gemini/antigravity/scratch/headlamp_4409/frontend/node_modules/react-router/cjs/react-router.js:664:29)
    at Router (/Users/dibyanshukushwaha/.gemini/antigravity/scratch/headlamp_4409/frontend/node_modules/react-router/cjs/react-router.js:283:30)
    at MemoryRouter (/Users/dibyanshukushwaha/.gemini/antigravity/scratch/headlamp_4409/frontend/node_modules/react-router/cjs/react-router.js:385:35)
    at Provider (file:///Users/dibyanshukushwaha/.gemini/antigravity/scratch/headlamp_4409/frontend/node_modules/react-redux/dist/react-redux.mjs:1036:3)
    at TestContext (/Users/dibyanshukushwaha/.gemini/antigravity/scratch/headlamp_4409/frontend/src/test/index.tsx:15:11)
    at DefaultPropsProvider (/Users/dibyanshukushwaha/.gemini/antigravity/scratch/headlamp_4409/frontend/node_modules/@mui/system/DefaultPropsProvider/DefaultPropsProvider.js:18:3)
    at RtlProvider (/Users/dibyanshukushwaha/.gemini/antigravity/scratch/headlamp_4409/frontend/node_modules/@mui/system/RtlProvider/index.js:19:7)
    at ThemeProvider (/Users/dibyanshukushwaha/.gemini/antigravity/scratch/headlamp_4409/frontend/node_modules/@mui/private-theming/node/ThemeProvider/ThemeProvider.js:39:5)
    at ThemeProvider (/Users/dibyanshukushwaha/.gemini/antigravity/scratch/headlamp_4409/frontend/node_modules/@mui/system/ThemeProvider/ThemeProvider.js:52:5)
    at ThemeProvider (/Users/dibyanshukushwaha/.gemini/antigravity/scratch/headlamp_4409/frontend/node_modules/@mui/material/node/styles/ThemeProvider.js:21:14)
    at QueryClientProvider (file:///Users/dibyanshukushwaha/.gemini/antigravity/scratch/headlamp_4409/frontend/node_modules/@tanstack/react-query/build/modern/QueryClientProvider.js:20:3)
    at unboundStoryFn (file:///Users/dibyanshukushwaha/.gemini/antigravity/scratch/headlamp_4409/frontend/node_modules/storybook/dist/preview-api/index.js:2896:109)

stderr | src/storybook.test.tsx > Storybook Tests > Gateway/DetailsView > Basic
WebSocket error: Event { isTrusted: [36m[Getter][39m }

stderr | src/storybook.test.tsx > Storybook Tests > Gateway/ListView > Items
WebSocket error: Event { isTrusted: [36m[Getter][39m }

stderr | src/storybook.test.tsx > Storybook Tests > Gateway/ListView > Items
WebSocket error: Event { isTrusted: [36m[Getter][39m }

stdout | src/storybook.test.tsx > Storybook Tests > HTTPRoute/DetailsView > Basic
[90mundefined[39m [
  {
    group: [32m''[39m,
    kind: [32m'Service'[39m,
    name: [32m'service'[39m,
    port: [33m8080[39m,
    weight: [33m1[39m
  }
]

stderr | src/storybook.test.tsx > Storybook Tests > HTTPRoute/DetailsView > Basic
WebSocket error: Event { isTrusted: [36m[Getter][39m }

stderr | src/storybook.test.tsx > Storybook Tests > HTTPRoute/DetailsView > Empty
WebSocket error: Event { isTrusted: [36m[Getter][39m }

stderr | src/storybook.test.tsx > Storybook Tests > HTTPRoute/ListView > Items
WebSocket error: Event { isTrusted: [36m[Getter][39m }

stderr | src/storybook.test.tsx > Storybook Tests > HTTPRoute/ListView > Items
Warning: Encountered two children with the same key, `abc1234`. Keys should be unique so that components maintain their identity across updates. Non-unique keys may cause children to be duplicated and/or omitted — the behavior is unsupported and could change in a future version.
    at tbody
    at /Users/dibyanshukushwaha/.gemini/antigravity/scratch/headlamp_4409/frontend/node_modules/@emotion/react/dist/emotion-element-9150ebbd.development.cjs.js:75:23
    at table
    at /Users/dibyanshukushwaha/.gemini/antigravity/scratch/headlamp_4409/frontend/node_modules/@emotion/react/dist/emotion-element-9150ebbd.development.cjs.js:75:23
    at Table (/Users/dibyanshukushwaha/.gemini/antigravity/scratch/headlamp_4409/frontend/node_modules/@mui/material/node/Table/Table.js:61:59)
    at Table (/Users/dibyanshukushwaha/.gemini/antigravity/scratch/headlamp_4409/frontend/src/components/common/Table/Table.tsx:84:3)
    at ResourceTableContent (/Users/dibyanshukushwaha/.gemini/antigravity/scratch/headlamp_4409/frontend/src/components/common/Resource/ResourceTable.tsx:153:5)
    at TableFromResourceClass (/Users/dibyanshukushwaha/.gemini/antigravity/scratch/headlamp_4409/frontend/src/components/common/Resource/ResourceTable.tsx:61:11)
    at ResourceTable (/Users/dibyanshukushwaha/.gemini/antigravity/scratch/headlamp_4409/frontend/src/components/common/Resource/ResourceTable.tsx:46:15)
    at div
    at /Users/dibyanshukushwaha/.gemini/antigravity/scratch/headlamp_4409/frontend/node_modules/@emotion/react/dist/emotion-element-9150ebbd.development.cjs.js:75:23
    at Box (/Users/dibyanshukushwaha/.gemini/antigravity/scratch/headlamp_4409/frontend/node_modules/@mui/system/createBox.js:31:41)
    at div
    at /Users/dibyanshukushwaha/.gemini/antigravity/scratch/headlamp_4409/frontend/node_modules/@emotion/react/dist/emotion-element-9150ebbd.development.cjs.js:75:23
    at Box (/Users/dibyanshukushwaha/.gemini/antigravity/scratch/headlamp_4409/frontend/node_modules/@mui/system/createBox.js:31:41)
    at SectionBox (/Users/dibyanshukushwaha/.gemini/antigravity/scratch/headlamp_4409/frontend/src/components/common/SectionBox.tsx:17:5)
    at ResourceListView (/Users/dibyanshukushwaha/.gemini/antigravity/scratch/headlamp_4409/frontend/src/components/common/Resource/ResourceListView.tsx:15:11)
    at HTTPRouteList (/Users/dibyanshukushwaha/.gemini/antigravity/scratch/headlamp_4409/frontend/src/components/gateway/HTTPRouteList.tsx:15:57)
    at hookified (file:///Users/dibyanshukushwaha/.gemini/antigravity/scratch/headlamp_4409/frontend/node_modules/storybook/dist/preview-api/index.js:1979:18)
    at Router (/Users/dibyanshukushwaha/.gemini/antigravity/scratch/headlamp_4409/frontend/node_modules/react-router/cjs/react-router.js:283:30)
    at MemoryRouter (/Users/dibyanshukushwaha/.gemini/antigravity/scratch/headlamp_4409/frontend/node_modules/react-router/cjs/react-router.js:385:35)
    at Provider (file:///Users/dibyanshukushwaha/.gemini/antigravity/scratch/headlamp_4409/frontend/node_modules/react-redux/dist/react-redux.mjs:1036:3)
    at TestContext (/Users/dibyanshukushwaha/.gemini/antigravity/scratch/headlamp_4409/frontend/src/test/index.tsx:15:11)
    at DefaultPropsProvider (/Users/dibyanshukushwaha/.gemini/antigravity/scratch/headlamp_4409/frontend/node_modules/@mui/system/DefaultPropsProvider/DefaultPropsProvider.js:18:3)
    at RtlProvider (/Users/dibyanshukushwaha/.gemini/antigravity/scratch/headlamp_4409/frontend/node_modules/@mui/system/RtlProvider/index.js:19:7)
    at ThemeProvider (/Users/dibyanshukushwaha/.gemini/antigravity/scratch/headlamp_4409/frontend/node_modules/@mui/private-theming/node/ThemeProvider/ThemeProvider.js:39:5)
    at ThemeProvider (/Users/dibyanshukushwaha/.gemini/antigravity/scratch/headlamp_4409/frontend/node_modules/@mui/system/ThemeProvider/ThemeProvider.js:52:5)
    at ThemeProvider (/Users/dibyanshukushwaha/.gemini/antigravity/scratch/headlamp_4409/frontend/node_modules/@mui/material/node/styles/ThemeProvider.js:21:14)
    at QueryClientProvider (file:///Users/dibyanshukushwaha/.gemini/antigravity/scratch/headlamp_4409/frontend/node_modules/@tanstack/react-query/build/modern/QueryClientProvider.js:20:3)
    at unboundStoryFn (file:///Users/dibyanshukushwaha/.gemini/antigravity/scratch/headlamp_4409/frontend/node_modules/storybook/dist/preview-api/index.js:2896:109)
Warning: Encountered two children with the same key, `abc1234`. Keys should be unique so that components maintain their identity across updates. Non-unique keys may cause children to be duplicated and/or omitted — the behavior is unsupported and could change in a future version.
    at tbody
    at /Users/dibyanshukushwaha/.gemini/antigravity/scratch/headlamp_4409/frontend/node_modules/@emotion/react/dist/emotion-element-9150ebbd.development.cjs.js:75:23
    at table
    at /Users/dibyanshukushwaha/.gemini/antigravity/scratch/headlamp_4409/frontend/node_modules/@emotion/react/dist/emotion-element-9150ebbd.development.cjs.js:75:23
    at Table (/Users/dibyanshukushwaha/.gemini/antigravity/scratch/headlamp_4409/frontend/node_modules/@mui/material/node/Table/Table.js:61:59)
    at Table (/Users/dibyanshukushwaha/.gemini/antigravity/scratch/headlamp_4409/frontend/src/components/common/Table/Table.tsx:84:3)
    at ResourceTableContent (/Users/dibyanshukushwaha/.gemini/antigravity/scratch/headlamp_4409/frontend/src/components/common/Resource/ResourceTable.tsx:153:5)
    at TableFromResourceClass (/Users/dibyanshukushwaha/.gemini/antigravity/scratch/headlamp_4409/frontend/src/components/common/Resource/ResourceTable.tsx:61:11)
    at ResourceTable (/Users/dibyanshukushwaha/.gemini/antigravity/scratch/headlamp_4409/frontend/src/components/common/Resource/ResourceTable.tsx:46:15)
    at div
    at /Users/dibyanshukushwaha/.gemini/antigravity/scratch/headlamp_4409/frontend/node_modules/@emotion/react/dist/emotion-element-9150ebbd.development.cjs.js:75:23
    at Box (/Users/dibyanshukushwaha/.gemini/antigravity/scratch/headlamp_4409/frontend/node_modules/@mui/system/createBox.js:31:41)
    at div
    at /Users/dibyanshukushwaha/.gemini/antigravity/scratch/headlamp_4409/frontend/node_modules/@emotion/react/dist/emotion-element-9150ebbd.development.cjs.js:75:23
    at Box (/Users/dibyanshukushwaha/.gemini/antigravity/scratch/headlamp_4409/frontend/node_modules/@mui/system/createBox.js:31:41)
    at SectionBox (/Users/dibyanshukushwaha/.gemini/antigravity/scratch/headlamp_4409/frontend/src/components/common/SectionBox.tsx:17:5)
    at ResourceListView (/Users/dibyanshukushwaha/.gemini/antigravity/scratch/headlamp_4409/frontend/src/components/common/Resource/ResourceListView.tsx:15:11)
    at HTTPRouteList (/Users/dibyanshukushwaha/.gemini/antigravity/scratch/headlamp_4409/frontend/src/components/gateway/HTTPRouteList.tsx:15:57)
    at hookified (file:///Users/dibyanshukushwaha/.gemini/antigravity/scratch/headlamp_4409/frontend/node_modules/storybook/dist/preview-api/index.js:1979:18)
    at Router (/Users/dibyanshukushwaha/.gemini/antigravity/scratch/headlamp_4409/frontend/node_modules/react-router/cjs/react-router.js:283:30)
    at MemoryRouter (/Users/dibyanshukushwaha/.gemini/antigravity/scratch/headlamp_4409/frontend/node_modules/react-router/cjs/react-router.js:385:35)
    at Provider (file:///Users/dibyanshukushwaha/.gemini/antigravity/scratch/headlamp_4409/frontend/node_modules/react-redux/dist/react-redux.mjs:1036:3)
    at TestContext (/Users/dibyanshukushwaha/.gemini/antigravity/scratch/headlamp_4409/frontend/src/test/index.tsx:15:11)
    at DefaultPropsProvider (/Users/dibyanshukushwaha/.gemini/antigravity/scratch/headlamp_4409/frontend/node_modules/@mui/system/DefaultPropsProvider/DefaultPropsProvider.js:18:3)
    at RtlProvider (/Users/dibyanshukushwaha/.gemini/antigravity/scratch/headlamp_4409/frontend/node_modules/@mui/system/RtlProvider/index.js:19:7)
    at ThemeProvider (/Users/dibyanshukushwaha/.gemini/antigravity/scratch/headlamp_4409/frontend/node_modules/@mui/private-theming/node/ThemeProvider/ThemeProvider.js:39:5)
    at ThemeProvider (/Users/dibyanshukushwaha/.gemini/antigravity/scratch/headlamp_4409/frontend/node_modules/@mui/system/ThemeProvider/ThemeProvider.js:52:5)
    at ThemeProvider (/Users/dibyanshukushwaha/.gemini/antigravity/scratch/headlamp_4409/frontend/node_modules/@mui/material/node/styles/ThemeProvider.js:21:14)
    at QueryClientProvider (file:///Users/dibyanshukushwaha/.gemini/antigravity/scratch/headlamp_4409/frontend/node_modules/@tanstack/react-query/build/modern/QueryClientProvider.js:20:3)
    at unboundStoryFn (file:///Users/dibyanshukushwaha/.gemini/antigravity/scratch/headlamp_4409/frontend/node_modules/storybook/dist/preview-api/index.js:2896:109)

stderr | src/storybook.test.tsx > Storybook Tests > HTTPRoute/ListView > Items
WebSocket error: Event { isTrusted: [36m[Getter][39m }

stderr | src/storybook.test.tsx > Storybook Tests > ReferenceGrant/DetailsView > Basic
WebSocket error: Event { isTrusted: [36m[Getter][39m }

stderr | src/storybook.test.tsx > Storybook Tests > ReferenceGrant/ListView > Items
WebSocket error: Event { isTrusted: [36m[Getter][39m }

stderr | src/storybook.test.tsx > Storybook Tests > ReferenceGrant/ListView > Items
WebSocket error: Event { isTrusted: [36m[Getter][39m }

stderr | src/storybook.test.tsx > Storybook Tests > hpa/HpaDetailsView > Default
WebSocket error: Event { isTrusted: [36m[Getter][39m }

stderr | src/storybook.test.tsx > Storybook Tests > hpa/HpaListView > Items
WebSocket error: Event { isTrusted: [36m[Getter][39m }

stderr | src/storybook.test.tsx > Storybook Tests > hpa/HpaListView > Items
WebSocket error: Event { isTrusted: [36m[Getter][39m }

stderr | src/storybook.test.tsx > Storybook Tests > IngressClass/DetailsView > Basic
WebSocket error: Event { isTrusted: [36m[Getter][39m }

stderr | src/storybook.test.tsx > Storybook Tests > IngressClass/DetailsView > WithDefault
WebSocket error: Event { isTrusted: [36m[Getter][39m }

stderr | src/storybook.test.tsx > Storybook Tests > IngressClass/ListView > Items
Warning: Encountered two children with the same key, `abc1234`. Keys should be unique so that components maintain their identity across updates. Non-unique keys may cause children to be duplicated and/or omitted — the behavior is unsupported and could change in a future version.
    at tbody
    at /Users/dibyanshukushwaha/.gemini/antigravity/scratch/headlamp_4409/frontend/node_modules/@emotion/react/dist/emotion-element-9150ebbd.development.cjs.js:75:23
    at table
    at /Users/dibyanshukushwaha/.gemini/antigravity/scratch/headlamp_4409/frontend/node_modules/@emotion/react/dist/emotion-element-9150ebbd.development.cjs.js:75:23
    at Table (/Users/dibyanshukushwaha/.gemini/antigravity/scratch/headlamp_4409/frontend/node_modules/@mui/material/node/Table/Table.js:61:59)
    at Table (/Users/dibyanshukushwaha/.gemini/antigravity/scratch/headlamp_4409/frontend/src/components/common/Table/Table.tsx:84:3)
    at ResourceTableContent (/Users/dibyanshukushwaha/.gemini/antigravity/scratch/headlamp_4409/frontend/src/components/common/Resource/ResourceTable.tsx:153:5)
    at TableFromResourceClass (/Users/dibyanshukushwaha/.gemini/antigravity/scratch/headlamp_4409/frontend/src/components/common/Resource/ResourceTable.tsx:61:11)
    at ResourceTable (/Users/dibyanshukushwaha/.gemini/antigravity/scratch/headlamp_4409/frontend/src/components/common/Resource/ResourceTable.tsx:46:15)
    at div
    at /Users/dibyanshukushwaha/.gemini/antigravity/scratch/headlamp_4409/frontend/node_modules/@emotion/react/dist/emotion-element-9150ebbd.development.cjs.js:75:23
    at Box (/Users/dibyanshukushwaha/.gemini/antigravity/scratch/headlamp_4409/frontend/node_modules/@mui/system/createBox.js:31:41)
    at div
    at /Users/dibyanshukushwaha/.gemini/antigravity/scratch/headlamp_4409/frontend/node_modules/@emotion/react/dist/emotion-element-9150ebbd.development.cjs.js:75:23
    at Box (/Users/dibyanshukushwaha/.gemini/antigravity/scratch/headlamp_4409/frontend/node_modules/@mui/system/createBox.js:31:41)
    at SectionBox (/Users/dibyanshukushwaha/.gemini/antigravity/scratch/headlamp_4409/frontend/src/components/common/SectionBox.tsx:17:5)
    at ResourceListView (/Users/dibyanshukushwaha/.gemini/antigravity/scratch/headlamp_4409/frontend/src/components/common/Resource/ResourceListView.tsx:15:11)
    at IngressClassList (/Users/dibyanshukushwaha/.gemini/antigravity/scratch/headlamp_4409/frontend/src/components/ingress/ClassList.tsx:14:57)
    at hookified (file:///Users/dibyanshukushwaha/.gemini/antigravity/scratch/headlamp_4409/frontend/node_modules/storybook/dist/preview-api/index.js:1979:18)
    at Router (/Users/dibyanshukushwaha/.gemini/antigravity/scratch/headlamp_4409/frontend/node_modules/react-router/cjs/react-router.js:283:30)
    at MemoryRouter (/Users/dibyanshukushwaha/.gemini/antigravity/scratch/headlamp_4409/frontend/node_modules/react-router/cjs/react-router.js:385:35)
    at Provider (file:///Users/dibyanshukushwaha/.gemini/antigravity/scratch/headlamp_4409/frontend/node_modules/react-redux/dist/react-redux.mjs:1036:3)
    at TestContext (/Users/dibyanshukushwaha/.gemini/antigravity/scratch/headlamp_4409/frontend/src/test/index.tsx:15:11)
    at DefaultPropsProvider (/Users/dibyanshukushwaha/.gemini/antigravity/scratch/headlamp_4409/frontend/node_modules/@mui/system/DefaultPropsProvider/DefaultPropsProvider.js:18:3)
    at RtlProvider (/Users/dibyanshukushwaha/.gemini/antigravity/scratch/headlamp_4409/frontend/node_modules/@mui/system/RtlProvider/index.js:19:7)
    at ThemeProvider (/Users/dibyanshukushwaha/.gemini/antigravity/scratch/headlamp_4409/frontend/node_modules/@mui/private-theming/node/ThemeProvider/ThemeProvider.js:39:5)
    at ThemeProvider (/Users/dibyanshukushwaha/.gemini/antigravity/scratch/headlamp_4409/frontend/node_modules/@mui/system/ThemeProvider/ThemeProvider.js:52:5)
    at ThemeProvider (/Users/dibyanshukushwaha/.gemini/antigravity/scratch/headlamp_4409/frontend/node_modules/@mui/material/node/styles/ThemeProvider.js:21:14)
    at QueryClientProvider (file:///Users/dibyanshukushwaha/.gemini/antigravity/scratch/headlamp_4409/frontend/node_modules/@tanstack/react-query/build/modern/QueryClientProvider.js:20:3)
    at unboundStoryFn (file:///Users/dibyanshukushwaha/.gemini/antigravity/scratch/headlamp_4409/frontend/node_modules/storybook/dist/preview-api/index.js:2896:109)

stderr | src/storybook.test.tsx > Storybook Tests > IngressClass/ListView > Items
WebSocket error: Event { isTrusted: [36m[Getter][39m }

stderr | src/storybook.test.tsx > Storybook Tests > Ingress/DetailsView > WithTLS
WebSocket error: Event { isTrusted: [36m[Getter][39m }

stderr | src/storybook.test.tsx > Storybook Tests > Ingress/DetailsView > WithResource
WebSocket error: Event { isTrusted: [36m[Getter][39m }

stderr | src/storybook.test.tsx > Storybook Tests > Ingress/DetailsView > WithWildcardTLS
Error: Uncaught [TypeError: Cannot read properties of undefined (reading 'paths')]
    at reportException (/Users/dibyanshukushwaha/.gemini/antigravity/scratch/headlamp_4409/frontend/node_modules/jsdom/lib/jsdom/living/helpers/runtime-script-errors.js:66:24)
    at innerInvokeEventListeners (/Users/dibyanshukushwaha/.gemini/antigravity/scratch/headlamp_4409/frontend/node_modules/jsdom/lib/jsdom/living/events/EventTarget-impl.js:353:9)
    at invokeEventListeners (/Users/dibyanshukushwaha/.gemini/antigravity/scratch/headlamp_4409/frontend/node_modules/jsdom/lib/jsdom/living/events/EventTarget-impl.js:286:3)
    at HTMLUnknownElementImpl._dispatch (/Users/dibyanshukushwaha/.gemini/antigravity/scratch/headlamp_4409/frontend/node_modules/jsdom/lib/jsdom/living/events/EventTarget-impl.js:233:9)
    at HTMLUnknownElementImpl.dispatchEvent (/Users/dibyanshukushwaha/.gemini/antigravity/scratch/headlamp_4409/frontend/node_modules/jsdom/lib/jsdom/living/events/EventTarget-impl.js:104:17)
    at HTMLUnknownElement.dispatchEvent (/Users/dibyanshukushwaha/.gemini/antigravity/scratch/headlamp_4409/frontend/node_modules/jsdom/lib/jsdom/living/generated/EventTarget.js:241:34)
    at Object.invokeGuardedCallbackDev (/Users/dibyanshukushwaha/.gemini/antigravity/scratch/headlamp_4409/frontend/node_modules/react-dom/cjs/react-dom.development.js:4213:16)
    at invokeGuardedCallback (/Users/dibyanshukushwaha/.gemini/antigravity/scratch/headlamp_4409/frontend/node_modules/react-dom/cjs/react-dom.development.js:4277:31)
    at beginWork$1 (/Users/dibyanshukushwaha/.gemini/antigravity/scratch/headlamp_4409/frontend/node_modules/react-dom/cjs/react-dom.development.js:27490:7)
    at performUnitOfWork (/Users/dibyanshukushwaha/.gemini/antigravity/scratch/headlamp_4409/frontend/node_modules/react-dom/cjs/react-dom.development.js:26599:12) TypeError: Cannot read properties of undefined (reading 'paths')
    at LinkStringFormat [90m(/Users/dibyanshukushwaha/.gemini/antigravity/scratch/headlamp_4409/frontend/[39msrc/components/ingress/Details.tsx:86:43[90m)[39m
    at renderWithHooks [90m(/Users/dibyanshukushwaha/.gemini/antigravity/scratch/headlamp_4409/frontend/[39mnode_modules/[4mreact-dom[24m/cjs/react-dom.development.js:15486:18[90m)[39m
    at mountIndeterminateComponent [90m(/Users/dibyanshukushwaha/.gemini/antigravity/scratch/headlamp_4409/frontend/[39mnode_modules/[4mreact-dom[24m/cjs/react-dom.development.js:20103:13[90m)[39m
    at beginWork [90m(/Users/dibyanshukushwaha/.gemini/antigravity/scratch/headlamp_4409/frontend/[39mnode_modules/[4mreact-dom[24m/cjs/react-dom.development.js:21626:16[90m)[39m
    at HTMLUnknownElement.callCallback [90m(/Users/dibyanshukushwaha/.gemini/antigravity/scratch/headlamp_4409/frontend/[39mnode_modules/[4mreact-dom[24m/cjs/react-dom.development.js:4164:14[90m)[39m
    at HTMLUnknownElement.callTheUserObjectsOperation [90m(/Users/dibyanshukushwaha/.gemini/antigravity/scratch/headlamp_4409/frontend/[39mnode_modules/[4mjsdom[24m/lib/jsdom/living/generated/EventListener.js:26:30[90m)[39m
    at innerInvokeEventListeners [90m(/Users/dibyanshukushwaha/.gemini/antigravity/scratch/headlamp_4409/frontend/[39mnode_modules/[4mjsdom[24m/lib/jsdom/living/events/EventTarget-impl.js:350:25[90m)[39m
    at invokeEventListeners [90m(/Users/dibyanshukushwaha/.gemini/antigravity/scratch/headlamp_4409/frontend/[39mnode_modules/[4mjsdom[24m/lib/jsdom/living/events/EventTarget-impl.js:286:3[90m)[39m
    at HTMLUnknownElementImpl._dispatch [90m(/Users/dibyanshukushwaha/.gemini/antigravity/scratch/headlamp_4409/frontend/[39mnode_modules/[4mjsdom[24m/lib/jsdom/living/events/EventTarget-impl.js:233:9[90m)[39m
    at HTMLUnknownElementImpl.dispatchEvent [90m(/Users/dibyanshukushwaha/.gemini/antigravity/scratch/headlamp_4409/frontend/[39mnode_modules/[4mjsdom[24m/lib/jsdom/living/events/EventTarget-impl.js:104:17[90m)[39m
Error: Uncaught [TypeError: Cannot read properties of undefined (reading 'paths')]
    at reportException (/Users/dibyanshukushwaha/.gemini/antigravity/scratch/headlamp_4409/frontend/node_modules/jsdom/lib/jsdom/living/helpers/runtime-script-errors.js:66:24)
    at innerInvokeEventListeners (/Users/dibyanshukushwaha/.gemini/antigravity/scratch/headlamp_4409/frontend/node_modules/jsdom/lib/jsdom/living/events/EventTarget-impl.js:353:9)
    at invokeEventListeners (/Users/dibyanshukushwaha/.gemini/antigravity/scratch/headlamp_4409/frontend/node_modules/jsdom/lib/jsdom/living/events/EventTarget-impl.js:286:3)
    at HTMLUnknownElementImpl._dispatch (/Users/dibyanshukushwaha/.gemini/antigravity/scratch/headlamp_4409/frontend/node_modules/jsdom/lib/jsdom/living/events/EventTarget-impl.js:233:9)
    at HTMLUnknownElementImpl.dispatchEvent (/Users/dibyanshukushwaha/.gemini/antigravity/scratch/headlamp_4409/frontend/node_modules/jsdom/lib/jsdom/living/events/EventTarget-impl.js:104:17)
    at HTMLUnknownElement.dispatchEvent (/Users/dibyanshukushwaha/.gemini/antigravity/scratch/headlamp_4409/frontend/node_modules/jsdom/lib/jsdom/living/generated/EventTarget.js:241:34)
    at Object.invokeGuardedCallbackDev (/Users/dibyanshukushwaha/.gemini/antigravity/scratch/headlamp_4409/frontend/node_modules/react-dom/cjs/react-dom.development.js:4213:16)
    at invokeGuardedCallback (/Users/dibyanshukushwaha/.gemini/antigravity/scratch/headlamp_4409/frontend/node_modules/react-dom/cjs/react-dom.development.js:4277:31)
    at beginWork$1 (/Users/dibyanshukushwaha/.gemini/antigravity/scratch/headlamp_4409/frontend/node_modules/react-dom/cjs/react-dom.development.js:27490:7)
    at performUnitOfWork (/Users/dibyanshukushwaha/.gemini/antigravity/scratch/headlamp_4409/frontend/node_modules/react-dom/cjs/react-dom.development.js:26599:12) TypeError: Cannot read properties of undefined (reading 'paths')
    at LinkStringFormat [90m(/Users/dibyanshukushwaha/.gemini/antigravity/scratch/headlamp_4409/frontend/[39msrc/components/ingress/Details.tsx:86:43[90m)[39m
    at renderWithHooks [90m(/Users/dibyanshukushwaha/.gemini/antigravity/scratch/headlamp_4409/frontend/[39mnode_modules/[4mreact-dom[24m/cjs/react-dom.development.js:15486:18[90m)[39m
    at mountIndeterminateComponent [90m(/Users/dibyanshukushwaha/.gemini/antigravity/scratch/headlamp_4409/frontend/[39mnode_modules/[4mreact-dom[24m/cjs/react-dom.development.js:20103:13[90m)[39m
    at beginWork [90m(/Users/dibyanshukushwaha/.gemini/antigravity/scratch/headlamp_4409/frontend/[39mnode_modules/[4mreact-dom[24m/cjs/react-dom.development.js:21626:16[90m)[39m
    at HTMLUnknownElement.callCallback [90m(/Users/dibyanshukushwaha/.gemini/antigravity/scratch/headlamp_4409/frontend/[39mnode_modules/[4mreact-dom[24m/cjs/react-dom.development.js:4164:14[90m)[39m
    at HTMLUnknownElement.callTheUserObjectsOperation [90m(/Users/dibyanshukushwaha/.gemini/antigravity/scratch/headlamp_4409/frontend/[39mnode_modules/[4mjsdom[24m/lib/jsdom/living/generated/EventListener.js:26:30[90m)[39m
    at innerInvokeEventListeners [90m(/Users/dibyanshukushwaha/.gemini/antigravity/scratch/headlamp_4409/frontend/[39mnode_modules/[4mjsdom[24m/lib/jsdom/living/events/EventTarget-impl.js:350:25[90m)[39m
    at invokeEventListeners [90m(/Users/dibyanshukushwaha/.gemini/antigravity/scratch/headlamp_4409/frontend/[39mnode_modules/[4mjsdom[24m/lib/jsdom/living/events/EventTarget-impl.js:286:3[90m)[39m
    at HTMLUnknownElementImpl._dispatch [90m(/Users/dibyanshukushwaha/.gemini/antigravity/scratch/headlamp_4409/frontend/[39mnode_modules/[4mjsdom[24m/lib/jsdom/living/events/EventTarget-impl.js:233:9[90m)[39m
    at HTMLUnknownElementImpl.dispatchEvent [90m(/Users/dibyanshukushwaha/.gemini/antigravity/scratch/headlamp_4409/frontend/[39mnode_modules/[4mjsdom[24m/lib/jsdom/living/events/EventTarget-impl.js:104:17[90m)[39m
Error: Uncaught [TypeError: Cannot read properties of undefined (reading 'paths')]
    at reportException (/Users/dibyanshukushwaha/.gemini/antigravity/scratch/headlamp_4409/frontend/node_modules/jsdom/lib/jsdom/living/helpers/runtime-script-errors.js:66:24)
    at innerInvokeEventListeners (/Users/dibyanshukushwaha/.gemini/antigravity/scratch/headlamp_4409/frontend/node_modules/jsdom/lib/jsdom/living/events/EventTarget-impl.js:353:9)
    at invokeEventListeners (/Users/dibyanshukushwaha/.gemini/antigravity/scratch/headlamp_4409/frontend/node_modules/jsdom/lib/jsdom/living/events/EventTarget-impl.js:286:3)
    at HTMLUnknownElementImpl._dispatch (/Users/dibyanshukushwaha/.gemini/antigravity/scratch/headlamp_4409/frontend/node_modules/jsdom/lib/jsdom/living/events/EventTarget-impl.js:233:9)
    at HTMLUnknownElementImpl.dispatchEvent (/Users/dibyanshukushwaha/.gemini/antigravity/scratch/headlamp_4409/frontend/node_modules/jsdom/lib/jsdom/living/events/EventTarget-impl.js:104:17)
    at HTMLUnknownElement.dispatchEvent (/Users/dibyanshukushwaha/.gemini/antigravity/scratch/headlamp_4409/frontend/node_modules/jsdom/lib/jsdom/living/generated/EventTarget.js:241:34)
    at Object.invokeGuardedCallbackDev (/Users/dibyanshukushwaha/.gemini/antigravity/scratch/headlamp_4409/frontend/node_modules/react-dom/cjs/react-dom.development.js:4213:16)
    at invokeGuardedCallback (/Users/dibyanshukushwaha/.gemini/antigravity/scratch/headlamp_4409/frontend/node_modules/react-dom/cjs/react-dom.development.js:4277:31)
    at beginWork$1 (/Users/dibyanshukushwaha/.gemini/antigravity/scratch/headlamp_4409/frontend/node_modules/react-dom/cjs/react-dom.development.js:27490:7)
    at performUnitOfWork (/Users/dibyanshukushwaha/.gemini/antigravity/scratch/headlamp_4409/frontend/node_modules/react-dom/cjs/react-dom.development.js:26599:12) TypeError: Cannot read properties of undefined (reading 'paths')
    at LinkStringFormat [90m(/Users/dibyanshukushwaha/.gemini/antigravity/scratch/headlamp_4409/frontend/[39msrc/components/ingress/Details.tsx:86:43[90m)[39m
    at renderWithHooks [90m(/Users/dibyanshukushwaha/.gemini/antigravity/scratch/headlamp_4409/frontend/[39mnode_modules/[4mreact-dom[24m/cjs/react-dom.development.js:15486:18[90m)[39m
    at mountIndeterminateComponent [90m(/Users/dibyanshukushwaha/.gemini/antigravity/scratch/headlamp_4409/frontend/[39mnode_modules/[4mreact-dom[24m/cjs/react-dom.development.js:20103:13[90m)[39m
    at beginWork [90m(/Users/dibyanshukushwaha/.gemini/antigravity/scratch/headlamp_4409/frontend/[39mnode_modules/[4mreact-dom[24m/cjs/react-dom.development.js:21626:16[90m)[39m
    at HTMLUnknownElement.callCallback [90m(/Users/dibyanshukushwaha/.gemini/antigravity/scratch/headlamp_4409/frontend/[39mnode_modules/[4mreact-dom[24m/cjs/react-dom.development.js:4164:14[90m)[39m
    at HTMLUnknownElement.callTheUserObjectsOperation [90m(/Users/dibyanshukushwaha/.gemini/antigravity/scratch/headlamp_4409/frontend/[39mnode_modules/[4mjsdom[24m/lib/jsdom/living/generated/EventListener.js:26:30[90m)[39m
    at innerInvokeEventListeners [90m(/Users/dibyanshukushwaha/.gemini/antigravity/scratch/headlamp_4409/frontend/[39mnode_modules/[4mjsdom[24m/lib/jsdom/living/events/EventTarget-impl.js:350:25[90m)[39m
    at invokeEventListeners [90m(/Users/dibyanshukushwaha/.gemini/antigravity/scratch/headlamp_4409/frontend/[39mnode_modules/[4mjsdom[24m/lib/jsdom/living/events/EventTarget-impl.js:286:3[90m)[39m
    at HTMLUnknownElementImpl._dispatch [90m(/Users/dibyanshukushwaha/.gemini/antigravity/scratch/headlamp_4409/frontend/[39mnode_modules/[4mjsdom[24m/lib/jsdom/living/events/EventTarget-impl.js:233:9[90m)[39m
    at HTMLUnknownElementImpl.dispatchEvent [90m(/Users/dibyanshukushwaha/.gemini/antigravity/scratch/headlamp_4409/frontend/[39mnode_modules/[4mjsdom[24m/lib/jsdom/living/events/EventTarget-impl.js:104:17[90m)[39m
Error: Uncaught [TypeError: Cannot read properties of undefined (reading 'paths')]
    at reportException (/Users/dibyanshukushwaha/.gemini/antigravity/scratch/headlamp_4409/frontend/node_modules/jsdom/lib/jsdom/living/helpers/runtime-script-errors.js:66:24)
    at innerInvokeEventListeners (/Users/dibyanshukushwaha/.gemini/antigravity/scratch/headlamp_4409/frontend/node_modules/jsdom/lib/jsdom/living/events/EventTarget-impl.js:353:9)
    at invokeEventListeners (/Users/dibyanshukushwaha/.gemini/antigravity/scratch/headlamp_4409/frontend/node_modules/jsdom/lib/jsdom/living/events/EventTarget-impl.js:286:3)
    at HTMLUnknownElementImpl._dispatch (/Users/dibyanshukushwaha/.gemini/antigravity/scratch/headlamp_4409/frontend/node_modules/jsdom/lib/jsdom/living/events/EventTarget-impl.js:233:9)
    at HTMLUnknownElementImpl.dispatchEvent (/Users/dibyanshukushwaha/.gemini/antigravity/scratch/headlamp_4409/frontend/node_modules/jsdom/lib/jsdom/living/events/EventTarget-impl.js:104:17)
    at HTMLUnknownElement.dispatchEvent (/Users/dibyanshukushwaha/.gemini/antigravity/scratch/headlamp_4409/frontend/node_modules/jsdom/lib/jsdom/living/generated/EventTarget.js:241:34)
    at Object.invokeGuardedCallbackDev (/Users/dibyanshukushwaha/.gemini/antigravity/scratch/headlamp_4409/frontend/node_modules/react-dom/cjs/react-dom.development.js:4213:16)
    at invokeGuardedCallback (/Users/dibyanshukushwaha/.gemini/antigravity/scratch/headlamp_4409/frontend/node_modules/react-dom/cjs/react-dom.development.js:4277:31)
    at beginWork$1 (/Users/dibyanshukushwaha/.gemini/antigravity/scratch/headlamp_4409/frontend/node_modules/react-dom/cjs/react-dom.development.js:27490:7)
    at performUnitOfWork (/Users/dibyanshukushwaha/.gemini/antigravity/scratch/headlamp_4409/frontend/node_modules/react-dom/cjs/react-dom.development.js:26599:12) TypeError: Cannot read properties of undefined (reading 'paths')
    at LinkStringFormat [90m(/Users/dibyanshukushwaha/.gemini/antigravity/scratch/headlamp_4409/frontend/[39msrc/components/ingress/Details.tsx:86:43[90m)[39m
    at renderWithHooks [90m(/Users/dibyanshukushwaha/.gemini/antigravity/scratch/headlamp_4409/frontend/[39mnode_modules/[4mreact-dom[24m/cjs/react-dom.development.js:15486:18[90m)[39m
    at mountIndeterminateComponent [90m(/Users/dibyanshukushwaha/.gemini/antigravity/scratch/headlamp_4409/frontend/[39mnode_modules/[4mreact-dom[24m/cjs/react-dom.development.js:20103:13[90m)[39m
    at beginWork [90m(/Users/dibyanshukushwaha/.gemini/antigravity/scratch/headlamp_4409/frontend/[39mnode_modules/[4mreact-dom[24m/cjs/react-dom.development.js:21626:16[90m)[39m
    at HTMLUnknownElement.callCallback [90m(/Users/dibyanshukushwaha/.gemini/antigravity/scratch/headlamp_4409/frontend/[39mnode_modules/[4mreact-dom[24m/cjs/react-dom.development.js:4164:14[90m)[39m
    at HTMLUnknownElement.callTheUserObjectsOperation [90m(/Users/dibyanshukushwaha/.gemini/antigravity/scratch/headlamp_4409/frontend/[39mnode_modules/[4mjsdom[24m/lib/jsdom/living/generated/EventListener.js:26:30[90m)[39m
    at innerInvokeEventListeners [90m(/Users/dibyanshukushwaha/.gemini/antigravity/scratch/headlamp_4409/frontend/[39mnode_modules/[4mjsdom[24m/lib/jsdom/living/events/EventTarget-impl.js:350:25[90m)[39m
    at invokeEventListeners [90m(/Users/dibyanshukushwaha/.gemini/antigravity/scratch/headlamp_4409/frontend/[39mnode_modules/[4mjsdom[24m/lib/jsdom/living/events/EventTarget-impl.js:286:3[90m)[39m
    at HTMLUnknownElementImpl._dispatch [90m(/Users/dibyanshukushwaha/.gemini/antigravity/scratch/headlamp_4409/frontend/[39mnode_modules/[4mjsdom[24m/lib/jsdom/living/events/EventTarget-impl.js:233:9[90m)[39m
    at HTMLUnknownElementImpl.dispatchEvent [90m(/Users/dibyanshukushwaha/.gemini/antigravity/scratch/headlamp_4409/frontend/[39mnode_modules/[4mjsdom[24m/lib/jsdom/living/events/EventTarget-impl.js:104:17[90m)[39m
The above error occurred in the <LinkStringFormat> component:

    at LinkStringFormat (/Users/dibyanshukushwaha/.gemini/antigravity/scratch/headlamp_4409/frontend/src/components/ingress/Details.tsx:29:29)
    at td
    at /Users/dibyanshukushwaha/.gemini/antigravity/scratch/headlamp_4409/frontend/node_modules/@emotion/react/dist/emotion-element-9150ebbd.development.cjs.js:75:23
    at TableCell (/Users/dibyanshukushwaha/.gemini/antigravity/scratch/headlamp_4409/frontend/node_modules/@mui/material/node/TableCell/TableCell.js:108:59)
    at tr
    at /Users/dibyanshukushwaha/.gemini/antigravity/scratch/headlamp_4409/frontend/node_modules/@emotion/react/dist/emotion-element-9150ebbd.development.cjs.js:75:23
    at TableRow (/Users/dibyanshukushwaha/.gemini/antigravity/scratch/headlamp_4409/frontend/node_modules/@mui/material/node/TableRow/TableRow.js:70:59)
    at tbody
    at /Users/dibyanshukushwaha/.gemini/antigravity/scratch/headlamp_4409/frontend/node_modules/@emotion/react/dist/emotion-element-9150ebbd.development.cjs.js:75:23
    at TableBody (/Users/dibyanshukushwaha/.gemini/antigravity/scratch/headlamp_4409/frontend/node_modules/@mui/material/node/TableBody/TableBody.js:44:59)
    at table
    at /Users/dibyanshukushwaha/.gemini/antigravity/scratch/headlamp_4409/frontend/node_modules/@emotion/react/dist/emotion-element-9150ebbd.development.cjs.js:75:23
    at Table (/Users/dibyanshukushwaha/.gemini/antigravity/scratch/headlamp_4409/frontend/node_modules/@mui/material/node/Table/Table.js:61:59)
    at div
    at /Users/dibyanshukushwaha/.gemini/antigravity/scratch/headlamp_4409/frontend/node_modules/@emotion/react/dist/emotion-element-9150ebbd.development.cjs.js:75:23
    at Paper (/Users/dibyanshukushwaha/.gemini/antigravity/scratch/headlamp_4409/frontend/node_modules/@mui/material/node/Paper/Paper.js:70:59)
    at /Users/dibyanshukushwaha/.gemini/antigravity/scratch/headlamp_4409/frontend/node_modules/@emotion/react/dist/emotion-element-9150ebbd.development.cjs.js:75:23
    at TableContainer (/Users/dibyanshukushwaha/.gemini/antigravity/scratch/headlamp_4409/frontend/node_modules/@mui/material/node/TableContainer/TableContainer.js:40:59)
    at SimpleTable (/Users/dibyanshukushwaha/.gemini/antigravity/scratch/headlamp_4409/frontend/src/components/common/SimpleTable.tsx:93:5)
    at div
    at /Users/dibyanshukushwaha/.gemini/antigravity/scratch/headlamp_4409/frontend/node_modules/@emotion/react/dist/emotion-element-9150ebbd.development.cjs.js:75:23
    at Box (/Users/dibyanshukushwaha/.gemini/antigravity/scratch/headlamp_4409/frontend/node_modules/@mui/system/createBox.js:31:41)
    at div
    at /Users/dibyanshukushwaha/.gemini/antigravity/scratch/headlamp_4409/frontend/node_modules/@emotion/react/dist/emotion-element-9150ebbd.development.cjs.js:75:23
    at Box (/Users/dibyanshukushwaha/.gemini/antigravity/scratch/headlamp_4409/frontend/node_modules/@mui/system/createBox.js:31:41)
    at SectionBox (/Users/dibyanshukushwaha/.gemini/antigravity/scratch/headlamp_4409/frontend/src/components/common/SectionBox.tsx:17:5)
    at ErrorBoundary (/Users/dibyanshukushwaha/.gemini/antigravity/scratch/headlamp_4409/frontend/src/components/common/ErrorBoundary/ErrorBoundary.tsx:16:5)
    at div
    at /Users/dibyanshukushwaha/.gemini/antigravity/scratch/headlamp_4409/frontend/node_modules/@emotion/react/dist/emotion-element-9150ebbd.development.cjs.js:75:23
    at Box (/Users/dibyanshukushwaha/.gemini/antigravity/scratch/headlamp_4409/frontend/node_modules/@mui/system/createBox.js:31:41)
    at div
    at /Users/dibyanshukushwaha/.gemini/antigravity/scratch/headlamp_4409/frontend/node_modules/@emotion/react/dist/emotion-element-9150ebbd.development.cjs.js:75:23
    at Grid (/Users/dibyanshukushwaha/.gemini/antigravity/scratch/headlamp_4409/frontend/node_modules/@mui/material/node/Grid/Grid.js:381:64)
    at div
    at /Users/dibyanshukushwaha/.gemini/antigravity/scratch/headlamp_4409/frontend/node_modules/@emotion/react/dist/emotion-element-9150ebbd.development.cjs.js:75:23
    at Grid (/Users/dibyanshukushwaha/.gemini/antigravity/scratch/headlamp_4409/frontend/node_modules/@mui/material/node/Grid/Grid.js:381:64)
    at PageGrid (/Users/dibyanshukushwaha/.gemini/antigravity/scratch/headlamp_4409/frontend/src/components/common/Resource/Resource.tsx:333:11)
    at DetailsGrid (/Users/dibyanshukushwaha/.gemini/antigravity/scratch/headlamp_4409/frontend/src/components/common/Resource/Resource.tsx:88:5)
    at IngressDetails (/Users/dibyanshukushwaha/.gemini/antigravity/scratch/headlamp_4409/frontend/src/components/ingress/Details.tsx:149:53)
    at hookified (file:///Users/dibyanshukushwaha/.gemini/antigravity/scratch/headlamp_4409/frontend/node_modules/storybook/dist/preview-api/index.js:1979:18)
    at Route (/Users/dibyanshukushwaha/.gemini/antigravity/scratch/headlamp_4409/frontend/node_modules/react-router/cjs/react-router.js:664:29)
    at Router (/Users/dibyanshukushwaha/.gemini/antigravity/scratch/headlamp_4409/frontend/node_modules/react-router/cjs/react-router.js:283:30)
    at MemoryRouter (/Users/dibyanshukushwaha/.gemini/antigravity/scratch/headlamp_4409/frontend/node_modules/react-router/cjs/react-router.js:385:35)
    at Provider (file:///Users/dibyanshukushwaha/.gemini/antigravity/scratch/headlamp_4409/frontend/node_modules/react-redux/dist/react-redux.mjs:1036:3)
    at TestContext (/Users/dibyanshukushwaha/.gemini/antigravity/scratch/headlamp_4409/frontend/src/test/index.tsx:15:11)
    at DefaultPropsProvider (/Users/dibyanshukushwaha/.gemini/antigravity/scratch/headlamp_4409/frontend/node_modules/@mui/system/DefaultPropsProvider/DefaultPropsProvider.js:18:3)
    at RtlProvider (/Users/dibyanshukushwaha/.gemini/antigravity/scratch/headlamp_4409/frontend/node_modules/@mui/system/RtlProvider/index.js:19:7)
    at ThemeProvider (/Users/dibyanshukushwaha/.gemini/antigravity/scratch/headlamp_4409/frontend/node_modules/@mui/private-theming/node/ThemeProvider/ThemeProvider.js:39:5)
    at ThemeProvider (/Users/dibyanshukushwaha/.gemini/antigravity/scratch/headlamp_4409/frontend/node_modules/@mui/system/ThemeProvider/ThemeProvider.js:52:5)
    at ThemeProvider (/Users/dibyanshukushwaha/.gemini/antigravity/scratch/headlamp_4409/frontend/node_modules/@mui/material/node/styles/ThemeProvider.js:21:14)
    at QueryClientProvider (file:///Users/dibyanshukushwaha/.gemini/antigravity/scratch/headlamp_4409/frontend/node_modules/@tanstack/react-query/build/modern/QueryClientProvider.js:20:3)
    at unboundStoryFn (file:///Users/dibyanshukushwaha/.gemini/antigravity/scratch/headlamp_4409/frontend/node_modules/storybook/dist/preview-api/index.js:2896:109)

React will try to recreate this component tree from scratch using the error boundary you provided, ErrorBoundary.
The above error occurred in the <LinkStringFormat> component:

    at LinkStringFormat (/Users/dibyanshukushwaha/.gemini/antigravity/scratch/headlamp_4409/frontend/src/components/ingress/Details.tsx:29:29)
    at td
    at /Users/dibyanshukushwaha/.gemini/antigravity/scratch/headlamp_4409/frontend/node_modules/@emotion/react/dist/emotion-element-9150ebbd.development.cjs.js:75:23
    at TableCell (/Users/dibyanshukushwaha/.gemini/antigravity/scratch/headlamp_4409/frontend/node_modules/@mui/material/node/TableCell/TableCell.js:108:59)
    at tr
    at /Users/dibyanshukushwaha/.gemini/antigravity/scratch/headlamp_4409/frontend/node_modules/@emotion/react/dist/emotion-element-9150ebbd.development.cjs.js:75:23
    at TableRow (/Users/dibyanshukushwaha/.gemini/antigravity/scratch/headlamp_4409/frontend/node_modules/@mui/material/node/TableRow/TableRow.js:70:59)
    at tbody
    at /Users/dibyanshukushwaha/.gemini/antigravity/scratch/headlamp_4409/frontend/node_modules/@emotion/react/dist/emotion-element-9150ebbd.development.cjs.js:75:23
    at TableBody (/Users/dibyanshukushwaha/.gemini/antigravity/scratch/headlamp_4409/frontend/node_modules/@mui/material/node/TableBody/TableBody.js:44:59)
    at table
    at /Users/dibyanshukushwaha/.gemini/antigravity/scratch/headlamp_4409/frontend/node_modules/@emotion/react/dist/emotion-element-9150ebbd.development.cjs.js:75:23
    at Table (/Users/dibyanshukushwaha/.gemini/antigravity/scratch/headlamp_4409/frontend/node_modules/@mui/material/node/Table/Table.js:61:59)
    at div
    at /Users/dibyanshukushwaha/.gemini/antigravity/scratch/headlamp_4409/frontend/node_modules/@emotion/react/dist/emotion-element-9150ebbd.development.cjs.js:75:23
    at Paper (/Users/dibyanshukushwaha/.gemini/antigravity/scratch/headlamp_4409/frontend/node_modules/@mui/material/node/Paper/Paper.js:70:59)
    at /Users/dibyanshukushwaha/.gemini/antigravity/scratch/headlamp_4409/frontend/node_modules/@emotion/react/dist/emotion-element-9150ebbd.development.cjs.js:75:23
    at TableContainer (/Users/dibyanshukushwaha/.gemini/antigravity/scratch/headlamp_4409/frontend/node_modules/@mui/material/node/TableContainer/TableContainer.js:40:59)
    at SimpleTable (/Users/dibyanshukushwaha/.gemini/antigravity/scratch/headlamp_4409/frontend/src/components/common/SimpleTable.tsx:93:5)
    at div
    at /Users/dibyanshukushwaha/.gemini/antigravity/scratch/headlamp_4409/frontend/node_modules/@emotion/react/dist/emotion-element-9150ebbd.development.cjs.js:75:23
    at Box (/Users/dibyanshukushwaha/.gemini/antigravity/scratch/headlamp_4409/frontend/node_modules/@mui/system/createBox.js:31:41)
    at div
    at /Users/dibyanshukushwaha/.gemini/antigravity/scratch/headlamp_4409/frontend/node_modules/@emotion/react/dist/emotion-element-9150ebbd.development.cjs.js:75:23
    at Box (/Users/dibyanshukushwaha/.gemini/antigravity/scratch/headlamp_4409/frontend/node_modules/@mui/system/createBox.js:31:41)
    at SectionBox (/Users/dibyanshukushwaha/.gemini/antigravity/scratch/headlamp_4409/frontend/src/components/common/SectionBox.tsx:17:5)
    at ErrorBoundary (/Users/dibyanshukushwaha/.gemini/antigravity/scratch/headlamp_4409/frontend/src/components/common/ErrorBoundary/ErrorBoundary.tsx:16:5)
    at div
    at /Users/dibyanshukushwaha/.gemini/antigravity/scratch/headlamp_4409/frontend/node_modules/@emotion/react/dist/emotion-element-9150ebbd.development.cjs.js:75:23
    at Box (/Users/dibyanshukushwaha/.gemini/antigravity/scratch/headlamp_4409/frontend/node_modules/@mui/system/createBox.js:31:41)
    at div
    at /Users/dibyanshukushwaha/.gemini/antigravity/scratch/headlamp_4409/frontend/node_modules/@emotion/react/dist/emotion-element-9150ebbd.development.cjs.js:75:23
    at Grid (/Users/dibyanshukushwaha/.gemini/antigravity/scratch/headlamp_4409/frontend/node_modules/@mui/material/node/Grid/Grid.js:381:64)
    at div
    at /Users/dibyanshukushwaha/.gemini/antigravity/scratch/headlamp_4409/frontend/node_modules/@emotion/react/dist/emotion-element-9150ebbd.development.cjs.js:75:23
    at Grid (/Users/dibyanshukushwaha/.gemini/antigravity/scratch/headlamp_4409/frontend/node_modules/@mui/material/node/Grid/Grid.js:381:64)
    at PageGrid (/Users/dibyanshukushwaha/.gemini/antigravity/scratch/headlamp_4409/frontend/src/components/common/Resource/Resource.tsx:333:11)
    at DetailsGrid (/Users/dibyanshukushwaha/.gemini/antigravity/scratch/headlamp_4409/frontend/src/components/common/Resource/Resource.tsx:88:5)
    at IngressDetails (/Users/dibyanshukushwaha/.gemini/antigravity/scratch/headlamp_4409/frontend/src/components/ingress/Details.tsx:149:53)
    at hookified (file:///Users/dibyanshukushwaha/.gemini/antigravity/scratch/headlamp_4409/frontend/node_modules/storybook/dist/preview-api/index.js:1979:18)
    at Route (/Users/dibyanshukushwaha/.gemini/antigravity/scratch/headlamp_4409/frontend/node_modules/react-router/cjs/react-router.js:664:29)
    at Router (/Users/dibyanshukushwaha/.gemini/antigravity/scratch/headlamp_4409/frontend/node_modules/react-router/cjs/react-router.js:283:30)
    at MemoryRouter (/Users/dibyanshukushwaha/.gemini/antigravity/scratch/headlamp_4409/frontend/node_modules/react-router/cjs/react-router.js:385:35)
    at Provider (file:///Users/dibyanshukushwaha/.gemini/antigravity/scratch/headlamp_4409/frontend/node_modules/react-redux/dist/react-redux.mjs:1036:3)
    at TestContext (/Users/dibyanshukushwaha/.gemini/antigravity/scratch/headlamp_4409/frontend/src/test/index.tsx:15:11)
    at DefaultPropsProvider (/Users/dibyanshukushwaha/.gemini/antigravity/scratch/headlamp_4409/frontend/node_modules/@mui/system/DefaultPropsProvider/DefaultPropsProvider.js:18:3)
    at RtlProvider (/Users/dibyanshukushwaha/.gemini/antigravity/scratch/headlamp_4409/frontend/node_modules/@mui/system/RtlProvider/index.js:19:7)
    at ThemeProvider (/Users/dibyanshukushwaha/.gemini/antigravity/scratch/headlamp_4409/frontend/node_modules/@mui/private-theming/node/ThemeProvider/ThemeProvider.js:39:5)
    at ThemeProvider (/Users/dibyanshukushwaha/.gemini/antigravity/scratch/headlamp_4409/frontend/node_modules/@mui/system/ThemeProvider/ThemeProvider.js:52:5)
    at ThemeProvider (/Users/dibyanshukushwaha/.gemini/antigravity/scratch/headlamp_4409/frontend/node_modules/@mui/material/node/styles/ThemeProvider.js:21:14)
    at QueryClientProvider (file:///Users/dibyanshukushwaha/.gemini/antigravity/scratch/headlamp_4409/frontend/node_modules/@tanstack/react-query/build/modern/QueryClientProvider.js:20:3)
    at unboundStoryFn (file:///Users/dibyanshukushwaha/.gemini/antigravity/scratch/headlamp_4409/frontend/node_modules/storybook/dist/preview-api/index.js:2896:109)

React will try to recreate this component tree from scratch using the error boundary you provided, ErrorBoundary.

stderr | src/storybook.test.tsx > Storybook Tests > Ingress/DetailsView > WithWildcardTLS
WebSocket error: Event { isTrusted: [36m[Getter][39m }

stderr | src/storybook.test.tsx > Storybook Tests > Ingress/ListView > Items
WebSocket error: Event { isTrusted: [36m[Getter][39m }

stderr | src/storybook.test.tsx > Storybook Tests > Ingress/ListView > Items
WebSocket error: Event { isTrusted: [36m[Getter][39m }

stderr | src/storybook.test.tsx > Storybook Tests > Job/List > Items
WebSocket error: Event { isTrusted: [36m[Getter][39m }

stderr | src/storybook.test.tsx > Storybook Tests > Job/List > Items
WebSocket error: Event { isTrusted: [36m[Getter][39m }

stderr | src/storybook.test.tsx > Storybook Tests > Lease/LeaseDetailsView > LeaseDetail
WebSocket error: Event { isTrusted: [36m[Getter][39m }

stderr | src/storybook.test.tsx > Storybook Tests > Lease/ListView > Items
WebSocket error: Event { isTrusted: [36m[Getter][39m }

stderr | src/storybook.test.tsx > Storybook Tests > Lease/ListView > Items
WebSocket error: Event { isTrusted: [36m[Getter][39m }

stderr | src/storybook.test.tsx > Storybook Tests > LimitRange/DetailsView > LimitRangeDetail
WebSocket error: Event { isTrusted: [36m[Getter][39m }

stderr | src/storybook.test.tsx > Storybook Tests > LimitRange/ListView > Items
WebSocket error: Event { isTrusted: [36m[Getter][39m }

stderr | src/storybook.test.tsx > Storybook Tests > LimitRange/ListView > Items
WebSocket error: Event { isTrusted: [36m[Getter][39m }

stderr | src/storybook.test.tsx > Storybook Tests > Namespace/DetailsView > Active
WebSocket error: Event { isTrusted: [36m[Getter][39m }

stderr | src/storybook.test.tsx > Storybook Tests > Namespace/DetailsView > Active
WebSocket error: Event { isTrusted: [36m[Getter][39m }

stderr | src/storybook.test.tsx > Storybook Tests > Namespace/DetailsView > Active
WebSocket error: Event { isTrusted: [36m[Getter][39m }

stderr | src/storybook.test.tsx > Storybook Tests > Namespace/DetailsView > Active
WebSocket error: Event { isTrusted: [36m[Getter][39m }

stderr | src/storybook.test.tsx > Storybook Tests > Namespace/ListView > Regular
WebSocket error: Event { isTrusted: [36m[Getter][39m }

stderr | src/storybook.test.tsx > Storybook Tests > NetworkPolicy/DetailsView > Default
Warning: Each child in a list should have a unique "key" prop.

Check the render method of `PodSelector`. See https://reactjs.org/link/warning-keys for more information.
    at Typography (/Users/dibyanshukushwaha/.gemini/antigravity/scratch/headlamp_4409/frontend/node_modules/@mui/material/node/Typography/Typography.js:92:64)
    at PodSelector (/Users/dibyanshukushwaha/.gemini/antigravity/scratch/headlamp_4409/frontend/src/components/networkpolicy/Details.tsx:45:13)
    at Value (/Users/dibyanshukushwaha/.gemini/antigravity/scratch/headlamp_4409/frontend/src/components/common/NameValueTable/NameValueTable.tsx:13:18)
    at dd
    at /Users/dibyanshukushwaha/.gemini/antigravity/scratch/headlamp_4409/frontend/node_modules/@emotion/react/dist/emotion-element-9150ebbd.development.cjs.js:75:23
    at Grid (/Users/dibyanshukushwaha/.gemini/antigravity/scratch/headlamp_4409/frontend/node_modules/@mui/material/node/Grid/Grid.js:381:64)
    at dl
    at /Users/dibyanshukushwaha/.gemini/antigravity/scratch/headlamp_4409/frontend/node_modules/@emotion/react/dist/emotion-element-9150ebbd.development.cjs.js:75:23
    at Grid (/Users/dibyanshukushwaha/.gemini/antigravity/scratch/headlamp_4409/frontend/node_modules/@mui/material/node/Grid/Grid.js:381:64)
    at NameValueTable (/Users/dibyanshukushwaha/.gemini/antigravity/scratch/headlamp_4409/frontend/src/components/common/NameValueTable/NameValueTable.tsx:37:11)
    at div
    at /Users/dibyanshukushwaha/.gemini/antigravity/scratch/headlamp_4409/frontend/node_modules/@emotion/react/dist/emotion-element-9150ebbd.development.cjs.js:75:23
    at Box (/Users/dibyanshukushwaha/.gemini/antigravity/scratch/headlamp_4409/frontend/node_modules/@mui/system/createBox.js:31:41)
    at MetadataDisplay (/Users/dibyanshukushwaha/.gemini/antigravity/scratch/headlamp_4409/frontend/src/components/common/Resource/MetadataDisplay.tsx:37:11)
    at div
    at /Users/dibyanshukushwaha/.gemini/antigravity/scratch/headlamp_4409/frontend/node_modules/@emotion/react/dist/emotion-element-9150ebbd.development.cjs.js:75:23
    at Box (/Users/dibyanshukushwaha/.gemini/antigravity/scratch/headlamp_4409/frontend/node_modules/@mui/system/createBox.js:31:41)
    at div
    at /Users/dibyanshukushwaha/.gemini/antigravity/scratch/headlamp_4409/frontend/node_modules/@emotion/react/dist/emotion-element-9150ebbd.development.cjs.js:75:23
    at Box (/Users/dibyanshukushwaha/.gemini/antigravity/scratch/headlamp_4409/frontend/node_modules/@mui/system/createBox.js:31:41)
    at SectionBox (/Users/dibyanshukushwaha/.gemini/antigravity/scratch/headlamp_4409/frontend/src/components/common/SectionBox.tsx:17:5)
    at ErrorBoundary (/Users/dibyanshukushwaha/.gemini/antigravity/scratch/headlamp_4409/frontend/src/components/common/ErrorBoundary/ErrorBoundary.tsx:16:5)
    at div
    at /Users/dibyanshukushwaha/.gemini/antigravity/scratch/headlamp_4409/frontend/node_modules/@emotion/react/dist/emotion-element-9150ebbd.development.cjs.js:75:23
    at Box (/Users/dibyanshukushwaha/.gemini/antigravity/scratch/headlamp_4409/frontend/node_modules/@mui/system/createBox.js:31:41)
    at div
    at /Users/dibyanshukushwaha/.gemini/antigravity/scratch/headlamp_4409/frontend/node_modules/@emotion/react/dist/emotion-element-9150ebbd.development.cjs.js:75:23
    at Grid (/Users/dibyanshukushwaha/.gemini/antigravity/scratch/headlamp_4409/frontend/node_modules/@mui/material/node/Grid/Grid.js:381:64)
    at div
    at /Users/dibyanshukushwaha/.gemini/antigravity/scratch/headlamp_4409/frontend/node_modules/@emotion/react/dist/emotion-element-9150ebbd.development.cjs.js:75:23
    at Grid (/Users/dibyanshukushwaha/.gemini/antigravity/scratch/headlamp_4409/frontend/node_modules/@mui/material/node/Grid/Grid.js:381:64)
    at PageGrid (/Users/dibyanshukushwaha/.gemini/antigravity/scratch/headlamp_4409/frontend/src/components/common/Resource/Resource.tsx:333:11)
    at DetailsGrid (/Users/dibyanshukushwaha/.gemini/antigravity/scratch/headlamp_4409/frontend/src/components/common/Resource/Resource.tsx:88:5)
    at NetworkPolicyDetails (/Users/dibyanshukushwaha/.gemini/antigravity/scratch/headlamp_4409/frontend/src/components/networkpolicy/Details.tsx:21:53)
    at hookified (file:///Users/dibyanshukushwaha/.gemini/antigravity/scratch/headlamp_4409/frontend/node_modules/storybook/dist/preview-api/index.js:1979:18)
    at Route (/Users/dibyanshukushwaha/.gemini/antigravity/scratch/headlamp_4409/frontend/node_modules/react-router/cjs/react-router.js:664:29)
    at Router (/Users/dibyanshukushwaha/.gemini/antigravity/scratch/headlamp_4409/frontend/node_modules/react-router/cjs/react-router.js:283:30)
    at MemoryRouter (/Users/dibyanshukushwaha/.gemini/antigravity/scratch/headlamp_4409/frontend/node_modules/react-router/cjs/react-router.js:385:35)
    at Provider (file:///Users/dibyanshukushwaha/.gemini/antigravity/scratch/headlamp_4409/frontend/node_modules/react-redux/dist/react-redux.mjs:1036:3)
    at TestContext (/Users/dibyanshukushwaha/.gemini/antigravity/scratch/headlamp_4409/frontend/src/test/index.tsx:15:11)
    at DefaultPropsProvider (/Users/dibyanshukushwaha/.gemini/antigravity/scratch/headlamp_4409/frontend/node_modules/@mui/system/DefaultPropsProvider/DefaultPropsProvider.js:18:3)
    at RtlProvider (/Users/dibyanshukushwaha/.gemini/antigravity/scratch/headlamp_4409/frontend/node_modules/@mui/system/RtlProvider/index.js:19:7)
    at ThemeProvider (/Users/dibyanshukushwaha/.gemini/antigravity/scratch/headlamp_4409/frontend/node_modules/@mui/private-theming/node/ThemeProvider/ThemeProvider.js:39:5)
    at ThemeProvider (/Users/dibyanshukushwaha/.gemini/antigravity/scratch/headlamp_4409/frontend/node_modules/@mui/system/ThemeProvider/ThemeProvider.js:52:5)
    at ThemeProvider (/Users/dibyanshukushwaha/.gemini/antigravity/scratch/headlamp_4409/frontend/node_modules/@mui/material/node/styles/ThemeProvider.js:21:14)
    at QueryClientProvider (file:///Users/dibyanshukushwaha/.gemini/antigravity/scratch/headlamp_4409/frontend/node_modules/@tanstack/react-query/build/modern/QueryClientProvider.js:20:3)
    at unboundStoryFn (file:///Users/dibyanshukushwaha/.gemini/antigravity/scratch/headlamp_4409/frontend/node_modules/storybook/dist/preview-api/index.js:2896:109)
Warning: Each child in a list should have a unique "key" prop.

Check the render method of `Ingress`. See https://reactjs.org/link/warning-keys for more information.
    at Typography (/Users/dibyanshukushwaha/.gemini/antigravity/scratch/headlamp_4409/frontend/node_modules/@mui/material/node/Typography/Typography.js:92:64)
    at Ingress (/Users/dibyanshukushwaha/.gemini/antigravity/scratch/headlamp_4409/frontend/src/components/networkpolicy/Details.tsx:70:13)
    at ErrorBoundary (/Users/dibyanshukushwaha/.gemini/antigravity/scratch/headlamp_4409/frontend/src/components/common/ErrorBoundary/ErrorBoundary.tsx:16:5)
    at div
    at /Users/dibyanshukushwaha/.gemini/antigravity/scratch/headlamp_4409/frontend/node_modules/@emotion/react/dist/emotion-element-9150ebbd.development.cjs.js:75:23
    at Box (/Users/dibyanshukushwaha/.gemini/antigravity/scratch/headlamp_4409/frontend/node_modules/@mui/system/createBox.js:31:41)
    at div
    at /Users/dibyanshukushwaha/.gemini/antigravity/scratch/headlamp_4409/frontend/node_modules/@emotion/react/dist/emotion-element-9150ebbd.development.cjs.js:75:23
    at Grid (/Users/dibyanshukushwaha/.gemini/antigravity/scratch/headlamp_4409/frontend/node_modules/@mui/material/node/Grid/Grid.js:381:64)
    at div
    at /Users/dibyanshukushwaha/.gemini/antigravity/scratch/headlamp_4409/frontend/node_modules/@emotion/react/dist/emotion-element-9150ebbd.development.cjs.js:75:23
    at Grid (/Users/dibyanshukushwaha/.gemini/antigravity/scratch/headlamp_4409/frontend/node_modules/@mui/material/node/Grid/Grid.js:381:64)
    at PageGrid (/Users/dibyanshukushwaha/.gemini/antigravity/scratch/headlamp_4409/frontend/src/components/common/Resource/Resource.tsx:333:11)
    at DetailsGrid (/Users/dibyanshukushwaha/.gemini/antigravity/scratch/headlamp_4409/frontend/src/components/common/Resource/Resource.tsx:88:5)
    at NetworkPolicyDetails (/Users/dibyanshukushwaha/.gemini/antigravity/scratch/headlamp_4409/frontend/src/components/networkpolicy/Details.tsx:21:53)
    at hookified (file:///Users/dibyanshukushwaha/.gemini/antigravity/scratch/headlamp_4409/frontend/node_modules/storybook/dist/preview-api/index.js:1979:18)
    at Route (/Users/dibyanshukushwaha/.gemini/antigravity/scratch/headlamp_4409/frontend/node_modules/react-router/cjs/react-router.js:664:29)
    at Router (/Users/dibyanshukushwaha/.gemini/antigravity/scratch/headlamp_4409/frontend/node_modules/react-router/cjs/react-router.js:283:30)
    at MemoryRouter (/Users/dibyanshukushwaha/.gemini/antigravity/scratch/headlamp_4409/frontend/node_modules/react-router/cjs/react-router.js:385:35)
    at Provider (file:///Users/dibyanshukushwaha/.gemini/antigravity/scratch/headlamp_4409/frontend/node_modules/react-redux/dist/react-redux.mjs:1036:3)
    at TestContext (/Users/dibyanshukushwaha/.gemini/antigravity/scratch/headlamp_4409/frontend/src/test/index.tsx:15:11)
    at DefaultPropsProvider (/Users/dibyanshukushwaha/.gemini/antigravity/scratch/headlamp_4409/frontend/node_modules/@mui/system/DefaultPropsProvider/DefaultPropsProvider.js:18:3)
    at RtlProvider (/Users/dibyanshukushwaha/.gemini/antigravity/scratch/headlamp_4409/frontend/node_modules/@mui/system/RtlProvider/index.js:19:7)
    at ThemeProvider (/Users/dibyanshukushwaha/.gemini/antigravity/scratch/headlamp_4409/frontend/node_modules/@mui/private-theming/node/ThemeProvider/ThemeProvider.js:39:5)
    at ThemeProvider (/Users/dibyanshukushwaha/.gemini/antigravity/scratch/headlamp_4409/frontend/node_modules/@mui/system/ThemeProvider/ThemeProvider.js:52:5)
    at ThemeProvider (/Users/dibyanshukushwaha/.gemini/antigravity/scratch/headlamp_4409/frontend/node_modules/@mui/material/node/styles/ThemeProvider.js:21:14)
    at QueryClientProvider (file:///Users/dibyanshukushwaha/.gemini/antigravity/scratch/headlamp_4409/frontend/node_modules/@tanstack/react-query/build/modern/QueryClientProvider.js:20:3)
    at unboundStoryFn (file:///Users/dibyanshukushwaha/.gemini/antigravity/scratch/headlamp_4409/frontend/node_modules/storybook/dist/preview-api/index.js:2896:109)
Warning: Each child in a list should have a unique "key" prop.

Check the render method of `Egress`. See https://reactjs.org/link/warning-keys for more information.
    at Typography (/Users/dibyanshukushwaha/.gemini/antigravity/scratch/headlamp_4409/frontend/node_modules/@mui/material/node/Typography/Typography.js:92:64)
    at Egress (/Users/dibyanshukushwaha/.gemini/antigravity/scratch/headlamp_4409/frontend/src/components/networkpolicy/Details.tsx:175:13)
    at ErrorBoundary (/Users/dibyanshukushwaha/.gemini/antigravity/scratch/headlamp_4409/frontend/src/components/common/ErrorBoundary/ErrorBoundary.tsx:16:5)
    at div
    at /Users/dibyanshukushwaha/.gemini/antigravity/scratch/headlamp_4409/frontend/node_modules/@emotion/react/dist/emotion-element-9150ebbd.development.cjs.js:75:23
    at Box (/Users/dibyanshukushwaha/.gemini/antigravity/scratch/headlamp_4409/frontend/node_modules/@mui/system/createBox.js:31:41)
    at div
    at /Users/dibyanshukushwaha/.gemini/antigravity/scratch/headlamp_4409/frontend/node_modules/@emotion/react/dist/emotion-element-9150ebbd.development.cjs.js:75:23
    at Grid (/Users/dibyanshukushwaha/.gemini/antigravity/scratch/headlamp_4409/frontend/node_modules/@mui/material/node/Grid/Grid.js:381:64)
    at div
    at /Users/dibyanshukushwaha/.gemini/antigravity/scratch/headlamp_4409/frontend/node_modules/@emotion/react/dist/emotion-element-9150ebbd.development.cjs.js:75:23
    at Grid (/Users/dibyanshukushwaha/.gemini/antigravity/scratch/headlamp_4409/frontend/node_modules/@mui/material/node/Grid/Grid.js:381:64)
    at PageGrid (/Users/dibyanshukushwaha/.gemini/antigravity/scratch/headlamp_4409/frontend/src/components/common/Resource/Resource.tsx:333:11)
    at DetailsGrid (/Users/dibyanshukushwaha/.gemini/antigravity/scratch/headlamp_4409/frontend/src/components/common/Resource/Resource.tsx:88:5)
    at NetworkPolicyDetails (/Users/dibyanshukushwaha/.gemini/antigravity/scratch/headlamp_4409/frontend/src/components/networkpolicy/Details.tsx:21:53)
    at hookified (file:///Users/dibyanshukushwaha/.gemini/antigravity/scratch/headlamp_4409/frontend/node_modules/storybook/dist/preview-api/index.js:1979:18)
    at Route (/Users/dibyanshukushwaha/.gemini/antigravity/scratch/headlamp_4409/frontend/node_modules/react-router/cjs/react-router.js:664:29)
    at Router (/Users/dibyanshukushwaha/.gemini/antigravity/scratch/headlamp_4409/frontend/node_modules/react-router/cjs/react-router.js:283:30)
    at MemoryRouter (/Users/dibyanshukushwaha/.gemini/antigravity/scratch/headlamp_4409/frontend/node_modules/react-router/cjs/react-router.js:385:35)
    at Provider (file:///Users/dibyanshukushwaha/.gemini/antigravity/scratch/headlamp_4409/frontend/node_modules/react-redux/dist/react-redux.mjs:1036:3)
    at TestContext (/Users/dibyanshukushwaha/.gemini/antigravity/scratch/headlamp_4409/frontend/src/test/index.tsx:15:11)
    at DefaultPropsProvider (/Users/dibyanshukushwaha/.gemini/antigravity/scratch/headlamp_4409/frontend/node_modules/@mui/system/DefaultPropsProvider/DefaultPropsProvider.js:18:3)
    at RtlProvider (/Users/dibyanshukushwaha/.gemini/antigravity/scratch/headlamp_4409/frontend/node_modules/@mui/system/RtlProvider/index.js:19:7)
    at ThemeProvider (/Users/dibyanshukushwaha/.gemini/antigravity/scratch/headlamp_4409/frontend/node_modules/@mui/private-theming/node/ThemeProvider/ThemeProvider.js:39:5)
    at ThemeProvider (/Users/dibyanshukushwaha/.gemini/antigravity/scratch/headlamp_4409/frontend/node_modules/@mui/system/ThemeProvider/ThemeProvider.js:52:5)
    at ThemeProvider (/Users/dibyanshukushwaha/.gemini/antigravity/scratch/headlamp_4409/frontend/node_modules/@mui/material/node/styles/ThemeProvider.js:21:14)
    at QueryClientProvider (file:///Users/dibyanshukushwaha/.gemini/antigravity/scratch/headlamp_4409/frontend/node_modules/@tanstack/react-query/build/modern/QueryClientProvider.js:20:3)
    at unboundStoryFn (file:///Users/dibyanshukushwaha/.gemini/antigravity/scratch/headlamp_4409/frontend/node_modules/storybook/dist/preview-api/index.js:2896:109)

stderr | src/storybook.test.tsx > Storybook Tests > NetworkPolicy/DetailsView > Default
WebSocket error: Event { isTrusted: [36m[Getter][39m }

stderr | src/storybook.test.tsx > Storybook Tests > NetworkPolicy/ListView > Items
WebSocket error: Event { isTrusted: [36m[Getter][39m }

stderr | src/storybook.test.tsx > Storybook Tests > NetworkPolicy/ListView > Items
WebSocket error: Event { isTrusted: [36m[Getter][39m }

stderr | src/storybook.test.tsx > Storybook Tests > node/List > Nodes
Warning: Encountered two children with the same key, `123`. Keys should be unique so that components maintain their identity across updates. Non-unique keys may cause children to be duplicated and/or omitted — the behavior is unsupported and could change in a future version.
    at tbody
    at /Users/dibyanshukushwaha/.gemini/antigravity/scratch/headlamp_4409/frontend/node_modules/@emotion/react/dist/emotion-element-9150ebbd.development.cjs.js:75:23
    at table
    at /Users/dibyanshukushwaha/.gemini/antigravity/scratch/headlamp_4409/frontend/node_modules/@emotion/react/dist/emotion-element-9150ebbd.development.cjs.js:75:23
    at Table (/Users/dibyanshukushwaha/.gemini/antigravity/scratch/headlamp_4409/frontend/node_modules/@mui/material/node/Table/Table.js:61:59)
    at Table (/Users/dibyanshukushwaha/.gemini/antigravity/scratch/headlamp_4409/frontend/src/components/common/Table/Table.tsx:84:3)
    at ResourceTableContent (/Users/dibyanshukushwaha/.gemini/antigravity/scratch/headlamp_4409/frontend/src/components/common/Resource/ResourceTable.tsx:153:5)
    at TableFromResourceClass (/Users/dibyanshukushwaha/.gemini/antigravity/scratch/headlamp_4409/frontend/src/components/common/Resource/ResourceTable.tsx:61:11)
    at ResourceTable (/Users/dibyanshukushwaha/.gemini/antigravity/scratch/headlamp_4409/frontend/src/components/common/Resource/ResourceTable.tsx:46:15)
    at div
    at /Users/dibyanshukushwaha/.gemini/antigravity/scratch/headlamp_4409/frontend/node_modules/@emotion/react/dist/emotion-element-9150ebbd.development.cjs.js:75:23
    at Box (/Users/dibyanshukushwaha/.gemini/antigravity/scratch/headlamp_4409/frontend/node_modules/@mui/system/createBox.js:31:41)
    at div
    at /Users/dibyanshukushwaha/.gemini/antigravity/scratch/headlamp_4409/frontend/node_modules/@emotion/react/dist/emotion-element-9150ebbd.development.cjs.js:75:23
    at Box (/Users/dibyanshukushwaha/.gemini/antigravity/scratch/headlamp_4409/frontend/node_modules/@mui/system/createBox.js:31:41)
    at SectionBox (/Users/dibyanshukushwaha/.gemini/antigravity/scratch/headlamp_4409/frontend/src/components/common/SectionBox.tsx:17:5)
    at ResourceListView (/Users/dibyanshukushwaha/.gemini/antigravity/scratch/headlamp_4409/frontend/src/components/common/Resource/ResourceListView.tsx:15:11)
    at NodeList (/Users/dibyanshukushwaha/.gemini/antigravity/scratch/headlamp_4409/frontend/src/components/node/List.tsx:19:69)
    at div
    at /Users/dibyanshukushwaha/.gemini/antigravity/scratch/headlamp_4409/frontend/node_modules/@emotion/react/dist/emotion-element-9150ebbd.development.cjs.js:75:23
    at Container (/Users/dibyanshukushwaha/.gemini/antigravity/scratch/headlamp_4409/frontend/node_modules/@mui/system/Container/createContainer.js:110:19)
    at hookified (file:///Users/dibyanshukushwaha/.gemini/antigravity/scratch/headlamp_4409/frontend/node_modules/storybook/dist/preview-api/index.js:1979:18)
    at Router (/Users/dibyanshukushwaha/.gemini/antigravity/scratch/headlamp_4409/frontend/node_modules/react-router/cjs/react-router.js:283:30)
    at MemoryRouter (/Users/dibyanshukushwaha/.gemini/antigravity/scratch/headlamp_4409/frontend/node_modules/react-router/cjs/react-router.js:385:35)
    at Provider (file:///Users/dibyanshukushwaha/.gemini/antigravity/scratch/headlamp_4409/frontend/node_modules/react-redux/dist/react-redux.mjs:1036:3)
    at TestContext (/Users/dibyanshukushwaha/.gemini/antigravity/scratch/headlamp_4409/frontend/src/test/index.tsx:15:11)
    at DefaultPropsProvider (/Users/dibyanshukushwaha/.gemini/antigravity/scratch/headlamp_4409/frontend/node_modules/@mui/system/DefaultPropsProvider/DefaultPropsProvider.js:18:3)
    at RtlProvider (/Users/dibyanshukushwaha/.gemini/antigravity/scratch/headlamp_4409/frontend/node_modules/@mui/system/RtlProvider/index.js:19:7)
    at ThemeProvider (/Users/dibyanshukushwaha/.gemini/antigravity/scratch/headlamp_4409/frontend/node_modules/@mui/private-theming/node/ThemeProvider/ThemeProvider.js:39:5)
    at ThemeProvider (/Users/dibyanshukushwaha/.gemini/antigravity/scratch/headlamp_4409/frontend/node_modules/@mui/system/ThemeProvider/ThemeProvider.js:52:5)
    at ThemeProvider (/Users/dibyanshukushwaha/.gemini/antigravity/scratch/headlamp_4409/frontend/node_modules/@mui/material/node/styles/ThemeProvider.js:21:14)
    at QueryClientProvider (file:///Users/dibyanshukushwaha/.gemini/antigravity/scratch/headlamp_4409/frontend/node_modules/@tanstack/react-query/build/modern/QueryClientProvider.js:20:3)
    at unboundStoryFn (file:///Users/dibyanshukushwaha/.gemini/antigravity/scratch/headlamp_4409/frontend/node_modules/storybook/dist/preview-api/index.js:2896:109)

stderr | src/storybook.test.tsx > Storybook Tests > node/List > Nodes
WebSocket error: Event { isTrusted: [36m[Getter][39m }

stderr | src/storybook.test.tsx > Storybook Tests > Pod/PodDetailsView > PullBackOff
WebSocket error: Event { isTrusted: [36m[Getter][39m }

stderr | src/storybook.test.tsx > Storybook Tests > Pod/PodDetailsView > Running
Warning: Each child in a list should have a unique "key" prop.

Check the render method of `ContainerInfo`. See https://reactjs.org/link/warning-keys for more information.
    at ContainerInfo (/Users/dibyanshukushwaha/.gemini/antigravity/scratch/headlamp_4409/frontend/src/components/common/Resource/Resource.tsx:736:11)
    at div
    at /Users/dibyanshukushwaha/.gemini/antigravity/scratch/headlamp_4409/frontend/node_modules/@emotion/react/dist/emotion-element-9150ebbd.development.cjs.js:75:23
    at Box (/Users/dibyanshukushwaha/.gemini/antigravity/scratch/headlamp_4409/frontend/node_modules/@mui/system/createBox.js:31:41)
    at div
    at /Users/dibyanshukushwaha/.gemini/antigravity/scratch/headlamp_4409/frontend/node_modules/@emotion/react/dist/emotion-element-9150ebbd.development.cjs.js:75:23
    at Box (/Users/dibyanshukushwaha/.gemini/antigravity/scratch/headlamp_4409/frontend/node_modules/@mui/system/createBox.js:31:41)
    at SectionBox (/Users/dibyanshukushwaha/.gemini/antigravity/scratch/headlamp_4409/frontend/src/components/common/SectionBox.tsx:17:5)
    at ContainersSection (/Users/dibyanshukushwaha/.gemini/antigravity/scratch/headlamp_4409/frontend/src/components/common/Resource/Resource.tsx:1177:11)
    at ErrorBoundary (/Users/dibyanshukushwaha/.gemini/antigravity/scratch/headlamp_4409/frontend/src/components/common/ErrorBoundary/ErrorBoundary.tsx:16:5)
    at div
    at /Users/dibyanshukushwaha/.gemini/antigravity/scratch/headlamp_4409/frontend/node_modules/@emotion/react/dist/emotion-element-9150ebbd.development.cjs.js:75:23
    at Box (/Users/dibyanshukushwaha/.gemini/antigravity/scratch/headlamp_4409/frontend/node_modules/@mui/system/createBox.js:31:41)
    at div
    at /Users/dibyanshukushwaha/.gemini/antigravity/scratch/headlamp_4409/frontend/node_modules/@emotion/react/dist/emotion-element-9150ebbd.development.cjs.js:75:23
    at Grid (/Users/dibyanshukushwaha/.gemini/antigravity/scratch/headlamp_4409/frontend/node_modules/@mui/material/node/Grid/Grid.js:381:64)
    at div
    at /Users/dibyanshukushwaha/.gemini/antigravity/scratch/headlamp_4409/frontend/node_modules/@emotion/react/dist/emotion-element-9150ebbd.development.cjs.js:75:23
    at Grid (/Users/dibyanshukushwaha/.gemini/antigravity/scratch/headlamp_4409/frontend/node_modules/@mui/material/node/Grid/Grid.js:381:64)
    at PageGrid (/Users/dibyanshukushwaha/.gemini/antigravity/scratch/headlamp_4409/frontend/src/components/common/Resource/Resource.tsx:333:11)
    at DetailsGrid (/Users/dibyanshukushwaha/.gemini/antigravity/scratch/headlamp_4409/frontend/src/components/common/Resource/Resource.tsx:88:5)
    at PodDetails (/Users/dibyanshukushwaha/.gemini/antigravity/scratch/headlamp_4409/frontend/src/components/pod/Details.tsx:605:54)
    at Route (/Users/dibyanshukushwaha/.gemini/antigravity/scratch/headlamp_4409/frontend/node_modules/react-router/cjs/react-router.js:664:29)
    at Router (/Users/dibyanshukushwaha/.gemini/antigravity/scratch/headlamp_4409/frontend/node_modules/react-router/cjs/react-router.js:283:30)
    at MemoryRouter (/Users/dibyanshukushwaha/.gemini/antigravity/scratch/headlamp_4409/frontend/node_modules/react-router/cjs/react-router.js:385:35)
    at Provider (file:///Users/dibyanshukushwaha/.gemini/antigravity/scratch/headlamp_4409/frontend/node_modules/react-redux/dist/react-redux.mjs:1036:3)
    at TestContext (/Users/dibyanshukushwaha/.gemini/antigravity/scratch/headlamp_4409/frontend/src/test/index.tsx:15:11)
    at hookified (file:///Users/dibyanshukushwaha/.gemini/antigravity/scratch/headlamp_4409/frontend/node_modules/storybook/dist/preview-api/index.js:1979:18)
    at DefaultPropsProvider (/Users/dibyanshukushwaha/.gemini/antigravity/scratch/headlamp_4409/frontend/node_modules/@mui/system/DefaultPropsProvider/DefaultPropsProvider.js:18:3)
    at RtlProvider (/Users/dibyanshukushwaha/.gemini/antigravity/scratch/headlamp_4409/frontend/node_modules/@mui/system/RtlProvider/index.js:19:7)
    at ThemeProvider (/Users/dibyanshukushwaha/.gemini/antigravity/scratch/headlamp_4409/frontend/node_modules/@mui/private-theming/node/ThemeProvider/ThemeProvider.js:39:5)
    at ThemeProvider (/Users/dibyanshukushwaha/.gemini/antigravity/scratch/headlamp_4409/frontend/node_modules/@mui/system/ThemeProvider/ThemeProvider.js:52:5)
    at ThemeProvider (/Users/dibyanshukushwaha/.gemini/antigravity/scratch/headlamp_4409/frontend/node_modules/@mui/material/node/styles/ThemeProvider.js:21:14)
    at QueryClientProvider (file:///Users/dibyanshukushwaha/.gemini/antigravity/scratch/headlamp_4409/frontend/node_modules/@tanstack/react-query/build/modern/QueryClientProvider.js:20:3)
    at unboundStoryFn (file:///Users/dibyanshukushwaha/.gemini/antigravity/scratch/headlamp_4409/frontend/node_modules/storybook/dist/preview-api/index.js:2896:109)

stderr | src/storybook.test.tsx > Storybook Tests > Pod/PodDetailsView > Running
WebSocket error: Event { isTrusted: [36m[Getter][39m }

stderr | src/storybook.test.tsx > Storybook Tests > Pod/PodDetailsView > Error
WebSocket error: Event { isTrusted: [36m[Getter][39m }

stderr | src/storybook.test.tsx > Storybook Tests > Pod/PodDetailsView > LivenessFailed
WebSocket error: Event { isTrusted: [36m[Getter][39m }

stderr | src/storybook.test.tsx > Storybook Tests > Pod/PodDetailsView > Initializing
WebSocket error: Event { isTrusted: [36m[Getter][39m }

stderr | src/storybook.test.tsx > Storybook Tests > Pod/PodDetailsView > Successful
WebSocket error: Event { isTrusted: [36m[Getter][39m }

stderr | src/storybook.test.tsx > Storybook Tests > Pod/PodListView > Items
WebSocket error: Event { isTrusted: [36m[Getter][39m }

stderr | src/storybook.test.tsx > Storybook Tests > Pod/PodListView > Items
Warning: Encountered two children with the same key, `125`. Keys should be unique so that components maintain their identity across updates. Non-unique keys may cause children to be duplicated and/or omitted — the behavior is unsupported and could change in a future version.
    at tbody
    at /Users/dibyanshukushwaha/.gemini/antigravity/scratch/headlamp_4409/frontend/node_modules/@emotion/react/dist/emotion-element-9150ebbd.development.cjs.js:75:23
    at table
    at /Users/dibyanshukushwaha/.gemini/antigravity/scratch/headlamp_4409/frontend/node_modules/@emotion/react/dist/emotion-element-9150ebbd.development.cjs.js:75:23
    at Table (/Users/dibyanshukushwaha/.gemini/antigravity/scratch/headlamp_4409/frontend/node_modules/@mui/material/node/Table/Table.js:61:59)
    at Table (/Users/dibyanshukushwaha/.gemini/antigravity/scratch/headlamp_4409/frontend/src/components/common/Table/Table.tsx:84:3)
    at ResourceTableContent (/Users/dibyanshukushwaha/.gemini/antigravity/scratch/headlamp_4409/frontend/src/components/common/Resource/ResourceTable.tsx:153:5)
    at ResourceTable (/Users/dibyanshukushwaha/.gemini/antigravity/scratch/headlamp_4409/frontend/src/components/common/Resource/ResourceTable.tsx:46:15)
    at div
    at /Users/dibyanshukushwaha/.gemini/antigravity/scratch/headlamp_4409/frontend/node_modules/@emotion/react/dist/emotion-element-9150ebbd.development.cjs.js:75:23
    at Box (/Users/dibyanshukushwaha/.gemini/antigravity/scratch/headlamp_4409/frontend/node_modules/@mui/system/createBox.js:31:41)
    at div
    at /Users/dibyanshukushwaha/.gemini/antigravity/scratch/headlamp_4409/frontend/node_modules/@emotion/react/dist/emotion-element-9150ebbd.development.cjs.js:75:23
    at Box (/Users/dibyanshukushwaha/.gemini/antigravity/scratch/headlamp_4409/frontend/node_modules/@mui/system/createBox.js:31:41)
    at SectionBox (/Users/dibyanshukushwaha/.gemini/antigravity/scratch/headlamp_4409/frontend/src/components/common/SectionBox.tsx:17:5)
    at ResourceListView (/Users/dibyanshukushwaha/.gemini/antigravity/scratch/headlamp_4409/frontend/src/components/common/Resource/ResourceListView.tsx:15:11)
    at PodListRenderer (/Users/dibyanshukushwaha/.gemini/antigravity/scratch/headlamp_4409/frontend/src/components/pod/List.tsx:197:5)
    at PodList (/Users/dibyanshukushwaha/.gemini/antigravity/scratch/headlamp_4409/frontend/src/components/pod/List.tsx:505:120)
    at hookified (file:///Users/dibyanshukushwaha/.gemini/antigravity/scratch/headlamp_4409/frontend/node_modules/storybook/dist/preview-api/index.js:1979:18)
    at Router (/Users/dibyanshukushwaha/.gemini/antigravity/scratch/headlamp_4409/frontend/node_modules/react-router/cjs/react-router.js:283:30)
    at MemoryRouter (/Users/dibyanshukushwaha/.gemini/antigravity/scratch/headlamp_4409/frontend/node_modules/react-router/cjs/react-router.js:385:35)
    at Provider (file:///Users/dibyanshukushwaha/.gemini/antigravity/scratch/headlamp_4409/frontend/node_modules/react-redux/dist/react-redux.mjs:1036:3)
    at TestContext (/Users/dibyanshukushwaha/.gemini/antigravity/scratch/headlamp_4409/frontend/src/test/index.tsx:15:11)
    at DefaultPropsProvider (/Users/dibyanshukushwaha/.gemini/antigravity/scratch/headlamp_4409/frontend/node_modules/@mui/system/DefaultPropsProvider/DefaultPropsProvider.js:18:3)
    at RtlProvider (/Users/dibyanshukushwaha/.gemini/antigravity/scratch/headlamp_4409/frontend/node_modules/@mui/system/RtlProvider/index.js:19:7)
    at ThemeProvider (/Users/dibyanshukushwaha/.gemini/antigravity/scratch/headlamp_4409/frontend/node_modules/@mui/private-theming/node/ThemeProvider/ThemeProvider.js:39:5)
    at ThemeProvider (/Users/dibyanshukushwaha/.gemini/antigravity/scratch/headlamp_4409/frontend/node_modules/@mui/system/ThemeProvider/ThemeProvider.js:52:5)
    at ThemeProvider (/Users/dibyanshukushwaha/.gemini/antigravity/scratch/headlamp_4409/frontend/node_modules/@mui/material/node/styles/ThemeProvider.js:21:14)
    at QueryClientProvider (file:///Users/dibyanshukushwaha/.gemini/antigravity/scratch/headlamp_4409/frontend/node_modules/@tanstack/react-query/build/modern/QueryClientProvider.js:20:3)
    at unboundStoryFn (file:///Users/dibyanshukushwaha/.gemini/antigravity/scratch/headlamp_4409/frontend/node_modules/storybook/dist/preview-api/index.js:2896:109)
Warning: Function components cannot be given refs. Attempts to access this ref will fail. Did you mean to use React.forwardRef()?

Check the render method of `ForwardRef(Tooltip)`.
    at Icon
    at Tooltip (/Users/dibyanshukushwaha/.gemini/antigravity/scratch/headlamp_4409/frontend/node_modules/@mui/material/node/Tooltip/Tooltip.js:228:59)
    at TooltipLight (/Users/dibyanshukushwaha/.gemini/antigravity/scratch/headlamp_4409/frontend/src/components/common/Tooltip/TooltipLight.tsx:13:11)
    at div
    at /Users/dibyanshukushwaha/.gemini/antigravity/scratch/headlamp_4409/frontend/node_modules/@emotion/react/dist/emotion-element-9150ebbd.development.cjs.js:75:23
    at Box (/Users/dibyanshukushwaha/.gemini/antigravity/scratch/headlamp_4409/frontend/node_modules/@mui/system/createBox.js:31:41)
    at div
    at /Users/dibyanshukushwaha/.gemini/antigravity/scratch/headlamp_4409/frontend/node_modules/@emotion/react/dist/emotion-element-9150ebbd.development.cjs.js:75:23
    at Box (/Users/dibyanshukushwaha/.gemini/antigravity/scratch/headlamp_4409/frontend/node_modules/@mui/system/createBox.js:31:41)
    at MRT_TableBodyCellValue (/Users/dibyanshukushwaha/.gemini/antigravity/scratch/headlamp_4409/frontend/node_modules/material-react-table/dist/index.js:1848:35)
    at td
    at /Users/dibyanshukushwaha/.gemini/antigravity/scratch/headlamp_4409/frontend/node_modules/@emotion/react/dist/emotion-element-9150ebbd.development.cjs.js:75:23
    at TableCell (/Users/dibyanshukushwaha/.gemini/antigravity/scratch/headlamp_4409/frontend/node_modules/@mui/material/node/TableCell/TableCell.js:108:59)
    at MRT_TableBodyCell (/Users/dibyanshukushwaha/.gemini/antigravity/scratch/headlamp_4409/frontend/node_modules/material-react-table/dist/index.js:2047:11)
    at /Users/dibyanshukushwaha/.gemini/antigravity/scratch/headlamp_4409/frontend/src/components/common/Table/Table.tsx:510:5
    at tr
    at /Users/dibyanshukushwaha/.gemini/antigravity/scratch/headlamp_4409/frontend/node_modules/@emotion/react/dist/emotion-element-9150ebbd.development.cjs.js:75:23
    at /Users/dibyanshukushwaha/.gemini/antigravity/scratch/headlamp_4409/frontend/src/components/common/Table/Table.tsx:481:5
    at tbody
    at /Users/dibyanshukushwaha/.gemini/antigravity/scratch/headlamp_4409/frontend/node_modules/@emotion/react/dist/emotion-element-9150ebbd.development.cjs.js:75:23
    at table
    at /Users/dibyanshukushwaha/.gemini/antigravity/scratch/headlamp_4409/frontend/node_modules/@emotion/react/dist/emotion-element-9150ebbd.development.cjs.js:75:23
    at Table (/Users/dibyanshukushwaha/.gemini/antigravity/scratch/headlamp_4409/frontend/node_modules/@mui/material/node/Table/Table.js:61:59)
    at Table (/Users/dibyanshukushwaha/.gemini/antigravity/scratch/headlamp_4409/frontend/src/components/common/Table/Table.tsx:84:3)
    at ResourceTableContent (/Users/dibyanshukushwaha/.gemini/antigravity/scratch/headlamp_4409/frontend/src/components/common/Resource/ResourceTable.tsx:153:5)
    at ResourceTable (/Users/dibyanshukushwaha/.gemini/antigravity/scratch/headlamp_4409/frontend/src/components/common/Resource/ResourceTable.tsx:46:15)
    at div
    at /Users/dibyanshukushwaha/.gemini/antigravity/scratch/headlamp_4409/frontend/node_modules/@emotion/react/dist/emotion-element-9150ebbd.development.cjs.js:75:23
    at Box (/Users/dibyanshukushwaha/.gemini/antigravity/scratch/headlamp_4409/frontend/node_modules/@mui/system/createBox.js:31:41)
    at div
    at /Users/dibyanshukushwaha/.gemini/antigravity/scratch/headlamp_4409/frontend/node_modules/@emotion/react/dist/emotion-element-9150ebbd.development.cjs.js:75:23
    at Box (/Users/dibyanshukushwaha/.gemini/antigravity/scratch/headlamp_4409/frontend/node_modules/@mui/system/createBox.js:31:41)
    at SectionBox (/Users/dibyanshukushwaha/.gemini/antigravity/scratch/headlamp_4409/frontend/src/components/common/SectionBox.tsx:17:5)
    at ResourceListView (/Users/dibyanshukushwaha/.gemini/antigravity/scratch/headlamp_4409/frontend/src/components/common/Resource/ResourceListView.tsx:15:11)
    at PodListRenderer (/Users/dibyanshukushwaha/.gemini/antigravity/scratch/headlamp_4409/frontend/src/components/pod/List.tsx:197:5)
    at PodList (/Users/dibyanshukushwaha/.gemini/antigravity/scratch/headlamp_4409/frontend/src/components/pod/List.tsx:505:120)
    at hookified (file:///Users/dibyanshukushwaha/.gemini/antigravity/scratch/headlamp_4409/frontend/node_modules/storybook/dist/preview-api/index.js:1979:18)
    at Router (/Users/dibyanshukushwaha/.gemini/antigravity/scratch/headlamp_4409/frontend/node_modules/react-router/cjs/react-router.js:283:30)
    at MemoryRouter (/Users/dibyanshukushwaha/.gemini/antigravity/scratch/headlamp_4409/frontend/node_modules/react-router/cjs/react-router.js:385:35)
    at Provider (file:///Users/dibyanshukushwaha/.gemini/antigravity/scratch/headlamp_4409/frontend/node_modules/react-redux/dist/react-redux.mjs:1036:3)
    at TestContext (/Users/dibyanshukushwaha/.gemini/antigravity/scratch/headlamp_4409/frontend/src/test/index.tsx:15:11)
    at DefaultPropsProvider (/Users/dibyanshukushwaha/.gemini/antigravity/scratch/headlamp_4409/frontend/node_modules/@mui/system/DefaultPropsProvider/DefaultPropsProvider.js:18:3)
    at RtlProvider (/Users/dibyanshukushwaha/.gemini/antigravity/scratch/headlamp_4409/frontend/node_modules/@mui/system/RtlProvider/index.js:19:7)
    at ThemeProvider (/Users/dibyanshukushwaha/.gemini/antigravity/scratch/headlamp_4409/frontend/node_modules/@mui/private-theming/node/ThemeProvider/ThemeProvider.js:39:5)
    at ThemeProvider (/Users/dibyanshukushwaha/.gemini/antigravity/scratch/headlamp_4409/frontend/node_modules/@mui/system/ThemeProvider/ThemeProvider.js:52:5)
    at ThemeProvider (/Users/dibyanshukushwaha/.gemini/antigravity/scratch/headlamp_4409/frontend/node_modules/@mui/material/node/styles/ThemeProvider.js:21:14)
    at QueryClientProvider (file:///Users/dibyanshukushwaha/.gemini/antigravity/scratch/headlamp_4409/frontend/node_modules/@tanstack/react-query/build/modern/QueryClientProvider.js:20:3)
    at unboundStoryFn (file:///Users/dibyanshukushwaha/.gemini/antigravity/scratch/headlamp_4409/frontend/node_modules/storybook/dist/preview-api/index.js:2896:109)

stderr | src/storybook.test.tsx > Storybook Tests > Pod/PodListView > Items
WebSocket error: Event { isTrusted: [36m[Getter][39m }

stderr | src/storybook.test.tsx > Storybook Tests > Pod/PodListView > Items
Warning: Encountered two children with the same key, `125`. Keys should be unique so that components maintain their identity across updates. Non-unique keys may cause children to be duplicated and/or omitted — the behavior is unsupported and could change in a future version.
    at tbody
    at /Users/dibyanshukushwaha/.gemini/antigravity/scratch/headlamp_4409/frontend/node_modules/@emotion/react/dist/emotion-element-9150ebbd.development.cjs.js:75:23
    at table
    at /Users/dibyanshukushwaha/.gemini/antigravity/scratch/headlamp_4409/frontend/node_modules/@emotion/react/dist/emotion-element-9150ebbd.development.cjs.js:75:23
    at Table (/Users/dibyanshukushwaha/.gemini/antigravity/scratch/headlamp_4409/frontend/node_modules/@mui/material/node/Table/Table.js:61:59)
    at Table (/Users/dibyanshukushwaha/.gemini/antigravity/scratch/headlamp_4409/frontend/src/components/common/Table/Table.tsx:84:3)
    at ResourceTableContent (/Users/dibyanshukushwaha/.gemini/antigravity/scratch/headlamp_4409/frontend/src/components/common/Resource/ResourceTable.tsx:153:5)
    at ResourceTable (/Users/dibyanshukushwaha/.gemini/antigravity/scratch/headlamp_4409/frontend/src/components/common/Resource/ResourceTable.tsx:46:15)
    at div
    at /Users/dibyanshukushwaha/.gemini/antigravity/scratch/headlamp_4409/frontend/node_modules/@emotion/react/dist/emotion-element-9150ebbd.development.cjs.js:75:23
    at Box (/Users/dibyanshukushwaha/.gemini/antigravity/scratch/headlamp_4409/frontend/node_modules/@mui/system/createBox.js:31:41)
    at div
    at /Users/dibyanshukushwaha/.gemini/antigravity/scratch/headlamp_4409/frontend/node_modules/@emotion/react/dist/emotion-element-9150ebbd.development.cjs.js:75:23
    at Box (/Users/dibyanshukushwaha/.gemini/antigravity/scratch/headlamp_4409/frontend/node_modules/@mui/system/createBox.js:31:41)
    at SectionBox (/Users/dibyanshukushwaha/.gemini/antigravity/scratch/headlamp_4409/frontend/src/components/common/SectionBox.tsx:17:5)
    at ResourceListView (/Users/dibyanshukushwaha/.gemini/antigravity/scratch/headlamp_4409/frontend/src/components/common/Resource/ResourceListView.tsx:15:11)
    at PodListRenderer (/Users/dibyanshukushwaha/.gemini/antigravity/scratch/headlamp_4409/frontend/src/components/pod/List.tsx:197:5)
    at PodList (/Users/dibyanshukushwaha/.gemini/antigravity/scratch/headlamp_4409/frontend/src/components/pod/List.tsx:505:120)
    at hookified (file:///Users/dibyanshukushwaha/.gemini/antigravity/scratch/headlamp_4409/frontend/node_modules/storybook/dist/preview-api/index.js:1979:18)
    at Router (/Users/dibyanshukushwaha/.gemini/antigravity/scratch/headlamp_4409/frontend/node_modules/react-router/cjs/react-router.js:283:30)
    at MemoryRouter (/Users/dibyanshukushwaha/.gemini/antigravity/scratch/headlamp_4409/frontend/node_modules/react-router/cjs/react-router.js:385:35)
    at Provider (file:///Users/dibyanshukushwaha/.gemini/antigravity/scratch/headlamp_4409/frontend/node_modules/react-redux/dist/react-redux.mjs:1036:3)
    at TestContext (/Users/dibyanshukushwaha/.gemini/antigravity/scratch/headlamp_4409/frontend/src/test/index.tsx:15:11)
    at DefaultPropsProvider (/Users/dibyanshukushwaha/.gemini/antigravity/scratch/headlamp_4409/frontend/node_modules/@mui/system/DefaultPropsProvider/DefaultPropsProvider.js:18:3)
    at RtlProvider (/Users/dibyanshukushwaha/.gemini/antigravity/scratch/headlamp_4409/frontend/node_modules/@mui/system/RtlProvider/index.js:19:7)
    at ThemeProvider (/Users/dibyanshukushwaha/.gemini/antigravity/scratch/headlamp_4409/frontend/node_modules/@mui/private-theming/node/ThemeProvider/ThemeProvider.js:39:5)
    at ThemeProvider (/Users/dibyanshukushwaha/.gemini/antigravity/scratch/headlamp_4409/frontend/node_modules/@mui/system/ThemeProvider/ThemeProvider.js:52:5)
    at ThemeProvider (/Users/dibyanshukushwaha/.gemini/antigravity/scratch/headlamp_4409/frontend/node_modules/@mui/material/node/styles/ThemeProvider.js:21:14)
    at QueryClientProvider (file:///Users/dibyanshukushwaha/.gemini/antigravity/scratch/headlamp_4409/frontend/node_modules/@tanstack/react-query/build/modern/QueryClientProvider.js:20:3)
    at unboundStoryFn (file:///Users/dibyanshukushwaha/.gemini/antigravity/scratch/headlamp_4409/frontend/node_modules/storybook/dist/preview-api/index.js:2896:109)

stderr | src/storybook.test.tsx > Storybook Tests > Pod/PodLogViewer > PlainLogs
Warning: React does not recognize the `showTimestamps` prop on a DOM element. If you intentionally want it to appear in the DOM as a custom attribute, spell it as lowercase `showtimestamps` instead. If you accidentally passed it from a parent component, remove it from the DOM element.
    at div
    at /Users/dibyanshukushwaha/.gemini/antigravity/scratch/headlamp_4409/frontend/node_modules/@emotion/react/dist/emotion-element-9150ebbd.development.cjs.js:75:23
    at Portal (/Users/dibyanshukushwaha/.gemini/antigravity/scratch/headlamp_4409/frontend/node_modules/@mui/material/node/Portal/Portal.js:34:5)
    at Modal (/Users/dibyanshukushwaha/.gemini/antigravity/scratch/headlamp_4409/frontend/node_modules/@mui/material/node/Modal/Modal.js:88:59)
    at /Users/dibyanshukushwaha/.gemini/antigravity/scratch/headlamp_4409/frontend/node_modules/@emotion/react/dist/emotion-element-9150ebbd.development.cjs.js:75:23
    at Dialog (/Users/dibyanshukushwaha/.gemini/antigravity/scratch/headlamp_4409/frontend/node_modules/@mui/material/node/Dialog/Dialog.js:161:59)
    at Dialog (/Users/dibyanshukushwaha/.gemini/antigravity/scratch/headlamp_4409/frontend/src/components/common/Dialog.tsx:84:5)
    at LogViewer (/Users/dibyanshukushwaha/.gemini/antigravity/scratch/headlamp_4409/frontend/src/components/common/LogViewer.tsx:28:5)
    at PodLogViewer (/Users/dibyanshukushwaha/.gemini/antigravity/scratch/headlamp_4409/frontend/src/components/pod/Details.tsx:51:11)
    at Route (/Users/dibyanshukushwaha/.gemini/antigravity/scratch/headlamp_4409/frontend/node_modules/react-router/cjs/react-router.js:664:29)
    at Router (/Users/dibyanshukushwaha/.gemini/antigravity/scratch/headlamp_4409/frontend/node_modules/react-router/cjs/react-router.js:283:30)
    at MemoryRouter (/Users/dibyanshukushwaha/.gemini/antigravity/scratch/headlamp_4409/frontend/node_modules/react-router/cjs/react-router.js:385:35)
    at Provider (file:///Users/dibyanshukushwaha/.gemini/antigravity/scratch/headlamp_4409/frontend/node_modules/react-redux/dist/react-redux.mjs:1036:3)
    at TestContext (/Users/dibyanshukushwaha/.gemini/antigravity/scratch/headlamp_4409/frontend/src/test/index.tsx:15:11)
    at hookified (file:///Users/dibyanshukushwaha/.gemini/antigravity/scratch/headlamp_4409/frontend/node_modules/storybook/dist/preview-api/index.js:1979:18)
    at DefaultPropsProvider (/Users/dibyanshukushwaha/.gemini/antigravity/scratch/headlamp_4409/frontend/node_modules/@mui/system/DefaultPropsProvider/DefaultPropsProvider.js:18:3)
    at RtlProvider (/Users/dibyanshukushwaha/.gemini/antigravity/scratch/headlamp_4409/frontend/node_modules/@mui/system/RtlProvider/index.js:19:7)
    at ThemeProvider (/Users/dibyanshukushwaha/.gemini/antigravity/scratch/headlamp_4409/frontend/node_modules/@mui/private-theming/node/ThemeProvider/ThemeProvider.js:39:5)
    at ThemeProvider (/Users/dibyanshukushwaha/.gemini/antigravity/scratch/headlamp_4409/frontend/node_modules/@mui/system/ThemeProvider/ThemeProvider.js:52:5)
    at ThemeProvider (/Users/dibyanshukushwaha/.gemini/antigravity/scratch/headlamp_4409/frontend/node_modules/@mui/material/node/styles/ThemeProvider.js:21:14)
    at QueryClientProvider (file:///Users/dibyanshukushwaha/.gemini/antigravity/scratch/headlamp_4409/frontend/node_modules/@tanstack/react-query/build/modern/QueryClientProvider.js:20:3)
    at unboundStoryFn (file:///Users/dibyanshukushwaha/.gemini/antigravity/scratch/headlamp_4409/frontend/node_modules/storybook/dist/preview-api/index.js:2896:109)
Warning: React does not recognize the `prettifyLogs` prop on a DOM element. If you intentionally want it to appear in the DOM as a custom attribute, spell it as lowercase `prettifylogs` instead. If you accidentally passed it from a parent component, remove it from the DOM element.
    at div
    at /Users/dibyanshukushwaha/.gemini/antigravity/scratch/headlamp_4409/frontend/node_modules/@emotion/react/dist/emotion-element-9150ebbd.development.cjs.js:75:23
    at Portal (/Users/dibyanshukushwaha/.gemini/antigravity/scratch/headlamp_4409/frontend/node_modules/@mui/material/node/Portal/Portal.js:34:5)
    at Modal (/Users/dibyanshukushwaha/.gemini/antigravity/scratch/headlamp_4409/frontend/node_modules/@mui/material/node/Modal/Modal.js:88:59)
    at /Users/dibyanshukushwaha/.gemini/antigravity/scratch/headlamp_4409/frontend/node_modules/@emotion/react/dist/emotion-element-9150ebbd.development.cjs.js:75:23
    at Dialog (/Users/dibyanshukushwaha/.gemini/antigravity/scratch/headlamp_4409/frontend/node_modules/@mui/material/node/Dialog/Dialog.js:161:59)
    at Dialog (/Users/dibyanshukushwaha/.gemini/antigravity/scratch/headlamp_4409/frontend/src/components/common/Dialog.tsx:84:5)
    at LogViewer (/Users/dibyanshukushwaha/.gemini/antigravity/scratch/headlamp_4409/frontend/src/components/common/LogViewer.tsx:28:5)
    at PodLogViewer (/Users/dibyanshukushwaha/.gemini/antigravity/scratch/headlamp_4409/frontend/src/components/pod/Details.tsx:51:11)
    at Route (/Users/dibyanshukushwaha/.gemini/antigravity/scratch/headlamp_4409/frontend/node_modules/react-router/cjs/react-router.js:664:29)
    at Router (/Users/dibyanshukushwaha/.gemini/antigravity/scratch/headlamp_4409/frontend/node_modules/react-router/cjs/react-router.js:283:30)
    at MemoryRouter (/Users/dibyanshukushwaha/.gemini/antigravity/scratch/headlamp_4409/frontend/node_modules/react-router/cjs/react-router.js:385:35)
    at Provider (file:///Users/dibyanshukushwaha/.gemini/antigravity/scratch/headlamp_4409/frontend/node_modules/react-redux/dist/react-redux.mjs:1036:3)
    at TestContext (/Users/dibyanshukushwaha/.gemini/antigravity/scratch/headlamp_4409/frontend/src/test/index.tsx:15:11)
    at hookified (file:///Users/dibyanshukushwaha/.gemini/antigravity/scratch/headlamp_4409/frontend/node_modules/storybook/dist/preview-api/index.js:1979:18)
    at DefaultPropsProvider (/Users/dibyanshukushwaha/.gemini/antigravity/scratch/headlamp_4409/frontend/node_modules/@mui/system/DefaultPropsProvider/DefaultPropsProvider.js:18:3)
    at RtlProvider (/Users/dibyanshukushwaha/.gemini/antigravity/scratch/headlamp_4409/frontend/node_modules/@mui/system/RtlProvider/index.js:19:7)
    at ThemeProvider (/Users/dibyanshukushwaha/.gemini/antigravity/scratch/headlamp_4409/frontend/node_modules/@mui/private-theming/node/ThemeProvider/ThemeProvider.js:39:5)
    at ThemeProvider (/Users/dibyanshukushwaha/.gemini/antigravity/scratch/headlamp_4409/frontend/node_modules/@mui/system/ThemeProvider/ThemeProvider.js:52:5)
    at ThemeProvider (/Users/dibyanshukushwaha/.gemini/antigravity/scratch/headlamp_4409/frontend/node_modules/@mui/material/node/styles/ThemeProvider.js:21:14)
    at QueryClientProvider (file:///Users/dibyanshukushwaha/.gemini/antigravity/scratch/headlamp_4409/frontend/node_modules/@tanstack/react-query/build/modern/QueryClientProvider.js:20:3)
    at unboundStoryFn (file:///Users/dibyanshukushwaha/.gemini/antigravity/scratch/headlamp_4409/frontend/node_modules/storybook/dist/preview-api/index.js:2896:109)
Warning: React does not recognize the `formatJsonValues` prop on a DOM element. If you intentionally want it to appear in the DOM as a custom attribute, spell it as lowercase `formatjsonvalues` instead. If you accidentally passed it from a parent component, remove it from the DOM element.
    at div
    at /Users/dibyanshukushwaha/.gemini/antigravity/scratch/headlamp_4409/frontend/node_modules/@emotion/react/dist/emotion-element-9150ebbd.development.cjs.js:75:23
    at Portal (/Users/dibyanshukushwaha/.gemini/antigravity/scratch/headlamp_4409/frontend/node_modules/@mui/material/node/Portal/Portal.js:34:5)
    at Modal (/Users/dibyanshukushwaha/.gemini/antigravity/scratch/headlamp_4409/frontend/node_modules/@mui/material/node/Modal/Modal.js:88:59)
    at /Users/dibyanshukushwaha/.gemini/antigravity/scratch/headlamp_4409/frontend/node_modules/@emotion/react/dist/emotion-element-9150ebbd.development.cjs.js:75:23
    at Dialog (/Users/dibyanshukushwaha/.gemini/antigravity/scratch/headlamp_4409/frontend/node_modules/@mui/material/node/Dialog/Dialog.js:161:59)
    at Dialog (/Users/dibyanshukushwaha/.gemini/antigravity/scratch/headlamp_4409/frontend/src/components/common/Dialog.tsx:84:5)
    at LogViewer (/Users/dibyanshukushwaha/.gemini/antigravity/scratch/headlamp_4409/frontend/src/components/common/LogViewer.tsx:28:5)
    at PodLogViewer (/Users/dibyanshukushwaha/.gemini/antigravity/scratch/headlamp_4409/frontend/src/components/pod/Details.tsx:51:11)
    at Route (/Users/dibyanshukushwaha/.gemini/antigravity/scratch/headlamp_4409/frontend/node_modules/react-router/cjs/react-router.js:664:29)
    at Router (/Users/dibyanshukushwaha/.gemini/antigravity/scratch/headlamp_4409/frontend/node_modules/react-router/cjs/react-router.js:283:30)
    at MemoryRouter (/Users/dibyanshukushwaha/.gemini/antigravity/scratch/headlamp_4409/frontend/node_modules/react-router/cjs/react-router.js:385:35)
    at Provider (file:///Users/dibyanshukushwaha/.gemini/antigravity/scratch/headlamp_4409/frontend/node_modules/react-redux/dist/react-redux.mjs:1036:3)
    at TestContext (/Users/dibyanshukushwaha/.gemini/antigravity/scratch/headlamp_4409/frontend/src/test/index.tsx:15:11)
    at hookified (file:///Users/dibyanshukushwaha/.gemini/antigravity/scratch/headlamp_4409/frontend/node_modules/storybook/dist/preview-api/index.js:1979:18)
    at DefaultPropsProvider (/Users/dibyanshukushwaha/.gemini/antigravity/scratch/headlamp_4409/frontend/node_modules/@mui/system/DefaultPropsProvider/DefaultPropsProvider.js:18:3)
    at RtlProvider (/Users/dibyanshukushwaha/.gemini/antigravity/scratch/headlamp_4409/frontend/node_modules/@mui/system/RtlProvider/index.js:19:7)
    at ThemeProvider (/Users/dibyanshukushwaha/.gemini/antigravity/scratch/headlamp_4409/frontend/node_modules/@mui/private-theming/node/ThemeProvider/ThemeProvider.js:39:5)
    at ThemeProvider (/Users/dibyanshukushwaha/.gemini/antigravity/scratch/headlamp_4409/frontend/node_modules/@mui/system/ThemeProvider/ThemeProvider.js:52:5)
    at ThemeProvider (/Users/dibyanshukushwaha/.gemini/antigravity/scratch/headlamp_4409/frontend/node_modules/@mui/material/node/styles/ThemeProvider.js:21:14)
    at QueryClientProvider (file:///Users/dibyanshukushwaha/.gemini/antigravity/scratch/headlamp_4409/frontend/node_modules/@tanstack/react-query/build/modern/QueryClientProvider.js:20:3)
    at unboundStoryFn (file:///Users/dibyanshukushwaha/.gemini/antigravity/scratch/headlamp_4409/frontend/node_modules/storybook/dist/preview-api/index.js:2896:109)

stderr | src/storybook.test.tsx > Storybook Tests > pdb/PDBDetailsView > Default
WebSocket error: Event { isTrusted: [36m[Getter][39m }

stderr | src/storybook.test.tsx > Storybook Tests > PDB/PDBListView > Items
WebSocket error: Event { isTrusted: [36m[Getter][39m }

stderr | src/storybook.test.tsx > Storybook Tests > PDB/PDBListView > Items
WebSocket error: Event { isTrusted: [36m[Getter][39m }

stderr | src/storybook.test.tsx > Storybook Tests > PriorityClass/PriorityClassDetailsView > Default
WebSocket error: Event { isTrusted: [36m[Getter][39m }

stderr | src/storybook.test.tsx > Storybook Tests > PriorityClass/PriorityClassListView > Items
WebSocket error: Event { isTrusted: [36m[Getter][39m }

stderr | src/storybook.test.tsx > Storybook Tests > ReplicaSet/List > ReplicaSets
WebSocket error: Event { isTrusted: [36m[Getter][39m }

stderr | src/storybook.test.tsx > Storybook Tests > ReplicaSet/List > ReplicaSets
WebSocket error: Event { isTrusted: [36m[Getter][39m }

stderr | src/storybook.test.tsx > Storybook Tests > GraphView > BasicExample
The pseudo class ":first-child" is potentially unsafe when doing server-side rendering. Try changing it to ":first-of-type".
The pseudo class ":first-child" is potentially unsafe when doing server-side rendering. Try changing it to ":first-of-type".

stderr | src/storybook.test.tsx > Storybook Tests > GraphView > BasicExample
WebSocket error: Event { isTrusted: [36m[Getter][39m }

stderr | src/storybook.test.tsx > Storybook Tests > GraphView > BasicExample
WebSocket error: Event { isTrusted: [36m[Getter][39m }

stderr | src/storybook.test.tsx > Storybook Tests > GraphView > BasicExample
WebSocket error: Event { isTrusted: [36m[Getter][39m }

stderr | src/storybook.test.tsx > Storybook Tests > ResourceQuota/ResourceQuotaDetailsView > Default
Unable to parse error json at url: http://localhost:4466/api/v1/namespaces/test/events?fieldSelector=involvedObject.kind%3DResourceQuota%2CinvolvedObject.name%3Dtest-cpu-quota%2CinvolvedObject.namespace%3Dtest&limit=2000 {
  err: SyntaxError: Unexpected end of JSON input
      at JSON.parse (<anonymous>)
  [90m    at parseJSONFromBytes (node:internal/deps/undici/undici:5738:19)[39m
  [90m    at successSteps (node:internal/deps/undici/undici:5719:27)[39m
  [90m    at consumeBody (node:internal/deps/undici/undici:5725:9)[39m
  [90m    at Response.json (node:internal/deps/undici/undici:5665:18)[39m
      at clusterRequest [90m(/Users/dibyanshukushwaha/.gemini/antigravity/scratch/headlamp_4409/frontend/[39msrc/lib/k8s/api/v1/clusterRequests.ts:200:37[90m)[39m
      at Function.objectEvents [90m(/Users/dibyanshukushwaha/.gemini/antigravity/scratch/headlamp_4409/frontend/[39msrc/lib/k8s/event.ts:167:22[90m)[39m
      at fetchEvents [90m(/Users/dibyanshukushwaha/.gemini/antigravity/scratch/headlamp_4409/frontend/[39msrc/components/common/ObjectEventList.tsx:44:22[90m)[39m
} with request data: { signal: AbortSignal {}, credentials: [32m'include'[39m, headers: {} }

stderr | src/storybook.test.tsx > Storybook Tests > ResourceQuota/ResourceQuotaDetailsView > Default
Failed to fetch events for object: ResourceQuota {
  jsonData: {
    apiVersion: [32m'v1'[39m,
    kind: [32m'ResourceQuota'[39m,
    metadata: {
      annotations: [36m[Object][39m,
      selfLink: [32m''[39m,
      creationTimestamp: [32m'2022-10-25T11:48:48Z'[39m,
      name: [32m'test-cpu-quota'[39m,
      namespace: [32m'test'[39m,
      resourceVersion: [32m'6480949'[39m,
      uid: [32m'ebee95aa-f0a2-43d7-bd27-c7e756d0b163'[39m
    },
    spec: { hard: [36m[Object][39m },
    status: { hard: [36m[Object][39m, used: [36m[Object][39m }
  },
  _clusterName: [32m''[39m
} Error: Unreachable
    at clusterRequest [90m(/Users/dibyanshukushwaha/.gemini/antigravity/scratch/headlamp_4409/frontend/[39msrc/lib/k8s/api/v1/clusterRequests.ts:213:19[90m)[39m
    at Function.objectEvents [90m(/Users/dibyanshukushwaha/.gemini/antigravity/scratch/headlamp_4409/frontend/[39msrc/lib/k8s/event.ts:167:22[90m)[39m
    at fetchEvents [90m(/Users/dibyanshukushwaha/.gemini/antigravity/scratch/headlamp_4409/frontend/[39msrc/components/common/ObjectEventList.tsx:44:22[90m)[39m {
  status: [33m502[39m
}

stderr | src/storybook.test.tsx > Storybook Tests > ResourceQuota/ResourceQuotaDetailsView > Default
WebSocket error: Event { isTrusted: [36m[Getter][39m }

stderr | src/storybook.test.tsx > Storybook Tests > ResourceQuota/ResourceQuotaListView > Items
WebSocket error: Event { isTrusted: [36m[Getter][39m }

stderr | src/storybook.test.tsx > Storybook Tests > ResourceQuota/ResourceQuotaListView > Items
Warning: Each child in a list should have a unique "key" prop.

Check the render method of `MRT_TableBodyCellValue`. See https://reactjs.org/link/warning-keys for more information.
    at /Users/dibyanshukushwaha/.gemini/antigravity/scratch/headlamp_4409/frontend/node_modules/@emotion/react/dist/emotion-element-9150ebbd.development.cjs.js:75:23
    at MRT_TableBodyCellValue (/Users/dibyanshukushwaha/.gemini/antigravity/scratch/headlamp_4409/frontend/node_modules/material-react-table/dist/index.js:1848:35)
    at td
    at /Users/dibyanshukushwaha/.gemini/antigravity/scratch/headlamp_4409/frontend/node_modules/@emotion/react/dist/emotion-element-9150ebbd.development.cjs.js:75:23
    at TableCell (/Users/dibyanshukushwaha/.gemini/antigravity/scratch/headlamp_4409/frontend/node_modules/@mui/material/node/TableCell/TableCell.js:108:59)
    at MRT_TableBodyCell (/Users/dibyanshukushwaha/.gemini/antigravity/scratch/headlamp_4409/frontend/node_modules/material-react-table/dist/index.js:2047:11)
    at /Users/dibyanshukushwaha/.gemini/antigravity/scratch/headlamp_4409/frontend/src/components/common/Table/Table.tsx:510:5
    at tr
    at /Users/dibyanshukushwaha/.gemini/antigravity/scratch/headlamp_4409/frontend/node_modules/@emotion/react/dist/emotion-element-9150ebbd.development.cjs.js:75:23
    at /Users/dibyanshukushwaha/.gemini/antigravity/scratch/headlamp_4409/frontend/src/components/common/Table/Table.tsx:481:5
    at tbody
    at /Users/dibyanshukushwaha/.gemini/antigravity/scratch/headlamp_4409/frontend/node_modules/@emotion/react/dist/emotion-element-9150ebbd.development.cjs.js:75:23
    at table
    at /Users/dibyanshukushwaha/.gemini/antigravity/scratch/headlamp_4409/frontend/node_modules/@emotion/react/dist/emotion-element-9150ebbd.development.cjs.js:75:23
    at Table (/Users/dibyanshukushwaha/.gemini/antigravity/scratch/headlamp_4409/frontend/node_modules/@mui/material/node/Table/Table.js:61:59)
    at Table (/Users/dibyanshukushwaha/.gemini/antigravity/scratch/headlamp_4409/frontend/src/components/common/Table/Table.tsx:84:3)
    at ResourceTableContent (/Users/dibyanshukushwaha/.gemini/antigravity/scratch/headlamp_4409/frontend/src/components/common/Resource/ResourceTable.tsx:153:5)
    at ResourceTable (/Users/dibyanshukushwaha/.gemini/antigravity/scratch/headlamp_4409/frontend/src/components/common/Resource/ResourceTable.tsx:46:15)
    at div
    at /Users/dibyanshukushwaha/.gemini/antigravity/scratch/headlamp_4409/frontend/node_modules/@emotion/react/dist/emotion-element-9150ebbd.development.cjs.js:75:23
    at Box (/Users/dibyanshukushwaha/.gemini/antigravity/scratch/headlamp_4409/frontend/node_modules/@mui/system/createBox.js:31:41)
    at div
    at /Users/dibyanshukushwaha/.gemini/antigravity/scratch/headlamp_4409/frontend/node_modules/@emotion/react/dist/emotion-element-9150ebbd.development.cjs.js:75:23
    at Box (/Users/dibyanshukushwaha/.gemini/antigravity/scratch/headlamp_4409/frontend/node_modules/@mui/system/createBox.js:31:41)
    at SectionBox (/Users/dibyanshukushwaha/.gemini/antigravity/scratch/headlamp_4409/frontend/src/components/common/SectionBox.tsx:17:5)
    at ResourceListView (/Users/dibyanshukushwaha/.gemini/antigravity/scratch/headlamp_4409/frontend/src/components/common/Resource/ResourceListView.tsx:15:11)
    at ResourceQuotaRenderer (/Users/dibyanshukushwaha/.gemini/antigravity/scratch/headlamp_4409/frontend/src/components/resourceQuota/List.tsx:33:5)
    at ResourceQuotaList (/Users/dibyanshukushwaha/.gemini/antigravity/scratch/headlamp_4409/frontend/src/components/resourceQuota/List.tsx:115:135)
    at hookified (file:///Users/dibyanshukushwaha/.gemini/antigravity/scratch/headlamp_4409/frontend/node_modules/storybook/dist/preview-api/index.js:1979:18)
    at Router (/Users/dibyanshukushwaha/.gemini/antigravity/scratch/headlamp_4409/frontend/node_modules/react-router/cjs/react-router.js:283:30)
    at MemoryRouter (/Users/dibyanshukushwaha/.gemini/antigravity/scratch/headlamp_4409/frontend/node_modules/react-router/cjs/react-router.js:385:35)
    at Provider (file:///Users/dibyanshukushwaha/.gemini/antigravity/scratch/headlamp_4409/frontend/node_modules/react-redux/dist/react-redux.mjs:1036:3)
    at TestContext (/Users/dibyanshukushwaha/.gemini/antigravity/scratch/headlamp_4409/frontend/src/test/index.tsx:15:11)
    at DefaultPropsProvider (/Users/dibyanshukushwaha/.gemini/antigravity/scratch/headlamp_4409/frontend/node_modules/@mui/system/DefaultPropsProvider/DefaultPropsProvider.js:18:3)
    at RtlProvider (/Users/dibyanshukushwaha/.gemini/antigravity/scratch/headlamp_4409/frontend/node_modules/@mui/system/RtlProvider/index.js:19:7)
    at ThemeProvider (/Users/dibyanshukushwaha/.gemini/antigravity/scratch/headlamp_4409/frontend/node_modules/@mui/private-theming/node/ThemeProvider/ThemeProvider.js:39:5)
    at ThemeProvider (/Users/dibyanshukushwaha/.gemini/antigravity/scratch/headlamp_4409/frontend/node_modules/@mui/system/ThemeProvider/ThemeProvider.js:52:5)
    at ThemeProvider (/Users/dibyanshukushwaha/.gemini/antigravity/scratch/headlamp_4409/frontend/node_modules/@mui/material/node/styles/ThemeProvider.js:21:14)
    at QueryClientProvider (file:///Users/dibyanshukushwaha/.gemini/antigravity/scratch/headlamp_4409/frontend/node_modules/@tanstack/react-query/build/modern/QueryClientProvider.js:20:3)
    at unboundStoryFn (file:///Users/dibyanshukushwaha/.gemini/antigravity/scratch/headlamp_4409/frontend/node_modules/storybook/dist/preview-api/index.js:2896:109)

stderr | src/storybook.test.tsx > Storybook Tests > ResourceQuota/ResourceQuotaListView > Items
WebSocket error: Event { isTrusted: [36m[Getter][39m }

stderr | src/storybook.test.tsx > Storybook Tests > RuntimeClass/DetailsView > Base
WebSocket error: Event { isTrusted: [36m[Getter][39m }

stderr | src/storybook.test.tsx > Storybook Tests > RuntimeClass/ListView > Items
WebSocket error: Event { isTrusted: [36m[Getter][39m }

stderr | src/storybook.test.tsx > Storybook Tests > Secret/DetailsView > WithBase
WebSocket error: Event { isTrusted: [36m[Getter][39m }

stderr | src/storybook.test.tsx > Storybook Tests > Secret/DetailsView > Empty
WebSocket error: Event { isTrusted: [36m[Getter][39m }

stderr | src/storybook.test.tsx > Storybook Tests > Secret/ListView > Items
WebSocket error: Event { isTrusted: [36m[Getter][39m }

stderr | src/storybook.test.tsx > Storybook Tests > Secret/ListView > Items
Warning: Encountered two children with the same key, `abc-1234`. Keys should be unique so that components maintain their identity across updates. Non-unique keys may cause children to be duplicated and/or omitted — the behavior is unsupported and could change in a future version.
    at tbody
    at /Users/dibyanshukushwaha/.gemini/antigravity/scratch/headlamp_4409/frontend/node_modules/@emotion/react/dist/emotion-element-9150ebbd.development.cjs.js:75:23
    at table
    at /Users/dibyanshukushwaha/.gemini/antigravity/scratch/headlamp_4409/frontend/node_modules/@emotion/react/dist/emotion-element-9150ebbd.development.cjs.js:75:23
    at Table (/Users/dibyanshukushwaha/.gemini/antigravity/scratch/headlamp_4409/frontend/node_modules/@mui/material/node/Table/Table.js:61:59)
    at Table (/Users/dibyanshukushwaha/.gemini/antigravity/scratch/headlamp_4409/frontend/src/components/common/Table/Table.tsx:84:3)
    at ResourceTableContent (/Users/dibyanshukushwaha/.gemini/antigravity/scratch/headlamp_4409/frontend/src/components/common/Resource/ResourceTable.tsx:153:5)
    at TableFromResourceClass (/Users/dibyanshukushwaha/.gemini/antigravity/scratch/headlamp_4409/frontend/src/components/common/Resource/ResourceTable.tsx:61:11)
    at ResourceTable (/Users/dibyanshukushwaha/.gemini/antigravity/scratch/headlamp_4409/frontend/src/components/common/Resource/ResourceTable.tsx:46:15)
    at div
    at /Users/dibyanshukushwaha/.gemini/antigravity/scratch/headlamp_4409/frontend/node_modules/@emotion/react/dist/emotion-element-9150ebbd.development.cjs.js:75:23
    at Box (/Users/dibyanshukushwaha/.gemini/antigravity/scratch/headlamp_4409/frontend/node_modules/@mui/system/createBox.js:31:41)
    at div
    at /Users/dibyanshukushwaha/.gemini/antigravity/scratch/headlamp_4409/frontend/node_modules/@emotion/react/dist/emotion-element-9150ebbd.development.cjs.js:75:23
    at Box (/Users/dibyanshukushwaha/.gemini/antigravity/scratch/headlamp_4409/frontend/node_modules/@mui/system/createBox.js:31:41)
    at SectionBox (/Users/dibyanshukushwaha/.gemini/antigravity/scratch/headlamp_4409/frontend/src/components/common/SectionBox.tsx:17:5)
    at ResourceListView (/Users/dibyanshukushwaha/.gemini/antigravity/scratch/headlamp_4409/frontend/src/components/common/Resource/ResourceListView.tsx:15:11)
    at SecretList (/Users/dibyanshukushwaha/.gemini/antigravity/scratch/headlamp_4409/frontend/src/components/secret/List.tsx:14:57)
    at hookified (file:///Users/dibyanshukushwaha/.gemini/antigravity/scratch/headlamp_4409/frontend/node_modules/storybook/dist/preview-api/index.js:1979:18)
    at Router (/Users/dibyanshukushwaha/.gemini/antigravity/scratch/headlamp_4409/frontend/node_modules/react-router/cjs/react-router.js:283:30)
    at MemoryRouter (/Users/dibyanshukushwaha/.gemini/antigravity/scratch/headlamp_4409/frontend/node_modules/react-router/cjs/react-router.js:385:35)
    at Provider (file:///Users/dibyanshukushwaha/.gemini/antigravity/scratch/headlamp_4409/frontend/node_modules/react-redux/dist/react-redux.mjs:1036:3)
    at TestContext (/Users/dibyanshukushwaha/.gemini/antigravity/scratch/headlamp_4409/frontend/src/test/index.tsx:15:11)
    at DefaultPropsProvider (/Users/dibyanshukushwaha/.gemini/antigravity/scratch/headlamp_4409/frontend/node_modules/@mui/system/DefaultPropsProvider/DefaultPropsProvider.js:18:3)
    at RtlProvider (/Users/dibyanshukushwaha/.gemini/antigravity/scratch/headlamp_4409/frontend/node_modules/@mui/system/RtlProvider/index.js:19:7)
    at ThemeProvider (/Users/dibyanshukushwaha/.gemini/antigravity/scratch/headlamp_4409/frontend/node_modules/@mui/private-theming/node/ThemeProvider/ThemeProvider.js:39:5)
    at ThemeProvider (/Users/dibyanshukushwaha/.gemini/antigravity/scratch/headlamp_4409/frontend/node_modules/@mui/system/ThemeProvider/ThemeProvider.js:52:5)
    at ThemeProvider (/Users/dibyanshukushwaha/.gemini/antigravity/scratch/headlamp_4409/frontend/node_modules/@mui/material/node/styles/ThemeProvider.js:21:14)
    at QueryClientProvider (file:///Users/dibyanshukushwaha/.gemini/antigravity/scratch/headlamp_4409/frontend/node_modules/@tanstack/react-query/build/modern/QueryClientProvider.js:20:3)
    at unboundStoryFn (file:///Users/dibyanshukushwaha/.gemini/antigravity/scratch/headlamp_4409/frontend/node_modules/storybook/dist/preview-api/index.js:2896:109)

stderr | src/storybook.test.tsx > Storybook Tests > Secret/ListView > Items
WebSocket error: Event { isTrusted: [36m[Getter][39m }

stderr | src/storybook.test.tsx > Storybook Tests > Service/Details > Default
WebSocket error: Event { isTrusted: [36m[Getter][39m }

stderr | src/storybook.test.tsx > Storybook Tests > Service/Details > Default
Warning: Each child in a list should have a unique "key" prop.

Check the render method of `SimpleTable`. See https://reactjs.org/link/warning-keys for more information.
    at ValueLabel (/Users/dibyanshukushwaha/.gemini/antigravity/scratch/headlamp_4409/frontend/src/components/common/Label.tsx:102:23)
    at SimpleTable (/Users/dibyanshukushwaha/.gemini/antigravity/scratch/headlamp_4409/frontend/src/components/common/SimpleTable.tsx:93:5)
    at div
    at /Users/dibyanshukushwaha/.gemini/antigravity/scratch/headlamp_4409/frontend/node_modules/@emotion/react/dist/emotion-element-9150ebbd.development.cjs.js:75:23
    at Box (/Users/dibyanshukushwaha/.gemini/antigravity/scratch/headlamp_4409/frontend/node_modules/@mui/system/createBox.js:31:41)
    at div
    at /Users/dibyanshukushwaha/.gemini/antigravity/scratch/headlamp_4409/frontend/node_modules/@emotion/react/dist/emotion-element-9150ebbd.development.cjs.js:75:23
    at Box (/Users/dibyanshukushwaha/.gemini/antigravity/scratch/headlamp_4409/frontend/node_modules/@mui/system/createBox.js:31:41)
    at SectionBox (/Users/dibyanshukushwaha/.gemini/antigravity/scratch/headlamp_4409/frontend/src/components/common/SectionBox.tsx:17:5)
    at ErrorBoundary (/Users/dibyanshukushwaha/.gemini/antigravity/scratch/headlamp_4409/frontend/src/components/common/ErrorBoundary/ErrorBoundary.tsx:16:5)
    at div
    at /Users/dibyanshukushwaha/.gemini/antigravity/scratch/headlamp_4409/frontend/node_modules/@emotion/react/dist/emotion-element-9150ebbd.development.cjs.js:75:23
    at Box (/Users/dibyanshukushwaha/.gemini/antigravity/scratch/headlamp_4409/frontend/node_modules/@mui/system/createBox.js:31:41)
    at div
    at /Users/dibyanshukushwaha/.gemini/antigravity/scratch/headlamp_4409/frontend/node_modules/@emotion/react/dist/emotion-element-9150ebbd.development.cjs.js:75:23
    at Grid (/Users/dibyanshukushwaha/.gemini/antigravity/scratch/headlamp_4409/frontend/node_modules/@mui/material/node/Grid/Grid.js:381:64)
    at div
    at /Users/dibyanshukushwaha/.gemini/antigravity/scratch/headlamp_4409/frontend/node_modules/@emotion/react/dist/emotion-element-9150ebbd.development.cjs.js:75:23
    at Grid (/Users/dibyanshukushwaha/.gemini/antigravity/scratch/headlamp_4409/frontend/node_modules/@mui/material/node/Grid/Grid.js:381:64)
    at PageGrid (/Users/dibyanshukushwaha/.gemini/antigravity/scratch/headlamp_4409/frontend/src/components/common/Resource/Resource.tsx:333:11)
    at DetailsGrid (/Users/dibyanshukushwaha/.gemini/antigravity/scratch/headlamp_4409/frontend/src/components/common/Resource/Resource.tsx:88:5)
    at ServiceDetails (/Users/dibyanshukushwaha/.gemini/antigravity/scratch/headlamp_4409/frontend/src/components/service/Details.tsx:27:53)
    at hookified (file:///Users/dibyanshukushwaha/.gemini/antigravity/scratch/headlamp_4409/frontend/node_modules/storybook/dist/preview-api/index.js:1979:18)
    at Router (/Users/dibyanshukushwaha/.gemini/antigravity/scratch/headlamp_4409/frontend/node_modules/react-router/cjs/react-router.js:283:30)
    at MemoryRouter (/Users/dibyanshukushwaha/.gemini/antigravity/scratch/headlamp_4409/frontend/node_modules/react-router/cjs/react-router.js:385:35)
    at Provider (file:///Users/dibyanshukushwaha/.gemini/antigravity/scratch/headlamp_4409/frontend/node_modules/react-redux/dist/react-redux.mjs:1036:3)
    at TestContext (/Users/dibyanshukushwaha/.gemini/antigravity/scratch/headlamp_4409/frontend/src/test/index.tsx:15:11)
    at DefaultPropsProvider (/Users/dibyanshukushwaha/.gemini/antigravity/scratch/headlamp_4409/frontend/node_modules/@mui/system/DefaultPropsProvider/DefaultPropsProvider.js:18:3)
    at RtlProvider (/Users/dibyanshukushwaha/.gemini/antigravity/scratch/headlamp_4409/frontend/node_modules/@mui/system/RtlProvider/index.js:19:7)
    at ThemeProvider (/Users/dibyanshukushwaha/.gemini/antigravity/scratch/headlamp_4409/frontend/node_modules/@mui/private-theming/node/ThemeProvider/ThemeProvider.js:39:5)
    at ThemeProvider (/Users/dibyanshukushwaha/.gemini/antigravity/scratch/headlamp_4409/frontend/node_modules/@mui/system/ThemeProvider/ThemeProvider.js:52:5)
    at ThemeProvider (/Users/dibyanshukushwaha/.gemini/antigravity/scratch/headlamp_4409/frontend/node_modules/@mui/material/node/styles/ThemeProvider.js:21:14)
    at QueryClientProvider (file:///Users/dibyanshukushwaha/.gemini/antigravity/scratch/headlamp_4409/frontend/node_modules/@tanstack/react-query/build/modern/QueryClientProvider.js:20:3)
    at unboundStoryFn (file:///Users/dibyanshukushwaha/.gemini/antigravity/scratch/headlamp_4409/frontend/node_modules/storybook/dist/preview-api/index.js:2896:109)

stderr | src/storybook.test.tsx > Storybook Tests > Service/Details > Default
WebSocket error: Event { isTrusted: [36m[Getter][39m }

stderr | src/storybook.test.tsx > Storybook Tests > Service/Details > Default
WebSocket error: Event { isTrusted: [36m[Getter][39m }

stderr | src/storybook.test.tsx > Storybook Tests > Service/Details > ErrorWithEndpoints
WebSocket error: Event { isTrusted: [36m[Getter][39m }

stderr | src/storybook.test.tsx > Storybook Tests > Service/List > Items
WebSocket error: Event { isTrusted: [36m[Getter][39m }

stderr | src/storybook.test.tsx > Storybook Tests > Service/List > Items
WebSocket error: Event { isTrusted: [36m[Getter][39m }

stderr | src/storybook.test.tsx > Storybook Tests > StatefulSet/Details > Default
WebSocket error: Event { isTrusted: [36m[Getter][39m }

stderr | src/storybook.test.tsx > Storybook Tests > StatefulSet/Details > Default
WebSocket error: Event { isTrusted: [36m[Getter][39m }

stderr | src/storybook.test.tsx > Storybook Tests > StatefulSet/Details > Default
Error: Uncaught [TypeError: Cannot read properties of undefined (reading 'resourceVersion')]
    at reportException (/Users/dibyanshukushwaha/.gemini/antigravity/scratch/headlamp_4409/frontend/node_modules/jsdom/lib/jsdom/living/helpers/runtime-script-errors.js:66:24)
    at innerInvokeEventListeners (/Users/dibyanshukushwaha/.gemini/antigravity/scratch/headlamp_4409/frontend/node_modules/jsdom/lib/jsdom/living/events/EventTarget-impl.js:353:9)
    at invokeEventListeners (/Users/dibyanshukushwaha/.gemini/antigravity/scratch/headlamp_4409/frontend/node_modules/jsdom/lib/jsdom/living/events/EventTarget-impl.js:286:3)
    at HTMLUnknownElementImpl._dispatch (/Users/dibyanshukushwaha/.gemini/antigravity/scratch/headlamp_4409/frontend/node_modules/jsdom/lib/jsdom/living/events/EventTarget-impl.js:233:9)
    at HTMLUnknownElementImpl.dispatchEvent (/Users/dibyanshukushwaha/.gemini/antigravity/scratch/headlamp_4409/frontend/node_modules/jsdom/lib/jsdom/living/events/EventTarget-impl.js:104:17)
    at HTMLUnknownElement.dispatchEvent (/Users/dibyanshukushwaha/.gemini/antigravity/scratch/headlamp_4409/frontend/node_modules/jsdom/lib/jsdom/living/generated/EventTarget.js:241:34)
    at Object.invokeGuardedCallbackDev (/Users/dibyanshukushwaha/.gemini/antigravity/scratch/headlamp_4409/frontend/node_modules/react-dom/cjs/react-dom.development.js:4213:16)
    at invokeGuardedCallback (/Users/dibyanshukushwaha/.gemini/antigravity/scratch/headlamp_4409/frontend/node_modules/react-dom/cjs/react-dom.development.js:4277:31)
    at beginWork$1 (/Users/dibyanshukushwaha/.gemini/antigravity/scratch/headlamp_4409/frontend/node_modules/react-dom/cjs/react-dom.development.js:27490:7)
    at performUnitOfWork (/Users/dibyanshukushwaha/.gemini/antigravity/scratch/headlamp_4409/frontend/node_modules/react-dom/cjs/react-dom.development.js:26599:12) TypeError: Cannot read properties of undefined (reading 'resourceVersion')
    at [90m/Users/dibyanshukushwaha/.gemini/antigravity/scratch/headlamp_4409/frontend/[39msrc/lib/k8s/api/v2/useKubeObjectList.ts:510:44
    at Array.map (<anonymous>)
    at useKubeObjectList [90m(/Users/dibyanshukushwaha/.gemini/antigravity/scratch/headlamp_4409/frontend/[39msrc/lib/k8s/api/v2/useKubeObjectList.ts:507:6[90m)[39m
    at Function.useList [90m(/Users/dibyanshukushwaha/.gemini/antigravity/scratch/headlamp_4409/frontend/[39msrc/lib/k8s/KubeObject.ts:404:20[90m)[39m
    at OwnedPodsSection [90m(/Users/dibyanshukushwaha/.gemini/antigravity/scratch/headlamp_4409/frontend/[39msrc/components/common/Resource/Resource.tsx:1061:44[90m)[39m
    at renderWithHooks [90m(/Users/dibyanshukushwaha/.gemini/antigravity/scratch/headlamp_4409/frontend/[39mnode_modules/[4mreact-dom[24m/cjs/react-dom.development.js:15486:18[90m)[39m
    at updateFunctionComponent [90m(/Users/dibyanshukushwaha/.gemini/antigravity/scratch/headlamp_4409/frontend/[39mnode_modules/[4mreact-dom[24m/cjs/react-dom.development.js:19617:20[90m)[39m
    at beginWork [90m(/Users/dibyanshukushwaha/.gemini/antigravity/scratch/headlamp_4409/frontend/[39mnode_modules/[4mreact-dom[24m/cjs/react-dom.development.js:21640:16[90m)[39m
    at HTMLUnknownElement.callCallback [90m(/Users/dibyanshukushwaha/.gemini/antigravity/scratch/headlamp_4409/frontend/[39mnode_modules/[4mreact-dom[24m/cjs/react-dom.development.js:4164:14[90m)[39m
    at HTMLUnknownElement.callTheUserObjectsOperation [90m(/Users/dibyanshukushwaha/.gemini/antigravity/scratch/headlamp_4409/frontend/[39mnode_modules/[4mjsdom[24m/lib/jsdom/living/generated/EventListener.js:26:30[90m)[39m
Error: Uncaught [TypeError: Cannot read properties of undefined (reading 'resourceVersion')]
    at reportException (/Users/dibyanshukushwaha/.gemini/antigravity/scratch/headlamp_4409/frontend/node_modules/jsdom/lib/jsdom/living/helpers/runtime-script-errors.js:66:24)
    at innerInvokeEventListeners (/Users/dibyanshukushwaha/.gemini/antigravity/scratch/headlamp_4409/frontend/node_modules/jsdom/lib/jsdom/living/events/EventTarget-impl.js:353:9)
    at invokeEventListeners (/Users/dibyanshukushwaha/.gemini/antigravity/scratch/headlamp_4409/frontend/node_modules/jsdom/lib/jsdom/living/events/EventTarget-impl.js:286:3)
    at HTMLUnknownElementImpl._dispatch (/Users/dibyanshukushwaha/.gemini/antigravity/scratch/headlamp_4409/frontend/node_modules/jsdom/lib/jsdom/living/events/EventTarget-impl.js:233:9)
    at HTMLUnknownElementImpl.dispatchEvent (/Users/dibyanshukushwaha/.gemini/antigravity/scratch/headlamp_4409/frontend/node_modules/jsdom/lib/jsdom/living/events/EventTarget-impl.js:104:17)
    at HTMLUnknownElement.dispatchEvent (/Users/dibyanshukushwaha/.gemini/antigravity/scratch/headlamp_4409/frontend/node_modules/jsdom/lib/jsdom/living/generated/EventTarget.js:241:34)
    at Object.invokeGuardedCallbackDev (/Users/dibyanshukushwaha/.gemini/antigravity/scratch/headlamp_4409/frontend/node_modules/react-dom/cjs/react-dom.development.js:4213:16)
    at invokeGuardedCallback (/Users/dibyanshukushwaha/.gemini/antigravity/scratch/headlamp_4409/frontend/node_modules/react-dom/cjs/react-dom.development.js:4277:31)
    at beginWork$1 (/Users/dibyanshukushwaha/.gemini/antigravity/scratch/headlamp_4409/frontend/node_modules/react-dom/cjs/react-dom.development.js:27490:7)
    at performUnitOfWork (/Users/dibyanshukushwaha/.gemini/antigravity/scratch/headlamp_4409/frontend/node_modules/react-dom/cjs/react-dom.development.js:26599:12) TypeError: Cannot read properties of undefined (reading 'resourceVersion')
    at [90m/Users/dibyanshukushwaha/.gemini/antigravity/scratch/headlamp_4409/frontend/[39msrc/lib/k8s/api/v2/useKubeObjectList.ts:510:44
    at Array.map (<anonymous>)
    at useKubeObjectList [90m(/Users/dibyanshukushwaha/.gemini/antigravity/scratch/headlamp_4409/frontend/[39msrc/lib/k8s/api/v2/useKubeObjectList.ts:507:6[90m)[39m
    at Function.useList [90m(/Users/dibyanshukushwaha/.gemini/antigravity/scratch/headlamp_4409/frontend/[39msrc/lib/k8s/KubeObject.ts:404:20[90m)[39m
    at OwnedPodsSection [90m(/Users/dibyanshukushwaha/.gemini/antigravity/scratch/headlamp_4409/frontend/[39msrc/components/common/Resource/Resource.tsx:1061:44[90m)[39m
    at renderWithHooks [90m(/Users/dibyanshukushwaha/.gemini/antigravity/scratch/headlamp_4409/frontend/[39mnode_modules/[4mreact-dom[24m/cjs/react-dom.development.js:15486:18[90m)[39m
    at updateFunctionComponent [90m(/Users/dibyanshukushwaha/.gemini/antigravity/scratch/headlamp_4409/frontend/[39mnode_modules/[4mreact-dom[24m/cjs/react-dom.development.js:19617:20[90m)[39m
    at beginWork [90m(/Users/dibyanshukushwaha/.gemini/antigravity/scratch/headlamp_4409/frontend/[39mnode_modules/[4mreact-dom[24m/cjs/react-dom.development.js:21640:16[90m)[39m
    at HTMLUnknownElement.callCallback [90m(/Users/dibyanshukushwaha/.gemini/antigravity/scratch/headlamp_4409/frontend/[39mnode_modules/[4mreact-dom[24m/cjs/react-dom.development.js:4164:14[90m)[39m
    at HTMLUnknownElement.callTheUserObjectsOperation [90m(/Users/dibyanshukushwaha/.gemini/antigravity/scratch/headlamp_4409/frontend/[39mnode_modules/[4mjsdom[24m/lib/jsdom/living/generated/EventListener.js:26:30[90m)[39m
The above error occurred in the <OwnedPodsSection> component:

    at OwnedPodsSection (/Users/dibyanshukushwaha/.gemini/antigravity/scratch/headlamp_4409/frontend/src/components/common/Resource/Resource.tsx:1137:11)
    at ErrorBoundary (/Users/dibyanshukushwaha/.gemini/antigravity/scratch/headlamp_4409/frontend/src/components/common/ErrorBoundary/ErrorBoundary.tsx:16:5)
    at div
    at /Users/dibyanshukushwaha/.gemini/antigravity/scratch/headlamp_4409/frontend/node_modules/@emotion/react/dist/emotion-element-9150ebbd.development.cjs.js:75:23
    at Box (/Users/dibyanshukushwaha/.gemini/antigravity/scratch/headlamp_4409/frontend/node_modules/@mui/system/createBox.js:31:41)
    at div
    at /Users/dibyanshukushwaha/.gemini/antigravity/scratch/headlamp_4409/frontend/node_modules/@emotion/react/dist/emotion-element-9150ebbd.development.cjs.js:75:23
    at Grid (/Users/dibyanshukushwaha/.gemini/antigravity/scratch/headlamp_4409/frontend/node_modules/@mui/material/node/Grid/Grid.js:381:64)
    at div
    at /Users/dibyanshukushwaha/.gemini/antigravity/scratch/headlamp_4409/frontend/node_modules/@emotion/react/dist/emotion-element-9150ebbd.development.cjs.js:75:23
    at Grid (/Users/dibyanshukushwaha/.gemini/antigravity/scratch/headlamp_4409/frontend/node_modules/@mui/material/node/Grid/Grid.js:381:64)
    at PageGrid (/Users/dibyanshukushwaha/.gemini/antigravity/scratch/headlamp_4409/frontend/src/components/common/Resource/Resource.tsx:333:11)
    at DetailsGrid (/Users/dibyanshukushwaha/.gemini/antigravity/scratch/headlamp_4409/frontend/src/components/common/Resource/Resource.tsx:88:5)
    at StatefulSetDetails (/Users/dibyanshukushwaha/.gemini/antigravity/scratch/headlamp_4409/frontend/src/components/statefulset/Details.tsx:20:53)
    at hookified (file:///Users/dibyanshukushwaha/.gemini/antigravity/scratch/headlamp_4409/frontend/node_modules/storybook/dist/preview-api/index.js:1979:18)
    at Router (/Users/dibyanshukushwaha/.gemini/antigravity/scratch/headlamp_4409/frontend/node_modules/react-router/cjs/react-router.js:283:30)
    at MemoryRouter (/Users/dibyanshukushwaha/.gemini/antigravity/scratch/headlamp_4409/frontend/node_modules/react-router/cjs/react-router.js:385:35)
    at Provider (file:///Users/dibyanshukushwaha/.gemini/antigravity/scratch/headlamp_4409/frontend/node_modules/react-redux/dist/react-redux.mjs:1036:3)
    at TestContext (/Users/dibyanshukushwaha/.gemini/antigravity/scratch/headlamp_4409/frontend/src/test/index.tsx:15:11)
    at Router (/Users/dibyanshukushwaha/.gemini/antigravity/scratch/headlamp_4409/frontend/node_modules/react-router/cjs/react-router.js:283:30)
    at MemoryRouter (/Users/dibyanshukushwaha/.gemini/antigravity/scratch/headlamp_4409/frontend/node_modules/react-router/cjs/react-router.js:385:35)
    at DefaultPropsProvider (/Users/dibyanshukushwaha/.gemini/antigravity/scratch/headlamp_4409/frontend/node_modules/@mui/system/DefaultPropsProvider/DefaultPropsProvider.js:18:3)
    at RtlProvider (/Users/dibyanshukushwaha/.gemini/antigravity/scratch/headlamp_4409/frontend/node_modules/@mui/system/RtlProvider/index.js:19:7)
    at ThemeProvider (/Users/dibyanshukushwaha/.gemini/antigravity/scratch/headlamp_4409/frontend/node_modules/@mui/private-theming/node/ThemeProvider/ThemeProvider.js:39:5)
    at ThemeProvider (/Users/dibyanshukushwaha/.gemini/antigravity/scratch/headlamp_4409/frontend/node_modules/@mui/system/ThemeProvider/ThemeProvider.js:52:5)
    at ThemeProvider (/Users/dibyanshukushwaha/.gemini/antigravity/scratch/headlamp_4409/frontend/node_modules/@mui/material/node/styles/ThemeProvider.js:21:14)
    at QueryClientProvider (file:///Users/dibyanshukushwaha/.gemini/antigravity/scratch/headlamp_4409/frontend/node_modules/@tanstack/react-query/build/modern/QueryClientProvider.js:20:3)
    at unboundStoryFn (file:///Users/dibyanshukushwaha/.gemini/antigravity/scratch/headlamp_4409/frontend/node_modules/storybook/dist/preview-api/index.js:2896:109)

React will try to recreate this component tree from scratch using the error boundary you provided, ErrorBoundary.

stderr | src/storybook.test.tsx > Storybook Tests > StatefulSet/Details > WithOnDeleteStrategy
WebSocket error: Event { isTrusted: [36m[Getter][39m }

stderr | src/storybook.test.tsx > Storybook Tests > StatefulSet/Details > WithOnDeleteStrategy
WebSocket error: Event { isTrusted: [36m[Getter][39m }

stderr | src/storybook.test.tsx > Storybook Tests > StatefulSet/Details > WithOnDeleteStrategy
Error: Uncaught [TypeError: Cannot read properties of undefined (reading 'resourceVersion')]
    at reportException (/Users/dibyanshukushwaha/.gemini/antigravity/scratch/headlamp_4409/frontend/node_modules/jsdom/lib/jsdom/living/helpers/runtime-script-errors.js:66:24)
    at innerInvokeEventListeners (/Users/dibyanshukushwaha/.gemini/antigravity/scratch/headlamp_4409/frontend/node_modules/jsdom/lib/jsdom/living/events/EventTarget-impl.js:353:9)
    at invokeEventListeners (/Users/dibyanshukushwaha/.gemini/antigravity/scratch/headlamp_4409/frontend/node_modules/jsdom/lib/jsdom/living/events/EventTarget-impl.js:286:3)
    at HTMLUnknownElementImpl._dispatch (/Users/dibyanshukushwaha/.gemini/antigravity/scratch/headlamp_4409/frontend/node_modules/jsdom/lib/jsdom/living/events/EventTarget-impl.js:233:9)
    at HTMLUnknownElementImpl.dispatchEvent (/Users/dibyanshukushwaha/.gemini/antigravity/scratch/headlamp_4409/frontend/node_modules/jsdom/lib/jsdom/living/events/EventTarget-impl.js:104:17)
    at HTMLUnknownElement.dispatchEvent (/Users/dibyanshukushwaha/.gemini/antigravity/scratch/headlamp_4409/frontend/node_modules/jsdom/lib/jsdom/living/generated/EventTarget.js:241:34)
    at Object.invokeGuardedCallbackDev (/Users/dibyanshukushwaha/.gemini/antigravity/scratch/headlamp_4409/frontend/node_modules/react-dom/cjs/react-dom.development.js:4213:16)
    at invokeGuardedCallback (/Users/dibyanshukushwaha/.gemini/antigravity/scratch/headlamp_4409/frontend/node_modules/react-dom/cjs/react-dom.development.js:4277:31)
    at beginWork$1 (/Users/dibyanshukushwaha/.gemini/antigravity/scratch/headlamp_4409/frontend/node_modules/react-dom/cjs/react-dom.development.js:27490:7)
    at performUnitOfWork (/Users/dibyanshukushwaha/.gemini/antigravity/scratch/headlamp_4409/frontend/node_modules/react-dom/cjs/react-dom.development.js:26599:12) TypeError: Cannot read properties of undefined (reading 'resourceVersion')
    at [90m/Users/dibyanshukushwaha/.gemini/antigravity/scratch/headlamp_4409/frontend/[39msrc/lib/k8s/api/v2/useKubeObjectList.ts:510:44
    at Array.map (<anonymous>)
    at useKubeObjectList [90m(/Users/dibyanshukushwaha/.gemini/antigravity/scratch/headlamp_4409/frontend/[39msrc/lib/k8s/api/v2/useKubeObjectList.ts:507:6[90m)[39m
    at Function.useList [90m(/Users/dibyanshukushwaha/.gemini/antigravity/scratch/headlamp_4409/frontend/[39msrc/lib/k8s/KubeObject.ts:404:20[90m)[39m
    at OwnedPodsSection [90m(/Users/dibyanshukushwaha/.gemini/antigravity/scratch/headlamp_4409/frontend/[39msrc/components/common/Resource/Resource.tsx:1061:44[90m)[39m
    at renderWithHooks [90m(/Users/dibyanshukushwaha/.gemini/antigravity/scratch/headlamp_4409/frontend/[39mnode_modules/[4mreact-dom[24m/cjs/react-dom.development.js:15486:18[90m)[39m
    at updateFunctionComponent [90m(/Users/dibyanshukushwaha/.gemini/antigravity/scratch/headlamp_4409/frontend/[39mnode_modules/[4mreact-dom[24m/cjs/react-dom.development.js:19617:20[90m)[39m
    at beginWork [90m(/Users/dibyanshukushwaha/.gemini/antigravity/scratch/headlamp_4409/frontend/[39mnode_modules/[4mreact-dom[24m/cjs/react-dom.development.js:21640:16[90m)[39m
    at HTMLUnknownElement.callCallback [90m(/Users/dibyanshukushwaha/.gemini/antigravity/scratch/headlamp_4409/frontend/[39mnode_modules/[4mreact-dom[24m/cjs/react-dom.development.js:4164:14[90m)[39m
    at HTMLUnknownElement.callTheUserObjectsOperation [90m(/Users/dibyanshukushwaha/.gemini/antigravity/scratch/headlamp_4409/frontend/[39mnode_modules/[4mjsdom[24m/lib/jsdom/living/generated/EventListener.js:26:30[90m)[39m
Error: Uncaught [TypeError: Cannot read properties of undefined (reading 'resourceVersion')]
    at reportException (/Users/dibyanshukushwaha/.gemini/antigravity/scratch/headlamp_4409/frontend/node_modules/jsdom/lib/jsdom/living/helpers/runtime-script-errors.js:66:24)
    at innerInvokeEventListeners (/Users/dibyanshukushwaha/.gemini/antigravity/scratch/headlamp_4409/frontend/node_modules/jsdom/lib/jsdom/living/events/EventTarget-impl.js:353:9)
    at invokeEventListeners (/Users/dibyanshukushwaha/.gemini/antigravity/scratch/headlamp_4409/frontend/node_modules/jsdom/lib/jsdom/living/events/EventTarget-impl.js:286:3)
    at HTMLUnknownElementImpl._dispatch (/Users/dibyanshukushwaha/.gemini/antigravity/scratch/headlamp_4409/frontend/node_modules/jsdom/lib/jsdom/living/events/EventTarget-impl.js:233:9)
    at HTMLUnknownElementImpl.dispatchEvent (/Users/dibyanshukushwaha/.gemini/antigravity/scratch/headlamp_4409/frontend/node_modules/jsdom/lib/jsdom/living/events/EventTarget-impl.js:104:17)
    at HTMLUnknownElement.dispatchEvent (/Users/dibyanshukushwaha/.gemini/antigravity/scratch/headlamp_4409/frontend/node_modules/jsdom/lib/jsdom/living/generated/EventTarget.js:241:34)
    at Object.invokeGuardedCallbackDev (/Users/dibyanshukushwaha/.gemini/antigravity/scratch/headlamp_4409/frontend/node_modules/react-dom/cjs/react-dom.development.js:4213:16)
    at invokeGuardedCallback (/Users/dibyanshukushwaha/.gemini/antigravity/scratch/headlamp_4409/frontend/node_modules/react-dom/cjs/react-dom.development.js:4277:31)
    at beginWork$1 (/Users/dibyanshukushwaha/.gemini/antigravity/scratch/headlamp_4409/frontend/node_modules/react-dom/cjs/react-dom.development.js:27490:7)
    at performUnitOfWork (/Users/dibyanshukushwaha/.gemini/antigravity/scratch/headlamp_4409/frontend/node_modules/react-dom/cjs/react-dom.development.js:26599:12) TypeError: Cannot read properties of undefined (reading 'resourceVersion')
    at [90m/Users/dibyanshukushwaha/.gemini/antigravity/scratch/headlamp_4409/frontend/[39msrc/lib/k8s/api/v2/useKubeObjectList.ts:510:44
    at Array.map (<anonymous>)
    at useKubeObjectList [90m(/Users/dibyanshukushwaha/.gemini/antigravity/scratch/headlamp_4409/frontend/[39msrc/lib/k8s/api/v2/useKubeObjectList.ts:507:6[90m)[39m
    at Function.useList [90m(/Users/dibyanshukushwaha/.gemini/antigravity/scratch/headlamp_4409/frontend/[39msrc/lib/k8s/KubeObject.ts:404:20[90m)[39m
    at OwnedPodsSection [90m(/Users/dibyanshukushwaha/.gemini/antigravity/scratch/headlamp_4409/frontend/[39msrc/components/common/Resource/Resource.tsx:1061:44[90m)[39m
    at renderWithHooks [90m(/Users/dibyanshukushwaha/.gemini/antigravity/scratch/headlamp_4409/frontend/[39mnode_modules/[4mreact-dom[24m/cjs/react-dom.development.js:15486:18[90m)[39m
    at updateFunctionComponent [90m(/Users/dibyanshukushwaha/.gemini/antigravity/scratch/headlamp_4409/frontend/[39mnode_modules/[4mreact-dom[24m/cjs/react-dom.development.js:19617:20[90m)[39m
    at beginWork [90m(/Users/dibyanshukushwaha/.gemini/antigravity/scratch/headlamp_4409/frontend/[39mnode_modules/[4mreact-dom[24m/cjs/react-dom.development.js:21640:16[90m)[39m
    at HTMLUnknownElement.callCallback [90m(/Users/dibyanshukushwaha/.gemini/antigravity/scratch/headlamp_4409/frontend/[39mnode_modules/[4mreact-dom[24m/cjs/react-dom.development.js:4164:14[90m)[39m
    at HTMLUnknownElement.callTheUserObjectsOperation [90m(/Users/dibyanshukushwaha/.gemini/antigravity/scratch/headlamp_4409/frontend/[39mnode_modules/[4mjsdom[24m/lib/jsdom/living/generated/EventListener.js:26:30[90m)[39m
The above error occurred in the <OwnedPodsSection> component:

    at OwnedPodsSection (/Users/dibyanshukushwaha/.gemini/antigravity/scratch/headlamp_4409/frontend/src/components/common/Resource/Resource.tsx:1137:11)
    at ErrorBoundary (/Users/dibyanshukushwaha/.gemini/antigravity/scratch/headlamp_4409/frontend/src/components/common/ErrorBoundary/ErrorBoundary.tsx:16:5)
    at div
    at /Users/dibyanshukushwaha/.gemini/antigravity/scratch/headlamp_4409/frontend/node_modules/@emotion/react/dist/emotion-element-9150ebbd.development.cjs.js:75:23
    at Box (/Users/dibyanshukushwaha/.gemini/antigravity/scratch/headlamp_4409/frontend/node_modules/@mui/system/createBox.js:31:41)
    at div
    at /Users/dibyanshukushwaha/.gemini/antigravity/scratch/headlamp_4409/frontend/node_modules/@emotion/react/dist/emotion-element-9150ebbd.development.cjs.js:75:23
    at Grid (/Users/dibyanshukushwaha/.gemini/antigravity/scratch/headlamp_4409/frontend/node_modules/@mui/material/node/Grid/Grid.js:381:64)
    at div
    at /Users/dibyanshukushwaha/.gemini/antigravity/scratch/headlamp_4409/frontend/node_modules/@emotion/react/dist/emotion-element-9150ebbd.development.cjs.js:75:23
    at Grid (/Users/dibyanshukushwaha/.gemini/antigravity/scratch/headlamp_4409/frontend/node_modules/@mui/material/node/Grid/Grid.js:381:64)
    at PageGrid (/Users/dibyanshukushwaha/.gemini/antigravity/scratch/headlamp_4409/frontend/src/components/common/Resource/Resource.tsx:333:11)
    at DetailsGrid (/Users/dibyanshukushwaha/.gemini/antigravity/scratch/headlamp_4409/frontend/src/components/common/Resource/Resource.tsx:88:5)
    at StatefulSetDetails (/Users/dibyanshukushwaha/.gemini/antigravity/scratch/headlamp_4409/frontend/src/components/statefulset/Details.tsx:20:53)
    at hookified (file:///Users/dibyanshukushwaha/.gemini/antigravity/scratch/headlamp_4409/frontend/node_modules/storybook/dist/preview-api/index.js:1979:18)
    at Router (/Users/dibyanshukushwaha/.gemini/antigravity/scratch/headlamp_4409/frontend/node_modules/react-router/cjs/react-router.js:283:30)
    at MemoryRouter (/Users/dibyanshukushwaha/.gemini/antigravity/scratch/headlamp_4409/frontend/node_modules/react-router/cjs/react-router.js:385:35)
    at Provider (file:///Users/dibyanshukushwaha/.gemini/antigravity/scratch/headlamp_4409/frontend/node_modules/react-redux/dist/react-redux.mjs:1036:3)
    at TestContext (/Users/dibyanshukushwaha/.gemini/antigravity/scratch/headlamp_4409/frontend/src/test/index.tsx:15:11)
    at Router (/Users/dibyanshukushwaha/.gemini/antigravity/scratch/headlamp_4409/frontend/node_modules/react-router/cjs/react-router.js:283:30)
    at MemoryRouter (/Users/dibyanshukushwaha/.gemini/antigravity/scratch/headlamp_4409/frontend/node_modules/react-router/cjs/react-router.js:385:35)
    at DefaultPropsProvider (/Users/dibyanshukushwaha/.gemini/antigravity/scratch/headlamp_4409/frontend/node_modules/@mui/system/DefaultPropsProvider/DefaultPropsProvider.js:18:3)
    at RtlProvider (/Users/dibyanshukushwaha/.gemini/antigravity/scratch/headlamp_4409/frontend/node_modules/@mui/system/RtlProvider/index.js:19:7)
    at ThemeProvider (/Users/dibyanshukushwaha/.gemini/antigravity/scratch/headlamp_4409/frontend/node_modules/@mui/private-theming/node/ThemeProvider/ThemeProvider.js:39:5)
    at ThemeProvider (/Users/dibyanshukushwaha/.gemini/antigravity/scratch/headlamp_4409/frontend/node_modules/@mui/system/ThemeProvider/ThemeProvider.js:52:5)
    at ThemeProvider (/Users/dibyanshukushwaha/.gemini/antigravity/scratch/headlamp_4409/frontend/node_modules/@mui/material/node/styles/ThemeProvider.js:21:14)
    at QueryClientProvider (file:///Users/dibyanshukushwaha/.gemini/antigravity/scratch/headlamp_4409/frontend/node_modules/@tanstack/react-query/build/modern/QueryClientProvider.js:20:3)
    at unboundStoryFn (file:///Users/dibyanshukushwaha/.gemini/antigravity/scratch/headlamp_4409/frontend/node_modules/storybook/dist/preview-api/index.js:2896:109)

React will try to recreate this component tree from scratch using the error boundary you provided, ErrorBoundary.

stderr | src/storybook.test.tsx > Storybook Tests > StatefulSet/Details > WithComplexSelector
WebSocket error: Event { isTrusted: [36m[Getter][39m }

stderr | src/storybook.test.tsx > Storybook Tests > StatefulSet/Details > WithComplexSelector
WebSocket error: Event { isTrusted: [36m[Getter][39m }

stderr | src/storybook.test.tsx > Storybook Tests > StatefulSet/Details > WithComplexSelector
Error: Uncaught [TypeError: Cannot read properties of undefined (reading 'resourceVersion')]
    at reportException (/Users/dibyanshukushwaha/.gemini/antigravity/scratch/headlamp_4409/frontend/node_modules/jsdom/lib/jsdom/living/helpers/runtime-script-errors.js:66:24)
    at innerInvokeEventListeners (/Users/dibyanshukushwaha/.gemini/antigravity/scratch/headlamp_4409/frontend/node_modules/jsdom/lib/jsdom/living/events/EventTarget-impl.js:353:9)
    at invokeEventListeners (/Users/dibyanshukushwaha/.gemini/antigravity/scratch/headlamp_4409/frontend/node_modules/jsdom/lib/jsdom/living/events/EventTarget-impl.js:286:3)
    at HTMLUnknownElementImpl._dispatch (/Users/dibyanshukushwaha/.gemini/antigravity/scratch/headlamp_4409/frontend/node_modules/jsdom/lib/jsdom/living/events/EventTarget-impl.js:233:9)
    at HTMLUnknownElementImpl.dispatchEvent (/Users/dibyanshukushwaha/.gemini/antigravity/scratch/headlamp_4409/frontend/node_modules/jsdom/lib/jsdom/living/events/EventTarget-impl.js:104:17)
    at HTMLUnknownElement.dispatchEvent (/Users/dibyanshukushwaha/.gemini/antigravity/scratch/headlamp_4409/frontend/node_modules/jsdom/lib/jsdom/living/generated/EventTarget.js:241:34)
    at Object.invokeGuardedCallbackDev (/Users/dibyanshukushwaha/.gemini/antigravity/scratch/headlamp_4409/frontend/node_modules/react-dom/cjs/react-dom.development.js:4213:16)
    at invokeGuardedCallback (/Users/dibyanshukushwaha/.gemini/antigravity/scratch/headlamp_4409/frontend/node_modules/react-dom/cjs/react-dom.development.js:4277:31)
    at beginWork$1 (/Users/dibyanshukushwaha/.gemini/antigravity/scratch/headlamp_4409/frontend/node_modules/react-dom/cjs/react-dom.development.js:27490:7)
    at performUnitOfWork (/Users/dibyanshukushwaha/.gemini/antigravity/scratch/headlamp_4409/frontend/node_modules/react-dom/cjs/react-dom.development.js:26599:12) TypeError: Cannot read properties of undefined (reading 'resourceVersion')
    at [90m/Users/dibyanshukushwaha/.gemini/antigravity/scratch/headlamp_4409/frontend/[39msrc/lib/k8s/api/v2/useKubeObjectList.ts:510:44
    at Array.map (<anonymous>)
    at useKubeObjectList [90m(/Users/dibyanshukushwaha/.gemini/antigravity/scratch/headlamp_4409/frontend/[39msrc/lib/k8s/api/v2/useKubeObjectList.ts:507:6[90m)[39m
    at Function.useList [90m(/Users/dibyanshukushwaha/.gemini/antigravity/scratch/headlamp_4409/frontend/[39msrc/lib/k8s/KubeObject.ts:404:20[90m)[39m
    at OwnedPodsSection [90m(/Users/dibyanshukushwaha/.gemini/antigravity/scratch/headlamp_4409/frontend/[39msrc/components/common/Resource/Resource.tsx:1061:44[90m)[39m
    at renderWithHooks [90m(/Users/dibyanshukushwaha/.gemini/antigravity/scratch/headlamp_4409/frontend/[39mnode_modules/[4mreact-dom[24m/cjs/react-dom.development.js:15486:18[90m)[39m
    at updateFunctionComponent [90m(/Users/dibyanshukushwaha/.gemini/antigravity/scratch/headlamp_4409/frontend/[39mnode_modules/[4mreact-dom[24m/cjs/react-dom.development.js:19617:20[90m)[39m
    at beginWork [90m(/Users/dibyanshukushwaha/.gemini/antigravity/scratch/headlamp_4409/frontend/[39mnode_modules/[4mreact-dom[24m/cjs/react-dom.development.js:21640:16[90m)[39m
    at HTMLUnknownElement.callCallback [90m(/Users/dibyanshukushwaha/.gemini/antigravity/scratch/headlamp_4409/frontend/[39mnode_modules/[4mreact-dom[24m/cjs/react-dom.development.js:4164:14[90m)[39m
    at HTMLUnknownElement.callTheUserObjectsOperation [90m(/Users/dibyanshukushwaha/.gemini/antigravity/scratch/headlamp_4409/frontend/[39mnode_modules/[4mjsdom[24m/lib/jsdom/living/generated/EventListener.js:26:30[90m)[39m
Error: Uncaught [TypeError: Cannot read properties of undefined (reading 'resourceVersion')]
    at reportException (/Users/dibyanshukushwaha/.gemini/antigravity/scratch/headlamp_4409/frontend/node_modules/jsdom/lib/jsdom/living/helpers/runtime-script-errors.js:66:24)
    at innerInvokeEventListeners (/Users/dibyanshukushwaha/.gemini/antigravity/scratch/headlamp_4409/frontend/node_modules/jsdom/lib/jsdom/living/events/EventTarget-impl.js:353:9)
    at invokeEventListeners (/Users/dibyanshukushwaha/.gemini/antigravity/scratch/headlamp_4409/frontend/node_modules/jsdom/lib/jsdom/living/events/EventTarget-impl.js:286:3)
    at HTMLUnknownElementImpl._dispatch (/Users/dibyanshukushwaha/.gemini/antigravity/scratch/headlamp_4409/frontend/node_modules/jsdom/lib/jsdom/living/events/EventTarget-impl.js:233:9)
    at HTMLUnknownElementImpl.dispatchEvent (/Users/dibyanshukushwaha/.gemini/antigravity/scratch/headlamp_4409/frontend/node_modules/jsdom/lib/jsdom/living/events/EventTarget-impl.js:104:17)
    at HTMLUnknownElement.dispatchEvent (/Users/dibyanshukushwaha/.gemini/antigravity/scratch/headlamp_4409/frontend/node_modules/jsdom/lib/jsdom/living/generated/EventTarget.js:241:34)
    at Object.invokeGuardedCallbackDev (/Users/dibyanshukushwaha/.gemini/antigravity/scratch/headlamp_4409/frontend/node_modules/react-dom/cjs/react-dom.development.js:4213:16)
    at invokeGuardedCallback (/Users/dibyanshukushwaha/.gemini/antigravity/scratch/headlamp_4409/frontend/node_modules/react-dom/cjs/react-dom.development.js:4277:31)
    at beginWork$1 (/Users/dibyanshukushwaha/.gemini/antigravity/scratch/headlamp_4409/frontend/node_modules/react-dom/cjs/react-dom.development.js:27490:7)
    at performUnitOfWork (/Users/dibyanshukushwaha/.gemini/antigravity/scratch/headlamp_4409/frontend/node_modules/react-dom/cjs/react-dom.development.js:26599:12) TypeError: Cannot read properties of undefined (reading 'resourceVersion')
    at [90m/Users/dibyanshukushwaha/.gemini/antigravity/scratch/headlamp_4409/frontend/[39msrc/lib/k8s/api/v2/useKubeObjectList.ts:510:44
    at Array.map (<anonymous>)
    at useKubeObjectList [90m(/Users/dibyanshukushwaha/.gemini/antigravity/scratch/headlamp_4409/frontend/[39msrc/lib/k8s/api/v2/useKubeObjectList.ts:507:6[90m)[39m
    at Function.useList [90m(/Users/dibyanshukushwaha/.gemini/antigravity/scratch/headlamp_4409/frontend/[39msrc/lib/k8s/KubeObject.ts:404:20[90m)[39m
    at OwnedPodsSection [90m(/Users/dibyanshukushwaha/.gemini/antigravity/scratch/headlamp_4409/frontend/[39msrc/components/common/Resource/Resource.tsx:1061:44[90m)[39m
    at renderWithHooks [90m(/Users/dibyanshukushwaha/.gemini/antigravity/scratch/headlamp_4409/frontend/[39mnode_modules/[4mreact-dom[24m/cjs/react-dom.development.js:15486:18[90m)[39m
    at updateFunctionComponent [90m(/Users/dibyanshukushwaha/.gemini/antigravity/scratch/headlamp_4409/frontend/[39mnode_modules/[4mreact-dom[24m/cjs/react-dom.development.js:19617:20[90m)[39m
    at beginWork [90m(/Users/dibyanshukushwaha/.gemini/antigravity/scratch/headlamp_4409/frontend/[39mnode_modules/[4mreact-dom[24m/cjs/react-dom.development.js:21640:16[90m)[39m
    at HTMLUnknownElement.callCallback [90m(/Users/dibyanshukushwaha/.gemini/antigravity/scratch/headlamp_4409/frontend/[39mnode_modules/[4mreact-dom[24m/cjs/react-dom.development.js:4164:14[90m)[39m
    at HTMLUnknownElement.callTheUserObjectsOperation [90m(/Users/dibyanshukushwaha/.gemini/antigravity/scratch/headlamp_4409/frontend/[39mnode_modules/[4mjsdom[24m/lib/jsdom/living/generated/EventListener.js:26:30[90m)[39m
The above error occurred in the <OwnedPodsSection> component:

    at OwnedPodsSection (/Users/dibyanshukushwaha/.gemini/antigravity/scratch/headlamp_4409/frontend/src/components/common/Resource/Resource.tsx:1137:11)
    at ErrorBoundary (/Users/dibyanshukushwaha/.gemini/antigravity/scratch/headlamp_4409/frontend/src/components/common/ErrorBoundary/ErrorBoundary.tsx:16:5)
    at div
    at /Users/dibyanshukushwaha/.gemini/antigravity/scratch/headlamp_4409/frontend/node_modules/@emotion/react/dist/emotion-element-9150ebbd.development.cjs.js:75:23
    at Box (/Users/dibyanshukushwaha/.gemini/antigravity/scratch/headlamp_4409/frontend/node_modules/@mui/system/createBox.js:31:41)
    at div
    at /Users/dibyanshukushwaha/.gemini/antigravity/scratch/headlamp_4409/frontend/node_modules/@emotion/react/dist/emotion-element-9150ebbd.development.cjs.js:75:23
    at Grid (/Users/dibyanshukushwaha/.gemini/antigravity/scratch/headlamp_4409/frontend/node_modules/@mui/material/node/Grid/Grid.js:381:64)
    at div
    at /Users/dibyanshukushwaha/.gemini/antigravity/scratch/headlamp_4409/frontend/node_modules/@emotion/react/dist/emotion-element-9150ebbd.development.cjs.js:75:23
    at Grid (/Users/dibyanshukushwaha/.gemini/antigravity/scratch/headlamp_4409/frontend/node_modules/@mui/material/node/Grid/Grid.js:381:64)
    at PageGrid (/Users/dibyanshukushwaha/.gemini/antigravity/scratch/headlamp_4409/frontend/src/components/common/Resource/Resource.tsx:333:11)
    at DetailsGrid (/Users/dibyanshukushwaha/.gemini/antigravity/scratch/headlamp_4409/frontend/src/components/common/Resource/Resource.tsx:88:5)
    at StatefulSetDetails (/Users/dibyanshukushwaha/.gemini/antigravity/scratch/headlamp_4409/frontend/src/components/statefulset/Details.tsx:20:53)
    at hookified (file:///Users/dibyanshukushwaha/.gemini/antigravity/scratch/headlamp_4409/frontend/node_modules/storybook/dist/preview-api/index.js:1979:18)
    at Router (/Users/dibyanshukushwaha/.gemini/antigravity/scratch/headlamp_4409/frontend/node_modules/react-router/cjs/react-router.js:283:30)
    at MemoryRouter (/Users/dibyanshukushwaha/.gemini/antigravity/scratch/headlamp_4409/frontend/node_modules/react-router/cjs/react-router.js:385:35)
    at Provider (file:///Users/dibyanshukushwaha/.gemini/antigravity/scratch/headlamp_4409/frontend/node_modules/react-redux/dist/react-redux.mjs:1036:3)
    at TestContext (/Users/dibyanshukushwaha/.gemini/antigravity/scratch/headlamp_4409/frontend/src/test/index.tsx:15:11)
    at Router (/Users/dibyanshukushwaha/.gemini/antigravity/scratch/headlamp_4409/frontend/node_modules/react-router/cjs/react-router.js:283:30)
    at MemoryRouter (/Users/dibyanshukushwaha/.gemini/antigravity/scratch/headlamp_4409/frontend/node_modules/react-router/cjs/react-router.js:385:35)
    at DefaultPropsProvider (/Users/dibyanshukushwaha/.gemini/antigravity/scratch/headlamp_4409/frontend/node_modules/@mui/system/DefaultPropsProvider/DefaultPropsProvider.js:18:3)
    at RtlProvider (/Users/dibyanshukushwaha/.gemini/antigravity/scratch/headlamp_4409/frontend/node_modules/@mui/system/RtlProvider/index.js:19:7)
    at ThemeProvider (/Users/dibyanshukushwaha/.gemini/antigravity/scratch/headlamp_4409/frontend/node_modules/@mui/private-theming/node/ThemeProvider/ThemeProvider.js:39:5)
    at ThemeProvider (/Users/dibyanshukushwaha/.gemini/antigravity/scratch/headlamp_4409/frontend/node_modules/@mui/system/ThemeProvider/ThemeProvider.js:52:5)
    at ThemeProvider (/Users/dibyanshukushwaha/.gemini/antigravity/scratch/headlamp_4409/frontend/node_modules/@mui/material/node/styles/ThemeProvider.js:21:14)
    at QueryClientProvider (file:///Users/dibyanshukushwaha/.gemini/antigravity/scratch/headlamp_4409/frontend/node_modules/@tanstack/react-query/build/modern/QueryClientProvider.js:20:3)
    at unboundStoryFn (file:///Users/dibyanshukushwaha/.gemini/antigravity/scratch/headlamp_4409/frontend/node_modules/storybook/dist/preview-api/index.js:2896:109)

React will try to recreate this component tree from scratch using the error boundary you provided, ErrorBoundary.

stderr | src/storybook.test.tsx > Storybook Tests > StatefulSet/Details > WithMultipleContainers
WebSocket error: Event { isTrusted: [36m[Getter][39m }

stderr | src/storybook.test.tsx > Storybook Tests > StatefulSet/Details > WithMultipleContainers
WebSocket error: Event { isTrusted: [36m[Getter][39m }

stderr | src/storybook.test.tsx > Storybook Tests > StatefulSet/Details > WithMultipleContainers
Error: Uncaught [TypeError: Cannot read properties of undefined (reading 'resourceVersion')]
    at reportException (/Users/dibyanshukushwaha/.gemini/antigravity/scratch/headlamp_4409/frontend/node_modules/jsdom/lib/jsdom/living/helpers/runtime-script-errors.js:66:24)
    at innerInvokeEventListeners (/Users/dibyanshukushwaha/.gemini/antigravity/scratch/headlamp_4409/frontend/node_modules/jsdom/lib/jsdom/living/events/EventTarget-impl.js:353:9)
    at invokeEventListeners (/Users/dibyanshukushwaha/.gemini/antigravity/scratch/headlamp_4409/frontend/node_modules/jsdom/lib/jsdom/living/events/EventTarget-impl.js:286:3)
    at HTMLUnknownElementImpl._dispatch (/Users/dibyanshukushwaha/.gemini/antigravity/scratch/headlamp_4409/frontend/node_modules/jsdom/lib/jsdom/living/events/EventTarget-impl.js:233:9)
    at HTMLUnknownElementImpl.dispatchEvent (/Users/dibyanshukushwaha/.gemini/antigravity/scratch/headlamp_4409/frontend/node_modules/jsdom/lib/jsdom/living/events/EventTarget-impl.js:104:17)
    at HTMLUnknownElement.dispatchEvent (/Users/dibyanshukushwaha/.gemini/antigravity/scratch/headlamp_4409/frontend/node_modules/jsdom/lib/jsdom/living/generated/EventTarget.js:241:34)
    at Object.invokeGuardedCallbackDev (/Users/dibyanshukushwaha/.gemini/antigravity/scratch/headlamp_4409/frontend/node_modules/react-dom/cjs/react-dom.development.js:4213:16)
    at invokeGuardedCallback (/Users/dibyanshukushwaha/.gemini/antigravity/scratch/headlamp_4409/frontend/node_modules/react-dom/cjs/react-dom.development.js:4277:31)
    at beginWork$1 (/Users/dibyanshukushwaha/.gemini/antigravity/scratch/headlamp_4409/frontend/node_modules/react-dom/cjs/react-dom.development.js:27490:7)
    at performUnitOfWork (/Users/dibyanshukushwaha/.gemini/antigravity/scratch/headlamp_4409/frontend/node_modules/react-dom/cjs/react-dom.development.js:26599:12) TypeError: Cannot read properties of undefined (reading 'resourceVersion')
    at [90m/Users/dibyanshukushwaha/.gemini/antigravity/scratch/headlamp_4409/frontend/[39msrc/lib/k8s/api/v2/useKubeObjectList.ts:510:44
    at Array.map (<anonymous>)
    at useKubeObjectList [90m(/Users/dibyanshukushwaha/.gemini/antigravity/scratch/headlamp_4409/frontend/[39msrc/lib/k8s/api/v2/useKubeObjectList.ts:507:6[90m)[39m
    at Function.useList [90m(/Users/dibyanshukushwaha/.gemini/antigravity/scratch/headlamp_4409/frontend/[39msrc/lib/k8s/KubeObject.ts:404:20[90m)[39m
    at OwnedPodsSection [90m(/Users/dibyanshukushwaha/.gemini/antigravity/scratch/headlamp_4409/frontend/[39msrc/components/common/Resource/Resource.tsx:1061:44[90m)[39m
    at renderWithHooks [90m(/Users/dibyanshukushwaha/.gemini/antigravity/scratch/headlamp_4409/frontend/[39mnode_modules/[4mreact-dom[24m/cjs/react-dom.development.js:15486:18[90m)[39m
    at updateFunctionComponent [90m(/Users/dibyanshukushwaha/.gemini/antigravity/scratch/headlamp_4409/frontend/[39mnode_modules/[4mreact-dom[24m/cjs/react-dom.development.js:19617:20[90m)[39m
    at beginWork [90m(/Users/dibyanshukushwaha/.gemini/antigravity/scratch/headlamp_4409/frontend/[39mnode_modules/[4mreact-dom[24m/cjs/react-dom.development.js:21640:16[90m)[39m
    at HTMLUnknownElement.callCallback [90m(/Users/dibyanshukushwaha/.gemini/antigravity/scratch/headlamp_4409/frontend/[39mnode_modules/[4mreact-dom[24m/cjs/react-dom.development.js:4164:14[90m)[39m
    at HTMLUnknownElement.callTheUserObjectsOperation [90m(/Users/dibyanshukushwaha/.gemini/antigravity/scratch/headlamp_4409/frontend/[39mnode_modules/[4mjsdom[24m/lib/jsdom/living/generated/EventListener.js:26:30[90m)[39m
Error: Uncaught [TypeError: Cannot read properties of undefined (reading 'resourceVersion')]
    at reportException (/Users/dibyanshukushwaha/.gemini/antigravity/scratch/headlamp_4409/frontend/node_modules/jsdom/lib/jsdom/living/helpers/runtime-script-errors.js:66:24)
    at innerInvokeEventListeners (/Users/dibyanshukushwaha/.gemini/antigravity/scratch/headlamp_4409/frontend/node_modules/jsdom/lib/jsdom/living/events/EventTarget-impl.js:353:9)
    at invokeEventListeners (/Users/dibyanshukushwaha/.gemini/antigravity/scratch/headlamp_4409/frontend/node_modules/jsdom/lib/jsdom/living/events/EventTarget-impl.js:286:3)
    at HTMLUnknownElementImpl._dispatch (/Users/dibyanshukushwaha/.gemini/antigravity/scratch/headlamp_4409/frontend/node_modules/jsdom/lib/jsdom/living/events/EventTarget-impl.js:233:9)
    at HTMLUnknownElementImpl.dispatchEvent (/Users/dibyanshukushwaha/.gemini/antigravity/scratch/headlamp_4409/frontend/node_modules/jsdom/lib/jsdom/living/events/EventTarget-impl.js:104:17)
    at HTMLUnknownElement.dispatchEvent (/Users/dibyanshukushwaha/.gemini/antigravity/scratch/headlamp_4409/frontend/node_modules/jsdom/lib/jsdom/living/generated/EventTarget.js:241:34)
    at Object.invokeGuardedCallbackDev (/Users/dibyanshukushwaha/.gemini/antigravity/scratch/headlamp_4409/frontend/node_modules/react-dom/cjs/react-dom.development.js:4213:16)
    at invokeGuardedCallback (/Users/dibyanshukushwaha/.gemini/antigravity/scratch/headlamp_4409/frontend/node_modules/react-dom/cjs/react-dom.development.js:4277:31)
    at beginWork$1 (/Users/dibyanshukushwaha/.gemini/antigravity/scratch/headlamp_4409/frontend/node_modules/react-dom/cjs/react-dom.development.js:27490:7)
    at performUnitOfWork (/Users/dibyanshukushwaha/.gemini/antigravity/scratch/headlamp_4409/frontend/node_modules/react-dom/cjs/react-dom.development.js:26599:12) TypeError: Cannot read properties of undefined (reading 'resourceVersion')
    at [90m/Users/dibyanshukushwaha/.gemini/antigravity/scratch/headlamp_4409/frontend/[39msrc/lib/k8s/api/v2/useKubeObjectList.ts:510:44
    at Array.map (<anonymous>)
    at useKubeObjectList [90m(/Users/dibyanshukushwaha/.gemini/antigravity/scratch/headlamp_4409/frontend/[39msrc/lib/k8s/api/v2/useKubeObjectList.ts:507:6[90m)[39m
    at Function.useList [90m(/Users/dibyanshukushwaha/.gemini/antigravity/scratch/headlamp_4409/frontend/[39msrc/lib/k8s/KubeObject.ts:404:20[90m)[39m
    at OwnedPodsSection [90m(/Users/dibyanshukushwaha/.gemini/antigravity/scratch/headlamp_4409/frontend/[39msrc/components/common/Resource/Resource.tsx:1061:44[90m)[39m
    at renderWithHooks [90m(/Users/dibyanshukushwaha/.gemini/antigravity/scratch/headlamp_4409/frontend/[39mnode_modules/[4mreact-dom[24m/cjs/react-dom.development.js:15486:18[90m)[39m
    at updateFunctionComponent [90m(/Users/dibyanshukushwaha/.gemini/antigravity/scratch/headlamp_4409/frontend/[39mnode_modules/[4mreact-dom[24m/cjs/react-dom.development.js:19617:20[90m)[39m
    at beginWork [90m(/Users/dibyanshukushwaha/.gemini/antigravity/scratch/headlamp_4409/frontend/[39mnode_modules/[4mreact-dom[24m/cjs/react-dom.development.js:21640:16[90m)[39m
    at HTMLUnknownElement.callCallback [90m(/Users/dibyanshukushwaha/.gemini/antigravity/scratch/headlamp_4409/frontend/[39mnode_modules/[4mreact-dom[24m/cjs/react-dom.development.js:4164:14[90m)[39m
    at HTMLUnknownElement.callTheUserObjectsOperation [90m(/Users/dibyanshukushwaha/.gemini/antigravity/scratch/headlamp_4409/frontend/[39mnode_modules/[4mjsdom[24m/lib/jsdom/living/generated/EventListener.js:26:30[90m)[39m
The above error occurred in the <OwnedPodsSection> component:

    at OwnedPodsSection (/Users/dibyanshukushwaha/.gemini/antigravity/scratch/headlamp_4409/frontend/src/components/common/Resource/Resource.tsx:1137:11)
    at ErrorBoundary (/Users/dibyanshukushwaha/.gemini/antigravity/scratch/headlamp_4409/frontend/src/components/common/ErrorBoundary/ErrorBoundary.tsx:16:5)
    at div
    at /Users/dibyanshukushwaha/.gemini/antigravity/scratch/headlamp_4409/frontend/node_modules/@emotion/react/dist/emotion-element-9150ebbd.development.cjs.js:75:23
    at Box (/Users/dibyanshukushwaha/.gemini/antigravity/scratch/headlamp_4409/frontend/node_modules/@mui/system/createBox.js:31:41)
    at div
    at /Users/dibyanshukushwaha/.gemini/antigravity/scratch/headlamp_4409/frontend/node_modules/@emotion/react/dist/emotion-element-9150ebbd.development.cjs.js:75:23
    at Grid (/Users/dibyanshukushwaha/.gemini/antigravity/scratch/headlamp_4409/frontend/node_modules/@mui/material/node/Grid/Grid.js:381:64)
    at div
    at /Users/dibyanshukushwaha/.gemini/antigravity/scratch/headlamp_4409/frontend/node_modules/@emotion/react/dist/emotion-element-9150ebbd.development.cjs.js:75:23
    at Grid (/Users/dibyanshukushwaha/.gemini/antigravity/scratch/headlamp_4409/frontend/node_modules/@mui/material/node/Grid/Grid.js:381:64)
    at PageGrid (/Users/dibyanshukushwaha/.gemini/antigravity/scratch/headlamp_4409/frontend/src/components/common/Resource/Resource.tsx:333:11)
    at DetailsGrid (/Users/dibyanshukushwaha/.gemini/antigravity/scratch/headlamp_4409/frontend/src/components/common/Resource/Resource.tsx:88:5)
    at StatefulSetDetails (/Users/dibyanshukushwaha/.gemini/antigravity/scratch/headlamp_4409/frontend/src/components/statefulset/Details.tsx:20:53)
    at hookified (file:///Users/dibyanshukushwaha/.gemini/antigravity/scratch/headlamp_4409/frontend/node_modules/storybook/dist/preview-api/index.js:1979:18)
    at Router (/Users/dibyanshukushwaha/.gemini/antigravity/scratch/headlamp_4409/frontend/node_modules/react-router/cjs/react-router.js:283:30)
    at MemoryRouter (/Users/dibyanshukushwaha/.gemini/antigravity/scratch/headlamp_4409/frontend/node_modules/react-router/cjs/react-router.js:385:35)
    at Provider (file:///Users/dibyanshukushwaha/.gemini/antigravity/scratch/headlamp_4409/frontend/node_modules/react-redux/dist/react-redux.mjs:1036:3)
    at TestContext (/Users/dibyanshukushwaha/.gemini/antigravity/scratch/headlamp_4409/frontend/src/test/index.tsx:15:11)
    at Router (/Users/dibyanshukushwaha/.gemini/antigravity/scratch/headlamp_4409/frontend/node_modules/react-router/cjs/react-router.js:283:30)
    at MemoryRouter (/Users/dibyanshukushwaha/.gemini/antigravity/scratch/headlamp_4409/frontend/node_modules/react-router/cjs/react-router.js:385:35)
    at DefaultPropsProvider (/Users/dibyanshukushwaha/.gemini/antigravity/scratch/headlamp_4409/frontend/node_modules/@mui/system/DefaultPropsProvider/DefaultPropsProvider.js:18:3)
    at RtlProvider (/Users/dibyanshukushwaha/.gemini/antigravity/scratch/headlamp_4409/frontend/node_modules/@mui/system/RtlProvider/index.js:19:7)
    at ThemeProvider (/Users/dibyanshukushwaha/.gemini/antigravity/scratch/headlamp_4409/frontend/node_modules/@mui/private-theming/node/ThemeProvider/ThemeProvider.js:39:5)
    at ThemeProvider (/Users/dibyanshukushwaha/.gemini/antigravity/scratch/headlamp_4409/frontend/node_modules/@mui/system/ThemeProvider/ThemeProvider.js:52:5)
    at ThemeProvider (/Users/dibyanshukushwaha/.gemini/antigravity/scratch/headlamp_4409/frontend/node_modules/@mui/material/node/styles/ThemeProvider.js:21:14)
    at QueryClientProvider (file:///Users/dibyanshukushwaha/.gemini/antigravity/scratch/headlamp_4409/frontend/node_modules/@tanstack/react-query/build/modern/QueryClientProvider.js:20:3)
    at unboundStoryFn (file:///Users/dibyanshukushwaha/.gemini/antigravity/scratch/headlamp_4409/frontend/node_modules/storybook/dist/preview-api/index.js:2896:109)

React will try to recreate this component tree from scratch using the error boundary you provided, ErrorBoundary.

stderr | src/storybook.test.tsx > Storybook Tests > StatefulSet/List > Default
WebSocket error: Event { isTrusted: [36m[Getter][39m }

stderr | src/storybook.test.tsx > Storybook Tests > StatefulSet/List > Default
WebSocket error: Event { isTrusted: [36m[Getter][39m }

stderr | src/storybook.test.tsx > Storybook Tests > StatefulSet/List > EmptyList
WebSocket error: Event { isTrusted: [36m[Getter][39m }

stderr | src/storybook.test.tsx > Storybook Tests > StatefulSet/List > EmptyList
WebSocket error: Event { isTrusted: [36m[Getter][39m }

stderr | src/storybook.test.tsx > Storybook Tests > StatefulSet/List > SingleItem
WebSocket error: Event { isTrusted: [36m[Getter][39m }

stderr | src/storybook.test.tsx > Storybook Tests > StatefulSet/List > SingleItem
WebSocket error: Event { isTrusted: [36m[Getter][39m }

stderr | src/storybook.test.tsx > Storybook Tests > StatefulSet/List > WithNotReadyReplicas
WebSocket error: Event { isTrusted: [36m[Getter][39m }

stderr | src/storybook.test.tsx > Storybook Tests > StatefulSet/List > WithNotReadyReplicas
WebSocket error: Event { isTrusted: [36m[Getter][39m }

stderr | src/storybook.test.tsx > Storybook Tests > PersistentVolumeClaim/DetailsView > Base
WebSocket error: Event { isTrusted: [36m[Getter][39m }

stderr | src/storybook.test.tsx > Storybook Tests > PersistentVolumeClaim/ListView > Items
WebSocket error: Event { isTrusted: [36m[Getter][39m }

stderr | src/storybook.test.tsx > Storybook Tests > PersistentVolumeClaim/ListView > Items
WebSocket error: Event { isTrusted: [36m[Getter][39m }

stderr | src/storybook.test.tsx > Storybook Tests > StorageClass/DetailsView > Base
WebSocket error: Event { isTrusted: [36m[Getter][39m }

stderr | src/storybook.test.tsx > Storybook Tests > StorageClass/ListView > Items
WebSocket error: Event { isTrusted: [36m[Getter][39m }

stderr | src/storybook.test.tsx > Storybook Tests > PersistentVolume/DetailsView > Base
WebSocket error: Event { isTrusted: [36m[Getter][39m }

stderr | src/storybook.test.tsx > Storybook Tests > PersistentVolume/ListView > Items
WebSocket error: Event { isTrusted: [36m[Getter][39m }

stderr | src/storybook.test.tsx > Storybook Tests > VPA/VPADetailsView > Default
WebSocket error: Event { isTrusted: [36m[Getter][39m }

stderr | src/storybook.test.tsx > Storybook Tests > VPA/VPAListView > List
WebSocket error: Event { isTrusted: [36m[Getter][39m }

stderr | src/storybook.test.tsx > Storybook Tests > VPA/VPAListView > List
WebSocket error: Event { isTrusted: [36m[Getter][39m }

stderr | src/storybook.test.tsx > Storybook Tests > WebhookConfiguration/MutatingWebhookConfig/Details > WithService
WebSocket error: Event { isTrusted: [36m[Getter][39m }

stderr | src/storybook.test.tsx > Storybook Tests > WebhookConfiguration/MutatingWebhookConfig/Details > WithURL
WebSocket error: Event { isTrusted: [36m[Getter][39m }

stderr | src/storybook.test.tsx > Storybook Tests > WebhookConfiguration/MutatingWebhookConfig/List > Items
WebSocket error: Event { isTrusted: [36m[Getter][39m }

stderr | src/storybook.test.tsx > Storybook Tests > WebhookConfiguration/ValidatingWebhookConfig/Details > WithService
WebSocket error: Event { isTrusted: [36m[Getter][39m }

stderr | src/storybook.test.tsx > Storybook Tests > WebhookConfiguration/ValidatingWebhookConfig/Details > WithURL
WebSocket error: Event { isTrusted: [36m[Getter][39m }

stderr | src/storybook.test.tsx > Storybook Tests > WebhookConfiguration/ValidatingWebhookConfig/List > Items
WebSocket error: Event { isTrusted: [36m[Getter][39m }

stderr | src/storybook.test.tsx > Storybook Tests > workload/Overview > Workloads
WebSocket error: Event { isTrusted: [36m[Getter][39m }

stderr | src/storybook.test.tsx > Storybook Tests > workload/Overview > Workloads
WebSocket error: Event { isTrusted: [36m[Getter][39m }

stderr | src/storybook.test.tsx > Storybook Tests > workload/Overview > Workloads
WebSocket error: Event { isTrusted: [36m[Getter][39m }

stderr | src/storybook.test.tsx > Storybook Tests > workload/Overview > Workloads
WebSocket error: Event { isTrusted: [36m[Getter][39m }

stderr | src/storybook.test.tsx > Storybook Tests > workload/Overview > Workloads
WebSocket error: Event { isTrusted: [36m[Getter][39m }

stderr | src/storybook.test.tsx > Storybook Tests > workload/Overview > Workloads
WebSocket error: Event { isTrusted: [36m[Getter][39m }

stderr | src/storybook.test.tsx > Storybook Tests > workload/Overview > Workloads
WebSocket error: Event { isTrusted: [36m[Getter][39m }

stderr | src/storybook.test.tsx > Storybook Tests > workload/Overview > Workloads
WebSocket error: Event { isTrusted: [36m[Getter][39m }

stderr | src/storybook.test.tsx > Storybook Tests > workload/Overview > Workloads
Warning: An update to TransitionGroup inside a test was not wrapped in act(...).

When testing, code that causes React state updates should be wrapped into act(...):

act(() => {
  /* fire events that update state */
});
/* assert on the output */

This ensures that you're testing the behavior the user would see in the browser. Learn more at https://reactjs.org/link/wrap-tests-with-act
    at TransitionGroup (/Users/dibyanshukushwaha/.gemini/antigravity/scratch/headlamp_4409/frontend/node_modules/react-transition-group/cjs/TransitionGroup.js:57:30)
    at span
    at /Users/dibyanshukushwaha/.gemini/antigravity/scratch/headlamp_4409/frontend/node_modules/@emotion/react/dist/emotion-element-9150ebbd.development.cjs.js:75:23
    at TouchRipple (/Users/dibyanshukushwaha/.gemini/antigravity/scratch/headlamp_4409/frontend/node_modules/@mui/material/node/ButtonBase/TouchRipple.js:139:59)
    at span
    at /Users/dibyanshukushwaha/.gemini/antigravity/scratch/headlamp_4409/frontend/node_modules/@emotion/react/dist/emotion-element-9150ebbd.development.cjs.js:75:23
    at ButtonBase (/Users/dibyanshukushwaha/.gemini/antigravity/scratch/headlamp_4409/frontend/node_modules/@mui/material/node/ButtonBase/ButtonBase.js:94:59)
    at /Users/dibyanshukushwaha/.gemini/antigravity/scratch/headlamp_4409/frontend/node_modules/@emotion/react/dist/emotion-element-9150ebbd.development.cjs.js:75:23
    at SwitchBase (/Users/dibyanshukushwaha/.gemini/antigravity/scratch/headlamp_4409/frontend/node_modules/@mui/material/node/internal/SwitchBase.js:69:7)
    at /Users/dibyanshukushwaha/.gemini/antigravity/scratch/headlamp_4409/frontend/node_modules/@emotion/react/dist/emotion-element-9150ebbd.development.cjs.js:75:23
    at Checkbox (/Users/dibyanshukushwaha/.gemini/antigravity/scratch/headlamp_4409/frontend/node_modules/@mui/material/node/Checkbox/Checkbox.js:78:59)
    at Tooltip (/Users/dibyanshukushwaha/.gemini/antigravity/scratch/headlamp_4409/frontend/node_modules/@mui/material/node/Tooltip/Tooltip.js:228:59)
    at MRT_SelectCheckbox (/Users/dibyanshukushwaha/.gemini/antigravity/scratch/headlamp_4409/frontend/node_modules/material-react-table/dist/index.js:1129:11)
    at td
    at /Users/dibyanshukushwaha/.gemini/antigravity/scratch/headlamp_4409/frontend/node_modules/@emotion/react/dist/emotion-element-9150ebbd.development.cjs.js:75:23
    at TableCell (/Users/dibyanshukushwaha/.gemini/antigravity/scratch/headlamp_4409/frontend/node_modules/@mui/material/node/TableCell/TableCell.js:108:59)
    at MRT_TableBodyCell (/Users/dibyanshukushwaha/.gemini/antigravity/scratch/headlamp_4409/frontend/node_modules/material-react-table/dist/index.js:2047:11)
    at /Users/dibyanshukushwaha/.gemini/antigravity/scratch/headlamp_4409/frontend/src/components/common/Table/Table.tsx:510:5
    at tr
    at /Users/dibyanshukushwaha/.gemini/antigravity/scratch/headlamp_4409/frontend/node_modules/@emotion/react/dist/emotion-element-9150ebbd.development.cjs.js:75:23
    at /Users/dibyanshukushwaha/.gemini/antigravity/scratch/headlamp_4409/frontend/src/components/common/Table/Table.tsx:481:5
    at tbody
    at /Users/dibyanshukushwaha/.gemini/antigravity/scratch/headlamp_4409/frontend/node_modules/@emotion/react/dist/emotion-element-9150ebbd.development.cjs.js:75:23
    at table
    at /Users/dibyanshukushwaha/.gemini/antigravity/scratch/headlamp_4409/frontend/node_modules/@emotion/react/dist/emotion-element-9150ebbd.development.cjs.js:75:23
    at Table (/Users/dibyanshukushwaha/.gemini/antigravity/scratch/headlamp_4409/frontend/node_modules/@mui/material/node/Table/Table.js:61:59)
    at Table (/Users/dibyanshukushwaha/.gemini/antigravity/scratch/headlamp_4409/frontend/src/components/common/Table/Table.tsx:84:3)
    at ResourceTableContent (/Users/dibyanshukushwaha/.gemini/antigravity/scratch/headlamp_4409/frontend/src/components/common/Resource/ResourceTable.tsx:153:5)
    at ResourceTable (/Users/dibyanshukushwaha/.gemini/antigravity/scratch/headlamp_4409/frontend/src/components/common/Resource/ResourceTable.tsx:46:15)
    at div
    at /Users/dibyanshukushwaha/.gemini/antigravity/scratch/headlamp_4409/frontend/node_modules/@emotion/react/dist/emotion-element-9150ebbd.development.cjs.js:75:23
    at Box (/Users/dibyanshukushwaha/.gemini/antigravity/scratch/headlamp_4409/frontend/node_modules/@mui/system/createBox.js:31:41)
    at div
    at /Users/dibyanshukushwaha/.gemini/antigravity/scratch/headlamp_4409/frontend/node_modules/@emotion/react/dist/emotion-element-9150ebbd.development.cjs.js:75:23
    at Box (/Users/dibyanshukushwaha/.gemini/antigravity/scratch/headlamp_4409/frontend/node_modules/@mui/system/createBox.js:31:41)
    at SectionBox (/Users/dibyanshukushwaha/.gemini/antigravity/scratch/headlamp_4409/frontend/src/components/common/SectionBox.tsx:17:5)
    at ResourceListView (/Users/dibyanshukushwaha/.gemini/antigravity/scratch/headlamp_4409/frontend/src/components/common/Resource/ResourceListView.tsx:15:11)
    at div
    at /Users/dibyanshukushwaha/.gemini/antigravity/scratch/headlamp_4409/frontend/node_modules/@emotion/react/dist/emotion-element-9150ebbd.development.cjs.js:75:23
    at Box (/Users/dibyanshukushwaha/.gemini/antigravity/scratch/headlamp_4409/frontend/node_modules/@mui/system/createBox.js:31:41)
    at div
    at /Users/dibyanshukushwaha/.gemini/antigravity/scratch/headlamp_4409/frontend/node_modules/@emotion/react/dist/emotion-element-9150ebbd.development.cjs.js:75:23
    at Grid (/Users/dibyanshukushwaha/.gemini/antigravity/scratch/headlamp_4409/frontend/node_modules/@mui/material/node/Grid/Grid.js:381:64)
    at div
    at /Users/dibyanshukushwaha/.gemini/antigravity/scratch/headlamp_4409/frontend/node_modules/@emotion/react/dist/emotion-element-9150ebbd.development.cjs.js:75:23
    at Grid (/Users/dibyanshukushwaha/.gemini/antigravity/scratch/headlamp_4409/frontend/node_modules/@mui/material/node/Grid/Grid.js:381:64)
    at PageGrid (/Users/dibyanshukushwaha/.gemini/antigravity/scratch/headlamp_4409/frontend/src/components/common/Resource/Resource.tsx:333:11)
    at Overview (/Users/dibyanshukushwaha/.gemini/antigravity/scratch/headlamp_4409/frontend/src/components/workload/Overview.tsx:27:49)
    at div
    at /Users/dibyanshukushwaha/.gemini/antigravity/scratch/headlamp_4409/frontend/node_modules/@emotion/react/dist/emotion-element-9150ebbd.development.cjs.js:75:23
    at Container (/Users/dibyanshukushwaha/.gemini/antigravity/scratch/headlamp_4409/frontend/node_modules/@mui/system/Container/createContainer.js:110:19)
    at hookified (file:///Users/dibyanshukushwaha/.gemini/antigravity/scratch/headlamp_4409/frontend/node_modules/storybook/dist/preview-api/index.js:1979:18)
    at Router (/Users/dibyanshukushwaha/.gemini/antigravity/scratch/headlamp_4409/frontend/node_modules/react-router/cjs/react-router.js:283:30)
    at MemoryRouter (/Users/dibyanshukushwaha/.gemini/antigravity/scratch/headlamp_4409/frontend/node_modules/react-router/cjs/react-router.js:385:35)
    at Provider (file:///Users/dibyanshukushwaha/.gemini/antigravity/scratch/headlamp_4409/frontend/node_modules/react-redux/dist/react-redux.mjs:1036:3)
    at TestContext (/Users/dibyanshukushwaha/.gemini/antigravity/scratch/headlamp_4409/frontend/src/test/index.tsx:15:11)
    at DefaultPropsProvider (/Users/dibyanshukushwaha/.gemini/antigravity/scratch/headlamp_4409/frontend/node_modules/@mui/system/DefaultPropsProvider/DefaultPropsProvider.js:18:3)
    at RtlProvider (/Users/dibyanshukushwaha/.gemini/antigravity/scratch/headlamp_4409/frontend/node_modules/@mui/system/RtlProvider/index.js:19:7)
    at ThemeProvider (/Users/dibyanshukushwaha/.gemini/antigravity/scratch/headlamp_4409/frontend/node_modules/@mui/private-theming/node/ThemeProvider/ThemeProvider.js:39:5)
    at ThemeProvider (/Users/dibyanshukushwaha/.gemini/antigravity/scratch/headlamp_4409/frontend/node_modules/@mui/system/ThemeProvider/ThemeProvider.js:52:5)
    at ThemeProvider (/Users/dibyanshukushwaha/.gemini/antigravity/scratch/headlamp_4409/frontend/node_modules/@mui/material/node/styles/ThemeProvider.js:21:14)
    at QueryClientProvider (file:///Users/dibyanshukushwaha/.gemini/antigravity/scratch/headlamp_4409/frontend/node_modules/@tanstack/react-query/build/modern/QueryClientProvider.js:20:3)
    at unboundStoryFn (file:///Users/dibyanshukushwaha/.gemini/antigravity/scratch/headlamp_4409/frontend/node_modules/storybook/dist/preview-api/index.js:2896:109)
Warning: An update to TransitionGroup inside a test was not wrapped in act(...).

When testing, code that causes React state updates should be wrapped into act(...):

act(() => {
  /* fire events that update state */
});
/* assert on the output */

This ensures that you're testing the behavior the user would see in the browser. Learn more at https://reactjs.org/link/wrap-tests-with-act
    at TransitionGroup (/Users/dibyanshukushwaha/.gemini/antigravity/scratch/headlamp_4409/frontend/node_modules/react-transition-group/cjs/TransitionGroup.js:57:30)
    at span
    at /Users/dibyanshukushwaha/.gemini/antigravity/scratch/headlamp_4409/frontend/node_modules/@emotion/react/dist/emotion-element-9150ebbd.development.cjs.js:75:23
    at TouchRipple (/Users/dibyanshukushwaha/.gemini/antigravity/scratch/headlamp_4409/frontend/node_modules/@mui/material/node/ButtonBase/TouchRipple.js:139:59)
    at button
    at /Users/dibyanshukushwaha/.gemini/antigravity/scratch/headlamp_4409/frontend/node_modules/@emotion/react/dist/emotion-element-9150ebbd.development.cjs.js:75:23
    at ButtonBase (/Users/dibyanshukushwaha/.gemini/antigravity/scratch/headlamp_4409/frontend/node_modules/@mui/material/node/ButtonBase/ButtonBase.js:94:59)
    at /Users/dibyanshukushwaha/.gemini/antigravity/scratch/headlamp_4409/frontend/node_modules/@emotion/react/dist/emotion-element-9150ebbd.development.cjs.js:75:23
    at IconButton (/Users/dibyanshukushwaha/.gemini/antigravity/scratch/headlamp_4409/frontend/node_modules/@mui/material/node/IconButton/IconButton.js:113:59)
    at Tooltip (/Users/dibyanshukushwaha/.gemini/antigravity/scratch/headlamp_4409/frontend/node_modules/@mui/material/node/Tooltip/Tooltip.js:228:59)
    at MRT_ToggleRowActionMenuButton (/Users/dibyanshukushwaha/.gemini/antigravity/scratch/headlamp_4409/frontend/node_modules/material-react-table/dist/index.js:894:11)
    at td
    at /Users/dibyanshukushwaha/.gemini/antigravity/scratch/headlamp_4409/frontend/node_modules/@emotion/react/dist/emotion-element-9150ebbd.development.cjs.js:75:23
    at TableCell (/Users/dibyanshukushwaha/.gemini/antigravity/scratch/headlamp_4409/frontend/node_modules/@mui/material/node/TableCell/TableCell.js:108:59)
    at MRT_TableBodyCell (/Users/dibyanshukushwaha/.gemini/antigravity/scratch/headlamp_4409/frontend/node_modules/material-react-table/dist/index.js:2047:11)
    at /Users/dibyanshukushwaha/.gemini/antigravity/scratch/headlamp_4409/frontend/src/components/common/Table/Table.tsx:510:5
    at tr
    at /Users/dibyanshukushwaha/.gemini/antigravity/scratch/headlamp_4409/frontend/node_modules/@emotion/react/dist/emotion-element-9150ebbd.development.cjs.js:75:23
    at /Users/dibyanshukushwaha/.gemini/antigravity/scratch/headlamp_4409/frontend/src/components/common/Table/Table.tsx:481:5
    at tbody
    at /Users/dibyanshukushwaha/.gemini/antigravity/scratch/headlamp_4409/frontend/node_modules/@emotion/react/dist/emotion-element-9150ebbd.development.cjs.js:75:23
    at table
    at /Users/dibyanshukushwaha/.gemini/antigravity/scratch/headlamp_4409/frontend/node_modules/@emotion/react/dist/emotion-element-9150ebbd.development.cjs.js:75:23
    at Table (/Users/dibyanshukushwaha/.gemini/antigravity/scratch/headlamp_4409/frontend/node_modules/@mui/material/node/Table/Table.js:61:59)
    at Table (/Users/dibyanshukushwaha/.gemini/antigravity/scratch/headlamp_4409/frontend/src/components/common/Table/Table.tsx:84:3)
    at ResourceTableContent (/Users/dibyanshukushwaha/.gemini/antigravity/scratch/headlamp_4409/frontend/src/components/common/Resource/ResourceTable.tsx:153:5)
    at ResourceTable (/Users/dibyanshukushwaha/.gemini/antigravity/scratch/headlamp_4409/frontend/src/components/common/Resource/ResourceTable.tsx:46:15)
    at div
    at /Users/dibyanshukushwaha/.gemini/antigravity/scratch/headlamp_4409/frontend/node_modules/@emotion/react/dist/emotion-element-9150ebbd.development.cjs.js:75:23
    at Box (/Users/dibyanshukushwaha/.gemini/antigravity/scratch/headlamp_4409/frontend/node_modules/@mui/system/createBox.js:31:41)
    at div
    at /Users/dibyanshukushwaha/.gemini/antigravity/scratch/headlamp_4409/frontend/node_modules/@emotion/react/dist/emotion-element-9150ebbd.development.cjs.js:75:23
    at Box (/Users/dibyanshukushwaha/.gemini/antigravity/scratch/headlamp_4409/frontend/node_modules/@mui/system/createBox.js:31:41)
    at SectionBox (/Users/dibyanshukushwaha/.gemini/antigravity/scratch/headlamp_4409/frontend/src/components/common/SectionBox.tsx:17:5)
    at ResourceListView (/Users/dibyanshukushwaha/.gemini/antigravity/scratch/headlamp_4409/frontend/src/components/common/Resource/ResourceListView.tsx:15:11)
    at div
    at /Users/dibyanshukushwaha/.gemini/antigravity/scratch/headlamp_4409/frontend/node_modules/@emotion/react/dist/emotion-element-9150ebbd.development.cjs.js:75:23
    at Box (/Users/dibyanshukushwaha/.gemini/antigravity/scratch/headlamp_4409/frontend/node_modules/@mui/system/createBox.js:31:41)
    at div
    at /Users/dibyanshukushwaha/.gemini/antigravity/scratch/headlamp_4409/frontend/node_modules/@emotion/react/dist/emotion-element-9150ebbd.development.cjs.js:75:23
    at Grid (/Users/dibyanshukushwaha/.gemini/antigravity/scratch/headlamp_4409/frontend/node_modules/@mui/material/node/Grid/Grid.js:381:64)
    at div
    at /Users/dibyanshukushwaha/.gemini/antigravity/scratch/headlamp_4409/frontend/node_modules/@emotion/react/dist/emotion-element-9150ebbd.development.cjs.js:75:23
    at Grid (/Users/dibyanshukushwaha/.gemini/antigravity/scratch/headlamp_4409/frontend/node_modules/@mui/material/node/Grid/Grid.js:381:64)
    at PageGrid (/Users/dibyanshukushwaha/.gemini/antigravity/scratch/headlamp_4409/frontend/src/components/common/Resource/Resource.tsx:333:11)
    at Overview (/Users/dibyanshukushwaha/.gemini/antigravity/scratch/headlamp_4409/frontend/src/components/workload/Overview.tsx:27:49)
    at div
    at /Users/dibyanshukushwaha/.gemini/antigravity/scratch/headlamp_4409/frontend/node_modules/@emotion/react/dist/emotion-element-9150ebbd.development.cjs.js:75:23
    at Container (/Users/dibyanshukushwaha/.gemini/antigravity/scratch/headlamp_4409/frontend/node_modules/@mui/system/Container/createContainer.js:110:19)
    at hookified (file:///Users/dibyanshukushwaha/.gemini/antigravity/scratch/headlamp_4409/frontend/node_modules/storybook/dist/preview-api/index.js:1979:18)
    at Router (/Users/dibyanshukushwaha/.gemini/antigravity/scratch/headlamp_4409/frontend/node_modules/react-router/cjs/react-router.js:283:30)
    at MemoryRouter (/Users/dibyanshukushwaha/.gemini/antigravity/scratch/headlamp_4409/frontend/node_modules/react-router/cjs/react-router.js:385:35)
    at Provider (file:///Users/dibyanshukushwaha/.gemini/antigravity/scratch/headlamp_4409/frontend/node_modules/react-redux/dist/react-redux.mjs:1036:3)
    at TestContext (/Users/dibyanshukushwaha/.gemini/antigravity/scratch/headlamp_4409/frontend/src/test/index.tsx:15:11)
    at DefaultPropsProvider (/Users/dibyanshukushwaha/.gemini/antigravity/scratch/headlamp_4409/frontend/node_modules/@mui/system/DefaultPropsProvider/DefaultPropsProvider.js:18:3)
    at RtlProvider (/Users/dibyanshukushwaha/.gemini/antigravity/scratch/headlamp_4409/frontend/node_modules/@mui/system/RtlProvider/index.js:19:7)
    at ThemeProvider (/Users/dibyanshukushwaha/.gemini/antigravity/scratch/headlamp_4409/frontend/node_modules/@mui/private-theming/node/ThemeProvider/ThemeProvider.js:39:5)
    at ThemeProvider (/Users/dibyanshukushwaha/.gemini/antigravity/scratch/headlamp_4409/frontend/node_modules/@mui/system/ThemeProvider/ThemeProvider.js:52:5)
    at ThemeProvider (/Users/dibyanshukushwaha/.gemini/antigravity/scratch/headlamp_4409/frontend/node_modules/@mui/material/node/styles/ThemeProvider.js:21:14)
    at QueryClientProvider (file:///Users/dibyanshukushwaha/.gemini/antigravity/scratch/headlamp_4409/frontend/node_modules/@tanstack/react-query/build/modern/QueryClientProvider.js:20:3)
    at unboundStoryFn (file:///Users/dibyanshukushwaha/.gemini/antigravity/scratch/headlamp_4409/frontend/node_modules/storybook/dist/preview-api/index.js:2896:109)

 ❯ src/storybook.test.tsx (446 tests | 1 failed) 16741ms
   ✓ Storybook Tests > App/AppLogo > LargeLight
   ✓ Storybook Tests > App/AppLogo > LargeDark
   ✓ Storybook Tests > App/AppLogo > SmallLight
   ✓ Storybook Tests > App/AppLogo > SmallDark
   ✓ Storybook Tests > home/RecentClusters > NoClusters
   ✓ Storybook Tests > home/RecentClusters > OneExistingCluster
   ✓ Storybook Tests > home/RecentClusters > OneRecentCluster
   ✓ Storybook Tests > home/RecentClusters > TwoExistingClusters
   ✓ Storybook Tests > home/RecentClusters > TwoRecentClusters
   ✓ Storybook Tests > home/RecentClusters > ThreeClusters
   ✓ Storybook Tests > home/RecentClusters > MoreThanThreeClusters
   ✓ Storybook Tests > home/RecentClusters > WithObsoleteClusters
   ✓ Storybook Tests > common/SquareButton > Basic
   ✓ Storybook Tests > common/SquareButton > DifferentIconSize
   ✓ Storybook Tests > common/SquareButton > DifferentIconColor
   ✓ Storybook Tests > common/SquareButton > Primary
   ✓ Storybook Tests > Home/Home > Base
   ✓ Storybook Tests > Home/Home > LoadingClusters
   ✓ Storybook Tests > App/Layout > Default
   ✓ Storybook Tests > App/Layout > WithClusterRoute
   ✓ Storybook Tests > App/Layout > ErrorState
   ✓ Storybook Tests > App/Layout > MultiCluster
   ✓ Storybook Tests > Notifications > NoNotifications
   ✓ Storybook Tests > Notifications > WithUnreadNotifications
   ✓ Storybook Tests > Notifications > WithReadNotifications
   ✓ Storybook Tests > Notifications > MixedNotifications
   ✓ Storybook Tests > Notifications > WithMultipleClusters
   ✓ Storybook Tests > Settings/PluginSettings > FewItems
   ✓ Storybook Tests > Settings/PluginSettings > Empty
   ✓ Storybook Tests > Settings/PluginSettings > DefaultSaveEnable
   ✓ Storybook Tests > Settings/PluginSettings > ManyItems
   ✓ Storybook Tests > Settings/PluginSettings > MoreItems
   ✓ Storybook Tests > Settings/PluginSettings > EmptyHomepageItems
   ✓ Storybook Tests > Settings/PluginSettings > MultipleLocations
   ✓ Storybook Tests > Settings/PluginSettings > MigrationScenario
   ✓ Storybook Tests > Settings/PluginSettingsDetail > WithAutoSave
   ✓ Storybook Tests > Settings/PluginSettingsDetail > WithoutAutoSave
   ✓ Storybook Tests > routes/RouteSwitcher > Default
   ✓ Storybook Tests > Settings/ClusterNameEditor > Default
   ✓ Storybook Tests > Settings/ClusterNameEditor > WithInvalidName
   ✓ Storybook Tests > Settings/ClusterNameEditor > WithNewName
   ✓ Storybook Tests > Components/ClusterSelector > Default
   ✓ Storybook Tests > Settings/NodeShellSettings > Default
   ✓ Storybook Tests > Settings > General
   ✓ Storybook Tests > TopBar > ProcessorAction
   ✓ Storybook Tests > TopBar > NoToken
   ✓ Storybook Tests > TopBar > Token
   ✓ Storybook Tests > TopBar > OneCluster
   ✓ Storybook Tests > TopBar > TwoCluster
   ✓ Storybook Tests > TopBar > WithUserInfo
   ✓ Storybook Tests > TopBar > WithEmailOnly
   ✓ Storybook Tests > TopBar > UndefinedData
   ✓ Storybook Tests > TopBar > EmptyUserInfo
   × Storybook Tests > Version Dialog > VersionDialog 79ms
     → Snapshot `Storybook Tests > Version Dialog > VersionDialog 1` mismatched
   ✓ Storybook Tests > DetailsViewSection > MatchRenderIt
   ✓ Storybook Tests > DetailsViewSection > NoMatchNoRender
   ✓ Storybook Tests > Sidebar/HeadlampButton > ExpandedSidebar
   ✓ Storybook Tests > Sidebar/HeadlampButton > CollapsedSidebar
   ✓ Storybook Tests > Sidebar/HeadlampButton > Disabled
   ✓ Storybook Tests > Sidebar/HeadlampButton > MobileOnlyVisible
   ✓ Storybook Tests > Sidebar/HeadlampButton > MobileOnlyHidden
   ✓ Storybook Tests > Sidebar/ListItemLink > Default
   ✓ Storybook Tests > Sidebar/ListItemLink > Selected
   ✓ Storybook Tests > Sidebar/ListItemLink > WithSubtitle
   ✓ Storybook Tests > Sidebar/ListItemLink > IconOnly
   ✓ Storybook Tests > Sidebar/ListItemLink > IconOnlySelected
   ✓ Storybook Tests > Sidebar/ListItemLink > SubItem
   ✓ Storybook Tests > Sidebar/ListItemLink > SubItemSelected
   ✓ Storybook Tests > Sidebar/ListItemLink > WithDivider
   ✓ Storybook Tests > Sidebar/ListItemLink > NoIcon
   ✓ Storybook Tests > Sidebar/ListItemLink > UsingFullWidthPropTrue
   ✓ Storybook Tests > Sidebar/ListItemLink > UsingFullWidthPropFalse
   ✓ Storybook Tests > Sidebar/NavigationTabs > ClusterParentSelected
   ✓ Storybook Tests > Sidebar/NavigationTabs > WorkloadsParentSelected
   ✓ Storybook Tests > Sidebar/NavigationTabs > WorkloadsChildSelected
   ✓ Storybook Tests > Sidebar/NavigationTabs > ItemWithoutOwnURLSelected
   ✓ Storybook Tests > Sidebar/NavigationTabs > SettingsParentSelected
   ✓ Storybook Tests > Sidebar/NavigationTabs > NoSubList
   ✓ Storybook Tests > Sidebar/NavigationTabs > SidebarOpen
   ✓ Storybook Tests > Sidebar/Sidebar > InClusterSidebarOpen
   ✓ Storybook Tests > Sidebar/Sidebar > InClusterSidebarClosed
   ✓ Storybook Tests > Sidebar/Sidebar > NoSidebar
   ✓ Storybook Tests > Sidebar/Sidebar > SelectedItemWithSidebarOmitted
   ✓ Storybook Tests > Sidebar/Sidebar > HomeSidebarOpen
   ✓ Storybook Tests > Sidebar/Sidebar > HomeSidebarClosed
   ✓ Storybook Tests > Sidebar/Sidebar > NotVisibleSidebar
   ✓ Storybook Tests > Sidebar/SidebarItem > Selected
   ✓ Storybook Tests > Sidebar/SidebarItem > Unselected
   ✓ Storybook Tests > Sidebar/SidebarItem > SublistExpanded
   ✓ Storybook Tests > Sidebar/SidebarItem > Sublist
   ✓ Storybook Tests > AuthToken > ShowError
   ✓ Storybook Tests > AuthToken > ShowActions
   ✓ Storybook Tests > Activity > Basic
   ✓ Storybook Tests > Activity > EmptyBar
   ✓ Storybook Tests > AdvancedSearch/AdvancedSearch > Default
   ✓ Storybook Tests > AdvancedSearch/ApiResourcesView > Default
   ✓ Storybook Tests > AdvancedSearch/EmptyResults > Default
   ✓ Storybook Tests > AdvancedSearch/ResourceSearch > Default
   ✓ Storybook Tests > AdvancedSearch/SearchSettings > Default
   ✓ Storybook Tests > AuthChooser > BasicAuthChooser
   ✓ Storybook Tests > AuthChooser > Testing
   ✓ Storybook Tests > AuthChooser > HaveClusters
   ✓ Storybook Tests > AuthChooser > AuthTypeoidc
   ✓ Storybook Tests > AuthChooser > AnError
   ✓ Storybook Tests > Cluster/ResourceCharts > MemoryChartWithMetrics
   ✓ Storybook Tests > Cluster/ResourceCharts > MemoryChartNoMetrics
   ✓ Storybook Tests > Cluster/ResourceCharts > MemoryChartPod
   ✓ Storybook Tests > Cluster/ResourceCharts > CpuChartWithMetrics
   ✓ Storybook Tests > Cluster/ResourceCharts > CpuChartNoMetrics
   ✓ Storybook Tests > Cluster/ResourceCharts > CpuChartPod
   ✓ Storybook Tests > Cluster/StatusCharts > PodsStatusWithMixedStates
   ✓ Storybook Tests > Cluster/StatusCharts > PodsStatusEmpty
   ✓ Storybook Tests > Cluster/StatusCharts > PodsStatusLoading
   ✓ Storybook Tests > Cluster/StatusCharts > NodesStatusWithMixedStates
   ✓ Storybook Tests > Cluster/StatusCharts > NodesStatusEmpty
   ✓ Storybook Tests > Cluster/StatusCharts > NodesStatusLoading
   ✓ Storybook Tests > cluster/Chooser > Normal
   ✓ Storybook Tests > cluster/Chooser > SingleCluster
   ✓ Storybook Tests > cluster/Chooser > ManyClusters
   ✓ Storybook Tests > cluster/Chooser > NoClusters
   ✓ Storybook Tests > cluster/Chooser > Closed
   ✓ Storybook Tests > cluster/ClusterChooser > Normal
   ✓ Storybook Tests > cluster/ClusterChooser > LongClusterName
   ✓ Storybook Tests > cluster/ClusterChooser > NoCluster
   ✓ Storybook Tests > cluster/ClusterChooser > SpecialCharacters
   ✓ Storybook Tests > cluster/ClusterChooserPopup > Normal
   ✓ Storybook Tests > cluster/ClusterChooserPopup > NoRecentClusters
   ✓ Storybook Tests > cluster/ClusterChooserPopup > NoClustersButRecent
   ✓ Storybook Tests > cluster/ClusterChooserPopup > Scrollbar
   ✓ Storybook Tests > ClusterGroupErrorMessage > WithClusterErrors
   ✓ Storybook Tests > ClusterGroupErrorMessage > WithMutipleErrorsPerCluster
   ✓ Storybook Tests > cluster/Overview > Events
   ✓ Storybook Tests > cluster/Overview > EmptyState
   ✓ Storybook Tests > cluster/Overview > ErrorState
   ✓ Storybook Tests > common/ActionButton > Basic
   ✓ Storybook Tests > common/ActionButton > LargeAndColorful
   ✓ Storybook Tests > common/ActionButton > LongDescription
   ✓ Storybook Tests > ActionsNotifier > Some
   ✓ Storybook Tests > ActionsNotifier > None
   ✓ Storybook Tests > AlertNotification > NoErrorInitially
   ✓ Storybook Tests > AlertNotification > ErrorOnCheck
   ✓ Storybook Tests > AlertNotification > SimulatingOffline
   ✓ Storybook Tests > AlertNotification > OnExcludedRoute
   ✓ Storybook Tests > AlertNotification > OnNonClusterRoute
   ✓ Storybook Tests > common/BackLink > Default
   ✓ Storybook Tests > common/BackLink > CustomLink
   ✓ Storybook Tests > Charts/PercentageBar > Percent100
   ✓ Storybook Tests > Charts/PercentageBar > Percent50
   ✓ Storybook Tests > Charts/PercentageBar > NoData
   ✓ Storybook Tests > Charts/PercentageBar > Tooltip
   ✓ Storybook Tests > Charts/PercentageCircle > Percent100
   ✓ Storybook Tests > Charts/PercentageCircle > Percent50
   ✓ Storybook Tests > Charts/PercentageCircle > NoData
   ✓ Storybook Tests > ConfirmButton > Confirm
   ✓ Storybook Tests > ConfirmButton > ExtendsButton
   ✓ Storybook Tests > ConfirmDialog > ConfirmDialog
   ✓ Storybook Tests > ConfirmDialog > ConfirmDialogClosed
   ✓ Storybook Tests > ConfirmDialog > ConfirmDialogCancelHidden
   ✓ Storybook Tests > Dialog > Dialog
   ✓ Storybook Tests > Dialog > DialogWithCloseButton
   ✓ Storybook Tests > Dialog > DialogWithFullScreenButton
   ✓ Storybook Tests > Dialog > DialogAlreadyInFullScreen
   ✓ Storybook Tests > DropZoneBox > UploadFiles
   ✓ Storybook Tests > Common/EmptyContent > Default
   ✓ Storybook Tests > Common/EmptyContent > WithCustomColor
   ✓ Storybook Tests > Common/EmptyContent > WithMultipleChildren
   ✓ Storybook Tests > Common/EmptyContent > Empty
   ✓ Storybook Tests > common/ErrorBoundary > NoProblem
   ✓ Storybook Tests > common/ErrorBoundary > BrokenNoFallback
   ✓ Storybook Tests > common/ErrorBoundary > BrokenFallback
   ✓ Storybook Tests > common/ErrorBoundary > BrokenFallbackElement
   ✓ Storybook Tests > common/GenericError > Default
   ✓ Storybook Tests > common/GenericError > DifferentImage
   ✓ Storybook Tests > common/GenericError > NumberGraphic
   ✓ Storybook Tests > common/GenericError > StringGraphic
   ✓ Storybook Tests > common/GenericError > ComponentTitle
   ✓ Storybook Tests > common/GenericError > StringMessage
   ✓ Storybook Tests > common/GenericError > ComponentMessage
   ✓ Storybook Tests > common/GenericError > WithErrorStack
   ✓ Storybook Tests > common/InnerTable > Default
   ✓ Storybook Tests > common/InnerTable > WithFewRows
   ✓ Storybook Tests > common/InnerTable > EmptyTable
   ✓ Storybook Tests > common/InnerTable > WithoutTableHeader
   ✓ Storybook Tests > common/InnerTable > InsideAnotherComponent
   ✓ Storybook Tests > Label/DateLabel > Default
   ✓ Storybook Tests > Label/DateLabel > MiniLabel
   ✓ Storybook Tests > Label/HeaderLabel > HeaderLabel
   ✓ Storybook Tests > Label/HeaderLabel > HeaderLabelToolTip
   ✓ Storybook Tests > Label/HoverInfoLabel > HoverInfoLabel
   ✓ Storybook Tests > Label/HoverInfoLabel > HoverInfoLabelInfo
   ✓ Storybook Tests > Label/HoverInfoLabel > LabelProps
   ✓ Storybook Tests > Label/HoverInfoLabel > IconPosition
   ✓ Storybook Tests > Label/InfoLabel > InfoLabel
   ✓ Storybook Tests > Label/NameLabel > NameLabel
   ✓ Storybook Tests > Label/StatusLabel > Success
   ✓ Storybook Tests > Label/StatusLabel > Error
   ✓ Storybook Tests > Label/StatusLabel > Warning
   ✓ Storybook Tests > Label/ValueLabel > ValueLabel
   ✓ Storybook Tests > LabelListItem > List
   ✓ Storybook Tests > Link > Basic
   ✓ Storybook Tests > Link > Params
   ✓ Storybook Tests > Link > AutoTooltip
   ✓ Storybook Tests > Link > ExplicitTooltip
   ✓ Storybook Tests > common/Loader > DefaultWithContainer
   ✓ Storybook Tests > common/Loader > InlineNoContainer
   ✓ Storybook Tests > common/Loader > CustomSize
   ✓ Storybook Tests > common/Loader > CustomColor
   ✓ Storybook Tests > common/Loader > InsideAComponent
   ✓ Storybook Tests > common/Loader > NoTitleProvided
   ✓ Storybook Tests > NameValueTable > WithChildren
   ✓ Storybook Tests > NameValueTable > Empty
   ✓ Storybook Tests > NameValueTable > WithHiddenLastChildren
   ✓ Storybook Tests > NamespacesAutocomplete > Some
   ✓ Storybook Tests > common/ObjectEventList > WithEvents
   ✓ Storybook Tests > common/ObjectEventList > NoEventsForObject
   ✓ Storybook Tests > common/ObjectEventList > ErrorFetching
   ✓ Storybook Tests > common/ReleaseNotes/ReleaseNotes > Default
   ✓ Storybook Tests > common/ReleaseNotes/ReleaseNotesModal > Show
   ✓ Storybook Tests > common/ReleaseNotes/ReleaseNotesModal > Closed
   ✓ Storybook Tests > common/ReleaseNotes/ReleaseNotesModal > ShowNoNotes
   ✓ Storybook Tests > common/ReleaseNotes/UpdatePopup > Show
   ✓ Storybook Tests > common/ReleaseNotes/UpdatePopup > Fetching
   ✓ Storybook Tests > common/ReleaseNotes/UpdatePopup > FetchFailed
   ✓ Storybook Tests > Resource/CopyButton > Default
   ✓ Storybook Tests > Resource/CopyButton > NoTextButton
   ✓ Storybook Tests > Resource/CreateButton > Default
   ✓ Storybook Tests > Resource/CreateButton > NarrowButton
   ✓ Storybook Tests > Resource/DocsViewer > TypicalDocumentation
   ✓ Storybook Tests > Resource/DocsViewer > NoDocumentation
   ✓ Storybook Tests > Resource/DocsViewer > NoMatchingDocumentation
   ✓ Storybook Tests > Resource/DocsViewer > ErrorDocumentation
   ✓ Storybook Tests > Resource/EditorDialog > EditorDialogWithResource
   ✓ Storybook Tests > Resource/EditorDialog > EditorDialogWithResourceClosed
   ✓ Storybook Tests > Resource/EditorDialog > ExtraActions
   ✓ Storybook Tests > Resource/MainInfoSection > Normal
   ✓ Storybook Tests > Resource/MainInfoSection > NullBacklink
   ✓ Storybook Tests > Resource/MatchExpressions > Default
   ✓ Storybook Tests > Resource/MatchExpressions > WithExpressions
   ✓ Storybook Tests > Resource/MetadataDisplay > MetadataDisplay
   ✓ Storybook Tests > Resource/MetadataDisplay > WithOwnerReferences
   ✓ Storybook Tests > Resource/MetadataDisplay > WithExtraRows
   ✓ Storybook Tests > Resource/MetadataDisplay > WithManyLabels
   ✓ Storybook Tests > Resource/ListView > OneHiddenColumn
   ✓ Storybook Tests > ResourceTable > NoFilter
   ✓ Storybook Tests > ResourceTable > NameSearch
   ✓ Storybook Tests > ResourceTable > WithHiddenCols
   ✓ Storybook Tests > Resource/RestartButton > DeploymentExample
   ✓ Storybook Tests > Resource/RestartButton > StatefulSetExample
   ✓ Storybook Tests > Resource/RestartMultipleButton > Default
   ✓ Storybook Tests > Resource/RestartMultipleButton > AfterConfirmCallback
   ✓ Storybook Tests > Resource/RestartMultipleButton > MenuButtonStyle
   ✓ Storybook Tests > Resource/ScaleButton > DeploymentExample
   ✓ Storybook Tests > Resource/ScaleButton > StatefulSetExample
   ✓ Storybook Tests > Resource/ScaleButton > ReplicaSetExample
   ✓ Storybook Tests > Resource/SimpleEditor > Simple
   ✓ Storybook Tests > Resource/ViewButton > View
   ✓ Storybook Tests > Resource/ViewButton > ViewOpen
   ✓ Storybook Tests > SectionBox > WithChildren
   ✓ Storybook Tests > SectionBox > Titled
   ✓ Storybook Tests > SectionBox > HeaderProps
   ✓ Storybook Tests > SectionBox > TitledChildren
   ✓ Storybook Tests > SectionBox > CustomTitle
   ✓ Storybook Tests > common/SectionHeader > MainStyle
   ✓ Storybook Tests > common/SectionHeader > SubSectionStyle
   ✓ Storybook Tests > common/SectionHeader > NormalStyle
   ✓ Storybook Tests > common/SectionHeader > LabelStyle
   ✓ Storybook Tests > common/SectionHeader > WithNoPadding
   ✓ Storybook Tests > common/SectionHeader > WithActions
   ✓ Storybook Tests > common/SectionHeader > WithTitleSideActions
   ✓ Storybook Tests > common/SectionHeader > LongTitle
   ✓ Storybook Tests > common/SectionHeader > WithReactNodeAsTitle
   ✓ Storybook Tests > common/SectionHeader > NoActionsOrSubtitle
   ✓ Storybook Tests > common/ShowHideLabel > Basic
   ✓ Storybook Tests > common/ShowHideLabel > Expanded
   ✓ Storybook Tests > common/ShowHideLabel > Empty
   ✓ Storybook Tests > common/ShowHideLabel > ShortText
   ✓ Storybook Tests > SimpleTable > Getter
   ✓ Storybook Tests > SimpleTable > Datum
   ✓ Storybook Tests > SimpleTable > ReflectInURL
   ✓ Storybook Tests > SimpleTable > ReflectInURLWithPrefix
   ✓ Storybook Tests > SimpleTable > NameSearch
   ✓ Storybook Tests > SimpleTable > NamespaceSearch
   ✓ Storybook Tests > SimpleTable > UIDSearch
   ✓ Storybook Tests > SimpleTable > LabelSearch
   ✓ Storybook Tests > SimpleTable > NamespaceSelect
   ✓ Storybook Tests > SimpleTable > NumberSearch
   ✓ Storybook Tests > SimpleTable > NotFoundMessage
   ✓ Storybook Tests > Table > Getter
   ✓ Storybook Tests > Table > Datum
   ✓ Storybook Tests > Table > ReflectInURL
   ✓ Storybook Tests > Table > ReflectInURLWithPrefix
   ✓ Storybook Tests > Table > NameSearch
   ✓ Storybook Tests > Table > NamespaceSearch
   ✓ Storybook Tests > Table > UIDSearch
   ✓ Storybook Tests > Table > LabelSearch
   ✓ Storybook Tests > Table > NamespaceSelect
   ✓ Storybook Tests > Table > NumberSearch
   ✓ Storybook Tests > Table > NotFoundMessage
   ✓ Storybook Tests > Table > WithGlobalFilter
   ✓ Storybook Tests > Table > WithSorting
   ✓ Storybook Tests > Table > WithFilterMultiSelect
   ✓ Storybook Tests > Tabs > BasicTabs
   ✓ Storybook Tests > Tabs > StartingTab
   ✓ Storybook Tests > Charts/TileChart > WithProgress
   ✓ Storybook Tests > Charts/TileChart > WithoutProgress
   ✓ Storybook Tests > TimezoneSelect > Default
   ✓ Storybook Tests > TimezoneSelect > NoInitialValue
   ✓ Storybook Tests > Tooltip/TooltipIcon > JustText
   ✓ Storybook Tests > Tooltip/TooltipIcon > WithIcon
   ✓ Storybook Tests > Tooltip/TooltipLight > Add
   ✓ Storybook Tests > Tooltip/TooltipLight > Interactive
   ✓ Storybook Tests > Tooltip/TooltipLight > NotInteractive
   ✓ Storybook Tests > ConfigMap/DetailsView > WithBase
   ✓ Storybook Tests > ConfigMap/DetailsView > Empty
   ✓ Storybook Tests > ConfigMap/ListView > Items
   ✓ Storybook Tests > crd/CustomResourceDefinition > List
   ✓ Storybook Tests > crd/CustomResourceDefinition > Details
   ✓ Storybook Tests > crd/CustomResourceDetails > NoError
   ✓ Storybook Tests > crd/CustomResourceDetails > ErrorGettingCRD
   ✓ Storybook Tests > crd/CustomResourceDetails > ErrorGettingCR
   ✓ Storybook Tests > crd/CustomResourceList > List
   ✓ Storybook Tests > CronJob/CronJobDetailsView > EveryMinute
   ✓ Storybook Tests > CronJob/CronJobDetailsView > EveryAst
   ✓ Storybook Tests > CronJob/CronJobListView > Items
   ✓ Storybook Tests > DaemonSet/List > DaemonSets
   ✓ Storybook Tests > Deployment/List > Deployments
   ✓ Storybook Tests > endpointslice/EndpointSliceDetailsView > Default
   ✓ Storybook Tests > endpointslice/EndpointSliceDetailsView > Error
   ✓ Storybook Tests > endpointslice/EndpointSliceListView > Items
   ✓ Storybook Tests > endpoints/EndpointsDetailsView > Default
   ✓ Storybook Tests > endpoints/EndpointsDetailsView > Error
   ✓ Storybook Tests > endpoints/EndpointsListView > Items
   ✓ Storybook Tests > BackendTLSPolicy/DetailsView > Basic
   ✓ Storybook Tests > BackendTLSPolicy/ListView > Items
   ✓ Storybook Tests > BackendTrafficPolicy/DetailsView > Basic
   ✓ Storybook Tests > BackendTrafficPolicy/ListView > Items
   ✓ Storybook Tests > GatewayClass/DetailsView > Basic
   ✓ Storybook Tests > GatewayClass/ListView > Items
   ✓ Storybook Tests > GRPCRoute/DetailsView > Basic
   ✓ Storybook Tests > GRPCRoute/ListView > Items
   ✓ Storybook Tests > Gateway/DetailsView > Basic
   ✓ Storybook Tests > Gateway/ListView > Items
   ✓ Storybook Tests > HTTPRoute/DetailsView > Basic
   ✓ Storybook Tests > HTTPRoute/DetailsView > Empty
   ✓ Storybook Tests > HTTPRoute/ListView > Items
   ✓ Storybook Tests > ReferenceGrant/DetailsView > Basic
   ✓ Storybook Tests > ReferenceGrant/ListView > Items
   ✓ Storybook Tests > GlobalSearch > BasicExample
   ✓ Storybook Tests > hpa/HpaDetailsView > Default
   ✓ Storybook Tests > hpa/HpaDetailsView > Error
   ✓ Storybook Tests > hpa/HpaListView > Items
   ✓ Storybook Tests > IngressClass/DetailsView > Basic
   ✓ Storybook Tests > IngressClass/DetailsView > WithDefault
   ✓ Storybook Tests > IngressClass/ListView > Items
   ✓ Storybook Tests > Ingress/DetailsView > WithTLS
   ✓ Storybook Tests > Ingress/DetailsView > WithResource
   ✓ Storybook Tests > Ingress/DetailsView > WithWildcardTLS
   ✓ Storybook Tests > ingress/LinkStringFormat > Empty
   ✓ Storybook Tests > ingress/LinkStringFormat > soloPath
   ✓ Storybook Tests > ingress/LinkStringFormat > morePath
   ✓ Storybook Tests > Ingress/ListView > Items
   ✓ Storybook Tests > Job/List > Items
   ✓ Storybook Tests > Lease/LeaseDetailsView > LeaseDetail
   ✓ Storybook Tests > Lease/ListView > Items
   ✓ Storybook Tests > LimitRange/DetailsView > LimitRangeDetail
   ✓ Storybook Tests > LimitRange/ListView > Items
   ✓ Storybook Tests > Namespace/DetailsView > Active
   ✓ Storybook Tests > Namespace/ListView > Regular
   ✓ Storybook Tests > NetworkPolicy/DetailsView > Default
   ✓ Storybook Tests > NetworkPolicy/ListView > Items
   ✓ Storybook Tests > node/List > Nodes
   ✓ Storybook Tests > Oidcauth/OauthPopup > Default
   ✓ Storybook Tests > Oidcauth/OauthPopup > WithDimensions
   ✓ Storybook Tests > Pod/PodDetailsView > PullBackOff
   ✓ Storybook Tests > Pod/PodDetailsView > Running
   ✓ Storybook Tests > Pod/PodDetailsView > Error
   ✓ Storybook Tests > Pod/PodDetailsView > LivenessFailed
   ✓ Storybook Tests > Pod/PodDetailsView > Initializing
   ✓ Storybook Tests > Pod/PodDetailsView > Successful
   ✓ Storybook Tests > Pod/PodListView > Items
   ✓ Storybook Tests > Pod/PodLogViewer > PlainLogs
   ✓ Storybook Tests > Pod/PodLogViewer > JsonLogs
   ✓ Storybook Tests > Pod/PodLogViewer > FormattedJsonLogs
   ✓ Storybook Tests > Pod/PodLogViewer > BigJsonLogs
   ✓ Storybook Tests > Pod/PodLogViewer > FormattingLogs
   ✓ Storybook Tests > Pod/PodVolumeSectionDetailsView > Successful
   ✓ Storybook Tests > Pod/PodVolumeSectionDetailsView > Short
   ✓ Storybook Tests > Pod/PodVolumeSectionDetailsView > Empty
   ✓ Storybook Tests > pdb/PDBDetailsView > Default
   ✓ Storybook Tests > pdb/PDBDetailsView > Error
   ✓ Storybook Tests > PDB/PDBListView > Items
   ✓ Storybook Tests > PriorityClass/PriorityClassDetailsView > Default
   ✓ Storybook Tests > PriorityClass/PriorityClassDetailsView > Error
   ✓ Storybook Tests > PriorityClass/PriorityClassListView > Items
   ✓ Storybook Tests > project/CreateFromYaml > Default
   ✓ Storybook Tests > project/ProjectDetails > EmptyProject
   ✓ Storybook Tests > project/ProjectList > Empty
   ✓ Storybook Tests > project/ProjectResourcesTab > Empty
   ✓ Storybook Tests > project/ProjectResourcesTab > WithWorkloads
   ✓ Storybook Tests > ReplicaSet/List > ReplicaSets
   ✓ Storybook Tests > GraphView > BasicExample 339ms
   ✓ Storybook Tests > ResourceQuota/ResourceQuotaDetailsView > Default
   ✓ Storybook Tests > ResourceQuota/ResourceQuotaDetailsView > Error
   ✓ Storybook Tests > ResourceQuota/ResourceQuotaListView > Items
   ✓ Storybook Tests > RuntimeClass/DetailsView > Base
   ✓ Storybook Tests > RuntimeClass/ListView > Items
   ✓ Storybook Tests > Secret/DetailsView > WithBase
   ✓ Storybook Tests > Secret/DetailsView > Empty
   ✓ Storybook Tests > Secret/ListView > Items
   ✓ Storybook Tests > Service/Details > Default
   ✓ Storybook Tests > Service/Details > ErrorWithEndpoints
   ✓ Storybook Tests > Service/List > Items
   ✓ Storybook Tests > StatefulSet/Details > Default
   ✓ Storybook Tests > StatefulSet/Details > WithOnDeleteStrategy
   ✓ Storybook Tests > StatefulSet/Details > WithComplexSelector
   ✓ Storybook Tests > StatefulSet/Details > WithMultipleContainers
   ✓ Storybook Tests > StatefulSet/List > Default
   ✓ Storybook Tests > StatefulSet/List > EmptyList
   ✓ Storybook Tests > StatefulSet/List > SingleItem
   ✓ Storybook Tests > StatefulSet/List > WithNotReadyReplicas
   ✓ Storybook Tests > PersistentVolumeClaim/DetailsView > Base
   ✓ Storybook Tests > PersistentVolumeClaim/ListView > Items
   ✓ Storybook Tests > StorageClass/DetailsView > Base
   ✓ Storybook Tests > StorageClass/ListView > Items
   ✓ Storybook Tests > PersistentVolume/DetailsView > Base
   ✓ Storybook Tests > PersistentVolume/ListView > Items
   ✓ Storybook Tests > VPA/VPADetailsView > Default
   ✓ Storybook Tests > VPA/VPADetailsView > Error
   ✓ Storybook Tests > VPA/VPAListView > List
   ✓ Storybook Tests > WebhookConfiguration/MutatingWebhookConfig/Details > WithService
   ✓ Storybook Tests > WebhookConfiguration/MutatingWebhookConfig/Details > WithURL
   ✓ Storybook Tests > WebhookConfiguration/MutatingWebhookConfig/List > Items
   ✓ Storybook Tests > WebhookConfiguration/ValidatingWebhookConfig/Details > WithService
   ✓ Storybook Tests > WebhookConfiguration/ValidatingWebhookConfig/Details > WithURL
   ✓ Storybook Tests > WebhookConfiguration/ValidatingWebhookConfig/List > Items
   ✓ Storybook Tests > workload/Charts > DefaultDeployment
   ✓ Storybook Tests > workload/Charts > LoadingWorkload
   ✓ Storybook Tests > workload/Charts > AllRunningDeployment
   ✓ Storybook Tests > workload/Charts > AllFailedDeployment
   ✓ Storybook Tests > workload/Charts > DefaultStatefulSet
   ✓ Storybook Tests > workload/Charts > AllRunningStatefulSet
   ✓ Storybook Tests > workload/Charts > AllFailedStatefulSet
   ✓ Storybook Tests > workload/Charts > MixedWorkloads
   ✓ Storybook Tests > workload/Charts > Empty
   ✓ Storybook Tests > workload/Overview > Workloads
   ✓ Storybook Tests > LocaleSelect > Initial

⎯⎯⎯⎯⎯⎯⎯ Failed Tests 1 ⎯⎯⎯⎯⎯⎯⎯

 FAIL  src/storybook.test.tsx > Storybook Tests > Version Dialog > VersionDialog
Error: Snapshot `Storybook Tests > Version Dialog > VersionDialog 1` mismatched

[32m- Expected[39m
[31m+ Received[39m

[33m@@ -25,49 +25,10 @@[39m
[2m        <div[22m
[2m          aria-labelledby=":mock-test-id:"[22m
[2m          class="MuiPaper-root MuiPaper-outlined MuiPaper-rounded MuiDialog-paper MuiDialog-paperScrollPaper MuiDialog-paperWidthSm MuiDialog-paperFullWidth css-1ehm288-MuiPaper-root-MuiDialog-paper"[22m
[2m          role="dialog"[22m
[2m        >[22m
[32m-         <h2[39m
[32m-           class="MuiTypography-root MuiTypography-h6 MuiDialogTitle-root css-8yphvn-MuiTypography-root-MuiDialogTitle-root"[39m
[32m-           id=":mock-test-id:"[39m
[32m-           style="display: flex;"[39m
[32m-         >[39m
[32m-           <div[39m
[32m-             class="MuiGrid-root MuiGrid-container css-9cyib4-MuiGrid-root"[39m
[32m-           >[39m
[32m-             <div[39m
[32m-               class="MuiGrid-root MuiGrid-item css-13i4rnv-MuiGrid-root"[39m
[32m-             >[39m
[32m-               <h1[39m
[32m-                 class="MuiTypography-root MuiTypography-h1 css-1kazmbo-MuiTypography-root"[39m
[32m-                 style="font-size: 1.25rem; font-weight: 500; line-height: 1.6;"[39m
[32m-               >[39m
[32m-                 Headlamp[39m
[32m-               </h1>[39m
[32m-             </div>[39m
[32m-             <div[39m
[32m-               class="MuiGrid-root MuiGrid-item css-13i4rnv-MuiGrid-root"[39m
[32m-             >[39m
[32m-               <div[39m
[32m-                 class="MuiBox-root css-0"[39m
[32m-               >[39m
[32m-                 <button[39m
[32m-                   aria-label="Close"[39m
[32m-                   class="MuiButtonBase-root MuiIconButton-root MuiIconButton-sizeMedium css-whz9ym-MuiButtonBase-root-MuiIconButton-root"[39m
[32m-                   data-mui-internal-clone-element="true"[39m
[32m-                   tabindex="0"[39m
[32m-                   type="button"[39m
[32m-                 >[39m
[32m-                   <span[39m
[32m-                     class="MuiTouchRipple-root css-8je8zh-MuiTouchRipple-root"[39m
[32m-                   />[39m
[32m-                 </button>[39m
[32m-               </div>[39m
[32m-             </div>[39m
[32m-           </div>[39m
[32m-         </h2>[39m
[2m          <div[22m
[2m            class="MuiDialogContent-root css-ypiqx9-MuiDialogContent-root"[22m
[2m          >[22m
[2m            <dl[22m
[2m              class="MuiGrid-root MuiGrid-container css-kxuems-MuiGrid-root"[22m

 ❯ src/storybook.test.tsx:236:11
    234|           document.body.removeAttribute('style');
    235| 
    236|           await expect(document.body).toMatchFileSnapshot(snapshotPath…
       |           ^
    237|         });
    238|       });

⎯⎯⎯⎯⎯⎯⎯⎯⎯⎯⎯⎯⎯⎯⎯⎯⎯⎯⎯⎯⎯⎯⎯⎯[1/1]⎯


  Snapshots  1 failed
 Test Files  1 failed (1)
      Tests  1 failed | 445 passed (446)
   Start at  11:44:13
   Duration  24.88s (transform 3.71s, setup 105ms, collect 7.39s, tests 16.74s, environment 308ms, prepare 45ms)

